00:00 +0: loading /Users/zackdawood/Documents/Dev/GitHub/bit-switch/test/ui/home_screen_widget_test.dart                                                                                               00:01 +0: loading /Users/zackdawood/Documents/Dev/GitHub/bit-switch/test/ui/home_screen_widget_test.dart                                                                                               00:02 +0: loading /Users/zackdawood/Documents/Dev/GitHub/bit-switch/test/ui/home_screen_widget_test.dart                                                                                               00:03 +0: loading /Users/zackdawood/Documents/Dev/GitHub/bit-switch/test/ui/home_screen_widget_test.dart                                                                                               00:04 +0: loading /Users/zackdawood/Documents/Dev/GitHub/bit-switch/test/ui/home_screen_widget_test.dart                                                                                               00:05 +0: loading /Users/zackdawood/Documents/Dev/GitHub/bit-switch/test/ui/home_screen_widget_test.dart                                                                                               00:05 +0: /Users/zackdawood/Documents/Dev/GitHub/bit-switch/test/ui/home_screen_widget_test.dart: HomeScreen shows Wi-Fi info and debug icon when enabled                                              00:06 +0: /Users/zackdawood/Documents/Dev/GitHub/bit-switch/test/ui/home_screen_widget_test.dart: HomeScreen shows Wi-Fi info and debug icon when enabled                                              00:06 +0: /Users/zackdawood/Documents/Dev/GitHub/bit-switch/test/ui/screens/settings_screen_test.dart: SettingsScreen shows settings options                                                           
[WiFiService] Desktop platform - permission granted by default
00:06 +1: /Users/zackdawood/Documents/Dev/GitHub/bit-switch/test/ui/home_screen_widget_test.dart: HomeScreen shows Wi-Fi info and debug icon when enabled                                              00:06 +2: /Users/zackdawood/Documents/Dev/GitHub/bit-switch/test/ui/home_screen_widget_test.dart: HomeScreen shows Wi-Fi info and debug icon when enabled                                              00:06 +3: /Users/zackdawood/Documents/Dev/GitHub/bit-switch/test/ui/home_screen_widget_test.dart: HomeScreen shows Wi-Fi info and debug icon when enabled                                              00:06 +3: /Users/zackdawood/Documents/Dev/GitHub/bit-switch/test/ui/screens/settings_screen_test.dart: SettingsScreen shows settings options                                                           
[WiFiService] getCurrentSsid called (requestPermission: false)
[WiFiService] Calling NetworkInfo.getWifiName()...
00:06 +4: /Users/zackdawood/Documents/Dev/GitHub/bit-switch/test/ui/home_screen_widget_test.dart: HomeScreen shows Wi-Fi info and debug icon when enabled                                              00:06 +5: /Users/zackdawood/Documents/Dev/GitHub/bit-switch/test/ui/home_screen_widget_test.dart: HomeScreen shows Wi-Fi info and debug icon when enabled                                              00:06 +6: /Users/zackdawood/Documents/Dev/GitHub/bit-switch/test/ui/home_screen_widget_test.dart: HomeScreen shows Wi-Fi info and debug icon when enabled                                              00:06 +7: /Users/zackdawood/Documents/Dev/GitHub/bit-switch/test/ui/home_screen_widget_test.dart: HomeScreen shows Wi-Fi info and debug icon when enabled                                              00:06 +7: /Users/zackdawood/Documents/Dev/GitHub/bit-switch/test/ui/screens/settings_screen_test.dart: SettingsScreen shows settings options                                                           
AutomatedTestWidgetsFlutterBinding - DEBUG MODE
[root]
└View(state: _ViewState#1b989)
 └RawView
  └_RawViewInternal-[_DeprecatedRawViewKey TestFlutterView#a5f84](renderObject: _ReusableRenderView#c9f31)
   └_ViewScope
    └_PipelineOwnerScope
     └_MediaQueryFromView(state: _MediaQueryFromViewState#b44e9)
      └MediaQuery(MediaQueryData(size: Size(800.0, 600.0), devicePixelRatio: 3.0, textScaler: SystemTextScaler (no scaling), platformBrightness: Brightness.light, padding: EdgeInsets.zero, viewPadding: EdgeInsets.zero, viewInsets: EdgeInsets.zero, systemGestureInsets: EdgeInsets.zero, alwaysUse24HourFormat: false, accessibleNavigation: false, highContrast: false, onOffSwitchLabels: false, disableAnimations: false, invertColors: false, boldText: false, navigationMode: traditional, gestureSettings: DeviceGestureSettings(touchSlop: null), displayFeatures: [], supportsShowingSystemContextMenu: false))
       └FocusTraversalGroup(policy: ReadingOrderTraversalPolicy#c3ca7, state: _FocusTraversalGroupState#d729b)
        └Focus(debugLabel: "FocusTraversalGroup", focusNode: _FocusTraversalGroupNode#15fe0(FocusTraversalGroup [IN FOCUS PATH]), state: _FocusState#18a97)
         └_FocusInheritedScope
          └_FocusScopeWithExternalFocusNode(debugLabel: "View Scope", focusNode: FocusScopeNode#fce0f(View Scope [IN FOCUS PATH]), dependencies: [_FocusInheritedScope], state: _FocusScopeState#081d9)
           └_FocusInheritedScope
            └MultiProvider
             └_NestedHook
              └SingleChildBuilder
               └_InheritedProviderScope<SettingsProvider?>(listening to value)
                └_InheritedProviderScope<DeviceProvider?>(listening to value)
                 └MaterialApp(state: _MaterialAppState#9e602)
                  └ScrollConfiguration(behavior: MaterialScrollBehavior)
                   └HeroControllerScope
                    └Focus(dependencies: [_FocusInheritedScope], state: _FocusState#c70ea)
                     └_FocusInheritedScope
                      └Semantics(container: false, properties: SemanticsProperties, renderObject: RenderSemanticsAnnotations#486ea)
                       └WidgetsApp-[GlobalObjectKey _MaterialAppState#9e602](state: _WidgetsAppState#c92b7)
                        └RootRestorationScope(state: _RootRestorationScopeState#cae30)
                         └UnmanagedRestorationScope
                          └RestorationScope(dependencies: [UnmanagedRestorationScope], state: _RestorationScopeState#753ff)
                           └UnmanagedRestorationScope
                            └SharedAppData(state: _SharedAppDataState#b91c0)
                             └_SharedAppModel
                              └NotificationListener<NavigationNotification>
                               └Shortcuts(shortcuts: <Default WidgetsApp Shortcuts>, state: _ShortcutsState#708e5)
                                └Focus(debugLabel: "Shortcuts", dependencies: [_FocusInheritedScope], state: _FocusState#3f204)
                                 └_FocusInheritedScope
                                  └Semantics(container: false, properties: SemanticsProperties, renderObject: RenderSemanticsAnnotations#91331)
                                   └DefaultTextEditingShortcuts
                                    └Shortcuts(shortcuts: <Default Text Editing Shortcuts>, state: _ShortcutsState#adaac)
                                     └Focus(debugLabel: "Shortcuts", dependencies: [_FocusInheritedScope], state: _FocusState#04c69)
                                      └_FocusInheritedScope
                                       └Semantics(container: false, properties: SemanticsProperties, renderObject: RenderSemanticsAnnotations#01a53)
                                        └Actions(dispatcher: null, actions: {DoNothingIntent: DoNothingAction#35eec, DoNothingAndStopPropagationIntent: DoNothingAction#d4383, RequestFocusIntent: RequestFocusAction#46177, NextFocusIntent: NextFocusAction#e6f5e, PreviousFocusIntent: PreviousFocusAction#49b57, DirectionalFocusIntent: DirectionalFocusAction#e463c, ScrollIntent: _OverridableContextAction<ScrollIntent>#02bb3(defaultAction: ScrollAction#1d6df), PrioritizedIntents: PrioritizedAction#2241e, VoidCallbackIntent: VoidCallbackAction#34f68}, state: _ActionsState#d4557)
                                         └_ActionsScope
                                          └FocusTraversalGroup(policy: ReadingOrderTraversalPolicy#e31e4, state: _FocusTraversalGroupState#64067)
                                           └Focus(debugLabel: "FocusTraversalGroup", focusNode: _FocusTraversalGroupNode#7e688(FocusTraversalGroup [IN FOCUS PATH]), dependencies: [_FocusInheritedScope], state: _FocusState#d2ada)
                                            └_FocusInheritedScope
                                             └TapRegionSurface(renderObject: RenderTapRegionSurface#71a4c)
                                              └ShortcutRegistrar(state: _ShortcutRegistrarState#6c3eb)
                                               └_ShortcutRegistrarScope
                                                └Shortcuts(manager: ShortcutManager#26638(shortcuts: {}), shortcuts: {}, state: _ShortcutsState#31a2a)
                                                 └Focus(debugLabel: "Shortcuts", dependencies: [_FocusInheritedScope], state: _FocusState#d080b)
                                                  └_FocusInheritedScope
                                                   └Semantics(container: false, properties: SemanticsProperties, renderObject: RenderSemanticsAnnotations#1639b)
                                                    └ListenableBuilder(listenable: LocalizationsResolver, state: _AnimatedState#abf55)
                                                     └Localizations(locale: en_US, delegates: [DefaultMaterialLocalizations.delegate(en_US), DefaultCupertinoLocalizations.delegate(en_US), DefaultWidgetsLocalizations.delegate(en_US)], state: _LocalizationsState#d3aba)
                                                      └Semantics(container: false, properties: SemanticsProperties, textDirection: ltr, renderObject: RenderSemanticsAnnotations#65d8c)
                                                       └_LocalizationsScope-[GlobalKey#e3136]
                                                        └Directionality(textDirection: ltr)
                                                         └Title(color: Color(alpha: 1.0000, red: 0.1294, green: 0.5882, blue: 0.9529, colorSpace: ColorSpace.sRGB))
                                                          └CheckedModeBanner("DEBUG")
                                                           └Banner(dependencies: [Directionality], state: _BannerState#3d430("DEBUG", textDirection: ltr, location: topEnd, Color(alpha: 0.6275, red: 0.7176, green: 0.1098, blue: 0.1098, colorSpace: ColorSpace.sRGB), text inherit: true, text color: Color(alpha: 1.0000, red: 1.0000, green: 1.0000, blue: 1.0000, colorSpace: ColorSpace.sRGB), text size: 10.2, text weight: 900, text height: 1.0x))
                                                            └CustomPaint(renderObject: RenderCustomPaint#5aea5)
                                                             └ValueListenableBuilder<bool>(state: _ValueListenableBuilderState<bool>#aa040)
                                                              └DefaultTextStyle(debugLabel: fallback style; consider putting your text in a Material, inherit: true, color: Color(alpha: 0.8157, red: 1.0000, green: 0.0000, blue: 0.0000, colorSpace: ColorSpace.sRGB), family: monospace, size: 48.0, weight: 900, decoration: double Color(alpha: 1.0000, red: 1.0000, green: 1.0000, blue: 0.0000, colorSpace: ColorSpace.sRGB) TextDecoration.underline, softWrap: wrapping at box width, overflow: clip)
                                                               └Builder(dependencies: [MediaQuery])
                                                                └AnimatedTheme(duration: 200ms, state: _AnimatedThemeState#1c9c8(ticker inactive, ThemeDataTween(ThemeData#fefa8 → ThemeData#fefa8)))
                                                                 └Theme(ThemeData#fefa8, dependencies: [MediaQuery])
                                                                  └_InheritedTheme
                                                                   └CupertinoTheme(brightness: light, primaryColor: Color(alpha: 1.0000, red: 0.4039, green: 0.3137, blue: 0.6431, colorSpace: ColorSpace.sRGB), scaffoldBackgroundColor: Color(alpha: 1.0000, red: 0.9961, green: 0.9686, blue: 1.0000, colorSpace: ColorSpace.sRGB), actionTextStyle: TextStyle(inherit: false, color: Color(alpha: 1.0000, red: 0.4039, green: 0.3137, blue: 0.6431, colorSpace: ColorSpace.sRGB), family: CupertinoSystemText, size: 17.0, letterSpacing: -0.4, decoration: TextDecoration.none), actionSmallTextStyle: TextStyle(inherit: false, color: Color(alpha: 1.0000, red: 0.4039, green: 0.3137, blue: 0.6431, colorSpace: ColorSpace.sRGB), family: CupertinoSystemText, size: 15.0, letterSpacing: -0.2, decoration: TextDecoration.none), navActionTextStyle: TextStyle(inherit: false, color: Color(alpha: 1.0000, red: 0.4039, green: 0.3137, blue: 0.6431, colorSpace: ColorSpace.sRGB), family: CupertinoSystemText, size: 17.0, letterSpacing: -0.4, decoration: TextDecoration.none))
                                                                    └InheritedCupertinoTheme
                                                                     └IconTheme(color: Color(alpha: 1.0000, red: 0.4039, green: 0.3137, blue: 0.6431, colorSpace: ColorSpace.sRGB))
                                                                      └IconTheme(color: Color(alpha: 0.8667, red: 0.0000, green: 0.0000, blue: 0.0000, colorSpace: ColorSpace.sRGB))
                                                                       └DefaultSelectionStyle
                                                                        └ScaffoldMessenger(dependencies: [MediaQuery], state: ScaffoldMessengerState#a1fe3)
                                                                         └_ScaffoldMessengerScope
                                                                          └DefaultSelectionStyle
                                                                           └FocusScope(debugLabel: "Navigator Scope", AUTOFOCUS, dependencies: [_FocusInheritedScope], state: _FocusScopeState#6eec6)
                                                                            └Semantics(container: false, properties: SemanticsProperties, renderObject: RenderSemanticsAnnotations#911ae)
                                                                             └_FocusInheritedScope
                                                                              └Navigator-[GlobalObjectKey<NavigatorState> _WidgetsAppState#c92b7](dependencies: [HeroControllerScope, InheritedCupertinoTheme, UnmanagedRestorationScope, _InheritedTheme, _LocalizationsScope-[GlobalKey#e3136]], state: NavigatorState#6f864(tickers: tracking 1 ticker))
                                                                               └HeroControllerScope
                                                                                └NotificationListener<NavigationNotification>
                                                                                 └Listener(listeners: [down, up, cancel], behavior: deferToChild, renderObject: RenderPointerListener#6be43)
                                                                                  └AbsorbPointer(absorbing: false, renderObject: RenderAbsorbPointer#929d8)
                                                                                   └FocusTraversalGroup(policy: ReadingOrderTraversalPolicy#e31e4, state: _FocusTraversalGroupState#97524)
                                                                                    └Focus(debugLabel: "FocusTraversalGroup", focusNode: _FocusTraversalGroupNode#1a0a9(FocusTraversalGroup [IN FOCUS PATH]), dependencies: [_FocusInheritedScope], state: _FocusState#b10e8)
                                                                                     └_FocusInheritedScope
                                                                                      └Focus(debugLabel: "Navigator", AUTOFOCUS, focusNode: FocusNode#c13a4(Navigator [IN FOCUS PATH]), dependencies: [_FocusInheritedScope], state: _FocusState#85930)
                                                                                       └_FocusInheritedScope
                                                                                        └UnmanagedRestorationScope
                                                                                         └Overlay-[LabeledGlobalKey<OverlayState>#da2c4](state: OverlayState#7bbe3(entries: [OverlayEntry#2d1b3(opaque: true; maintainState: false), OverlayEntry#88fca(opaque: false; maintainState: true)]))
                                                                                          └_Theater(skipCount: 0, dependencies: [Directionality], renderObject: _RenderTheater#172ea)
                                                                                           ├_OverlayEntryWidget-[LabeledGlobalKey<_OverlayEntryWidgetState>#076d5](state: _OverlayEntryWidgetState#bdba8)
                                                                                           │└TickerMode(state: _TickerModeState#4b570(requested mode: enabled))
                                                                                           │ └_EffectiveTickerMode(effective mode: enabled)
                                                                                           │  └_RenderTheaterMarker
                                                                                           │   └Builder
                                                                                           │    └IgnorePointer(ignoring: false, renderObject: RenderIgnorePointer#5d994)
                                                                                           │     └ModalBarrier
                                                                                           │      └BlockSemantics(blocking: true, renderObject: RenderBlockSemantics#00e02)
                                                                                           │       └ExcludeSemantics(excluding: true, renderObject: RenderExcludeSemantics#6bb1d)
                                                                                           │        └_ModalBarrierGestureDetector
                                                                                           │         └RawGestureDetector(state: RawGestureDetectorState#69b3e(gestures: [any tap], behavior: opaque))
                                                                                           │          └_GestureSemantics(renderObject: RenderSemanticsGestureHandler#c477f)
                                                                                           │           └Listener(listeners: [down, panZoomStart], behavior: opaque, renderObject: RenderPointerListener#0b874)
                                                                                           │            └Semantics(container: false, properties: SemanticsProperties, renderObject: RenderSemanticsAnnotations#0f24e)
                                                                                           │             └MouseRegion(listeners: <none>, cursor: SystemMouseCursor(basic), renderObject: RenderMouseRegion#4e1f0)
                                                                                           │              └ConstrainedBox(BoxConstraints(biggest), renderObject: RenderConstrainedBox#0cd16)
                                                                                           └_OverlayEntryWidget-[LabeledGlobalKey<_OverlayEntryWidgetState>#02559](state: _OverlayEntryWidgetState#15032)
                                                                                            └TickerMode(state: _TickerModeState#8b244(requested mode: enabled))
                                                                                             └_EffectiveTickerMode(effective mode: enabled)
                                                                                              └_RenderTheaterMarker
                                                                                               └Builder
                                                                                                └Semantics(container: false, properties: SemanticsProperties, sortKey: OrdinalSortKey#6b09c(order: 0.0), renderObject: RenderSemanticsAnnotations#a7371)
                                                                                                 └_ModalScope<dynamic>-[LabeledGlobalKey<_ModalScopeState<dynamic>>#fe8f9](state: _ModalScopeState<dynamic>#99722)
                                                                                                  └AnimatedBuilder(listenable: ValueNotifier<String?>#d89f3(null), state: _AnimatedState#0b43c)
                                                                                                   └RestorationScope(dependencies: [UnmanagedRestorationScope], state: _RestorationScopeState#0e803)
                                                                                                    └UnmanagedRestorationScope
                                                                                                     └_ModalScopeStatus(active)
                                                                                                      └Offstage(offstage: false, renderObject: RenderOffstage#826ad)
                                                                                                       └PageStorage
                                                                                                        └Builder
                                                                                                         └Actions(dispatcher: null, actions: {DismissIntent: _DismissModalAction#263e6}, state: _ActionsState#9cedc)
                                                                                                          └_ActionsScope
                                                                                                           └PrimaryScrollController(ScrollController#ac56c(one client, offset 0.0))
                                                                                                            └_FocusScopeWithExternalFocusNode(debugLabel: "_ModalScopeState<dynamic> Focus Scope", focusNode: FocusScopeNode#9ca6b(_ModalScopeState<dynamic> Focus Scope [PRIMARY FOCUS]), dependencies: [_FocusInheritedScope], state: _FocusScopeState#080d8)
                                                                                                             └Semantics(container: false, properties: SemanticsProperties, renderObject: RenderSemanticsAnnotations#b6536)
                                                                                                              └_FocusInheritedScope
                                                                                                               └RepaintBoundary(renderObject: RenderRepaintBoundary#bbf5d)
                                                                                                                └ListenableBuilder(listenable: Listenable.merge([AnimationController#7107f(⏭ 1.000; paused; for MaterialPageRoute<dynamic>(/))➩ProxyAnimation, kAlwaysDismissedAnimation➩ProxyAnimation➩ProxyAnimation]), dependencies: [InheritedCupertinoTheme, _InheritedTheme, _LocalizationsScope-[GlobalKey#e3136]], state: _AnimatedState#8d8f5)
                                                                                                                 └_PageTransitionsThemeTransitions<dynamic>(dependencies: [InheritedCupertinoTheme, _InheritedTheme, _LocalizationsScope-[GlobalKey#e3136]], state: _PageTransitionsThemeTransitionsState<dynamic>#60939)
                                                                                                                  └_PredictiveBackGestureDetector(state: _PredictiveBackGestureDetectorState#1f8e1)
                                                                                                                   └_FadeForwardsPageTransition(dependencies: [_ModalScopeStatus])
                                                                                                                    └DualTransitionBuilder(state: _DualTransitionBuilderState#3d86b)
                                                                                                                     └FadeTransition(opacity: kAlwaysCompleteAnimation➩ProxyAnimation➩CurveTween(curve: Interval(0.0⋯0.75))➩Tween<double>(0.0 → 1.0)➩1.0, renderObject: RenderAnimatedOpacity#50a48)
                                                                                                                      └SlideTransition(listenable: kAlwaysCompleteAnimation➩ProxyAnimation➩CurveTween(curve: ThreePointCubic )➩Tween<Offset>(Offset(0.3, 0.0) → Offset(0.0, 0.0))➩Offset(0.0, 0.0), state: _AnimatedState#ca28a)
                                                                                                                       └FractionalTranslation(renderObject: RenderFractionalTranslation#6f6d3)
                                                                                                                        └IgnorePointer(ignoring: false, renderObject: RenderIgnorePointer#3f8c6)
                                                                                                                         └FadeTransition(opacity: AnimationController#7107f(⏭ 1.000; paused; for MaterialPageRoute<dynamic>(/))➩ProxyAnimation➪ReverseAnimation➩ProxyAnimation➩CurveTween(curve: Interval(0.0⋯0.25))➩Tween<double>(1.0 → 0.0)➩1.0, renderObject: RenderAnimatedOpacity#e6216)
                                                                                                                          └SlideTransition(listenable: AnimationController#7107f(⏭ 1.000; paused; for MaterialPageRoute<dynamic>(/))➩ProxyAnimation➪ReverseAnimation➩ProxyAnimation➩CurveTween(curve: ThreePointCubic )➩Tween<Offset>(Offset(0.0, 0.0) → Offset(0.3, 0.0))➩Offset(0.0, 0.0), state: _AnimatedState#1e675)
                                                                                                                           └FractionalTranslation(renderObject: RenderFractionalTranslation#ab282)
                                                                                                                            └ColoredBox(color: Color(alpha: 0.0000, red: 0.0000, green: 0.0000, blue: 0.0000, colorSpace: ColorSpace.sRGB), renderObject: _RenderColoredBox#22b54)
                                                                                                                             └DualTransitionBuilder(state: _DualTransitionBuilderState#e9300)
                                                                                                                              └FadeTransition(opacity: kAlwaysCompleteAnimation➩ProxyAnimation➩CurveTween(curve: Interval(0.0⋯0.75))➩Tween<double>(0.0 → 1.0)➩1.0, renderObject: RenderAnimatedOpacity#13d93)
                                                                                                                               └SlideTransition(listenable: kAlwaysCompleteAnimation➩ProxyAnimation➩CurveTween(curve: ThreePointCubic )➩Tween<Offset>(Offset(-0.3, 0.0) → Offset(0.0, 0.0))➩Offset(0.0, 0.0), state: _AnimatedState#65712)
                                                                                                                                └FractionalTranslation(renderObject: RenderFractionalTranslation#5d7da)
                                                                                                                                 └FadeTransition(opacity: kAlwaysDismissedAnimation➩ProxyAnimation➩ProxyAnimation➪ReverseAnimation➪ReverseAnimation➩ProxyAnimation➩CurveTween(curve: Interval(0.0⋯0.25))➩Tween<double>(1.0 → 0.0)➩1.0, renderObject: RenderAnimatedOpacity#1bdde)
                                                                                                                                  └SlideTransition(listenable: kAlwaysDismissedAnimation➩ProxyAnimation➩ProxyAnimation➪ReverseAnimation➪ReverseAnimation➩ProxyAnimation➩CurveTween(curve: ThreePointCubic )➩Tween<Offset>(Offset(0.0, 0.0) → Offset(-0.3, 0.0))➩Offset(0.0, 0.0), state: _AnimatedState#54f1f)
                                                                                                                                   └FractionalTranslation(renderObject: RenderFractionalTranslation#aee32)
                                                                                                                                    └ListenableBuilder(listenable: ValueNotifier<bool>#ea004(false), state: _AnimatedState#4d418)
                                                                                                                                     └IgnorePointer(ignoring: false, renderObject: RenderIgnorePointer#753d3)
                                                                                                                                      └RepaintBoundary-[GlobalKey#6024c](renderObject: RenderRepaintBoundary#a2094)
                                                                                                                                       └Builder
                                                                                                                                        └Semantics(container: false, properties: SemanticsProperties, renderObject: RenderSemanticsAnnotations#7ab4e)
                                                                                                                                         └SettingsScreen(state: _SettingsScreenState#472ee)
                                                                                                                                          └Scaffold(dependencies: [Directionality, InheritedCupertinoTheme, MediaQuery, UnmanagedRestorationScope, _InheritedTheme, _LocalizationsScope-[GlobalKey#e3136], _ScaffoldMessengerScope], state: ScaffoldState#4ce5e(tickers: tracking 3 tickers))
                                                                                                                                           └_ScaffoldScope
                                                                                                                                            └ScrollNotificationObserver(state: ScrollNotificationObserverState#7c651)
                                                                                                                                             └NotificationListener<ScrollMetricsNotification>
                                                                                                                                              └NotificationListener<ScrollNotification>
                                                                                                                                               └_ScrollNotificationObserverScope
                                                                                                                                                └Material(type: canvas, color: Color(alpha: 1.0000, red: 0.9961, green: 0.9686, blue: 1.0000, colorSpace: ColorSpace.sRGB), dependencies: [InheritedCupertinoTheme, _InheritedTheme, _LocalizationsScope-[GlobalKey#e3136]], state: _MaterialState#67ef9)
                                                                                                                                                 └AnimatedPhysicalModel(duration: 200ms, shape: rectangle, borderRadius: null, elevation: 0.0, color: Color(alpha: 1.0000, red: 0.9961, green: 0.9686, blue: 1.0000, colorSpace: ColorSpace.sRGB), animateColor: false, shadowColor: Color(alpha: 1.0000, red: 0.0000, green: 0.0000, blue: 0.0000, colorSpace: ColorSpace.sRGB), animateShadowColor: true, state: _AnimatedPhysicalModelState#bfee8(ticker inactive))
                                                                                                                                                  └PhysicalModel(shape: rectangle, borderRadius: BorderRadius.zero, elevation: 0.0, color: Color(alpha: 1.0000, red: 0.9961, green: 0.9686, blue: 1.0000, colorSpace: ColorSpace.sRGB), shadowColor: Color(alpha: 1.0000, red: 0.0000, green: 0.0000, blue: 0.0000, colorSpace: ColorSpace.sRGB), renderObject: RenderPhysicalModel#4c91b)
                                                                                                                                                   └NotificationListener<LayoutChangedNotification>
                                                                                                                                                    └_InkFeatures-[GlobalKey#ddc93 ink renderer](renderObject: _RenderInkFeatures#ca12a)
                                                                                                                                                     └AnimatedDefaultTextStyle(duration: 200ms, debugLabel: (englishLike bodyMedium 2021).merge((blackMountainView bodyMedium).apply), inherit: false, color: Color(alpha: 1.0000, red: 0.1137, green: 0.1059, blue: 0.1255, colorSpace: ColorSpace.sRGB), family: Roboto, size: 14.0, weight: 400, letterSpacing: 0.3, baseline: alphabetic, height: 1.4x, leadingDistribution: even, decoration: Color(alpha: 1.0000, red: 0.1137, green: 0.1059, blue: 0.1255, colorSpace: ColorSpace.sRGB) TextDecoration.none, softWrap: wrapping at box width, overflow: clip, state: _AnimatedDefaultTextStyleState#ea8d0(ticker inactive))
                                                                                                                                                      └DefaultTextStyle(debugLabel: (englishLike bodyMedium 2021).merge((blackMountainView bodyMedium).apply), inherit: false, color: Color(alpha: 1.0000, red: 0.1137, green: 0.1059, blue: 0.1255, colorSpace: ColorSpace.sRGB), family: Roboto, size: 14.0, weight: 400, letterSpacing: 0.3, baseline: alphabetic, height: 1.4x, leadingDistribution: even, decoration: Color(alpha: 1.0000, red: 0.1137, green: 0.1059, blue: 0.1255, colorSpace: ColorSpace.sRGB) TextDecoration.none, softWrap: wrapping at box width, overflow: clip)
                                                                                                                                                       └AnimatedBuilder(listenable: AnimationController#17cd3(⏭ 1.000; paused), state: _AnimatedState#cedf3)
                                                                                                                                                        └Actions(dispatcher: null, actions: {DismissIntent: _DismissDrawerAction#29b88}, state: _ActionsState#599ea)
                                                                                                                                                         └_ActionsScope
                                                                                                                                                          └CustomMultiChildLayout(renderObject: RenderCustomMultiChildLayoutBox#a402b)
                                                                                                                                                           ├LayoutId-[<_ScaffoldSlot.body>](id: _ScaffoldSlot.body)
                                                                                                                                                           │└MediaQuery(MediaQueryData(size: Size(800.0, 600.0), devicePixelRatio: 3.0, textScaler: SystemTextScaler (no scaling), platformBrightness: Brightness.light, padding: EdgeInsets.zero, viewPadding: EdgeInsets.zero, viewInsets: EdgeInsets.zero, systemGestureInsets: EdgeInsets.zero, alwaysUse24HourFormat: false, accessibleNavigation: false, highContrast: false, onOffSwitchLabels: false, disableAnimations: false, invertColors: false, boldText: false, navigationMode: traditional, gestureSettings: DeviceGestureSettings(touchSlop: null), displayFeatures: [], supportsShowingSystemContextMenu: false))
                                                                                                                                                           │ └_BodyBuilder
                                                                                                                                                           │  └KeyedSubtree-[GlobalKey#bb285]
                                                                                                                                                           │   └Consumer2<SettingsProvider, DeviceProvider>(dependencies: [InheritedCupertinoTheme, _InheritedProviderScope<DeviceProvider?>, _InheritedProviderScope<SettingsProvider?>, _InheritedTheme, _LocalizationsScope-[GlobalKey#e3136]])
                                                                                                                                                           │    └ListView(scrollDirection: vertical, AlwaysScrollableScrollPhysics, dependencies: [InheritedCupertinoTheme, MediaQuery, PrimaryScrollController, ScrollConfiguration, _InheritedTheme, _LocalizationsScope-[GlobalKey#e3136]])
                                                                                                                                                           │     └PrimaryScrollController(no controller)
                                                                                                                                                           │      └Scrollable(axisDirection: down, physics: AlwaysScrollableScrollPhysics, restorationId: null, dependencies: [InheritedCupertinoTheme, MediaQuery, ScrollConfiguration, UnmanagedRestorationScope, _InheritedTheme, _LocalizationsScope-[GlobalKey#e3136]], state: ScrollableState#2e430(position: ScrollPositionWithSingleContext#f20eb(offset: 0.0, range: 0.0..88.0, viewport: 544.0, ScrollableState, AlwaysScrollableScrollPhysics -> ClampingScrollPhysics -> RangeMaintainingScrollPhysics, IdleScrollActivity#3905a, ScrollDirection.idle), effective physics: AlwaysScrollableScrollPhysics -> ClampingScrollPhysics -> RangeMaintainingScrollPhysics))
                                                                                                                                                           │       └StretchingOverscrollIndicator(axisDirection: down, state: _StretchingOverscrollIndicatorState#17e24(tickers: tracking 1 ticker))
                                                                                                                                                           │        └NotificationListener<ScrollNotification>
                                                                                                                                                           │         └AnimatedBuilder(listenable: _StretchController(), dependencies: [MediaQuery], state: _AnimatedState#c1899)
                                                                                                                                                           │          └ClipRect(renderObject: RenderClipRect#74aa4 relayoutBoundary=up1)
                                                                                                                                                           │           └StretchEffect(dependencies: [Directionality])
                                                                                                                                                           │            └Transform(dependencies: [Directionality], renderObject: RenderTransform#db63e relayoutBoundary=up2)
                                                                                                                                                           │             └NotificationListener<ScrollMetricsNotification>
                                                                                                                                                           │              └_ScrollSemantics-[GlobalKey#f9571](renderObject: _RenderScrollSemantics#8999a relayoutBoundary=up3)
                                                                                                                                                           │               └_ScrollableScope
                                                                                                                                                           │                └Listener(listeners: [signal], behavior: deferToChild, renderObject: RenderPointerListener#0ebcf relayoutBoundary=up4)
                                                                                                                                                           │                 └RawGestureDetector-[LabeledGlobalKey<RawGestureDetectorState>#3610d](state: RawGestureDetectorState#644cb(gestures: [vertical drag], behavior: opaque))
                                                                                                                                                           │                  └_GestureSemantics(renderObject: RenderSemanticsGestureHandler#abd61 relayoutBoundary=up5)
                                                                                                                                                           │                   └Listener(listeners: [down, panZoomStart], behavior: opaque, renderObject: RenderPointerListener#b8087 relayoutBoundary=up6)
                                                                                                                                                           │                    └Semantics(container: false, properties: SemanticsProperties, renderObject: RenderSemanticsAnnotations#26066 relayoutBoundary=up7)
                                                                                                                                                           │                     └IgnorePointer-[GlobalKey#f5787](ignoring: false, renderObject: RenderIgnorePointer#2bfad relayoutBoundary=up8)
                                                                                                                                                           │                      └Viewport(axisDirection: down, anchor: 0.0, offset: ScrollPositionWithSingleContext#f20eb(offset: 0.0, range: 0.0..88.0, viewport: 544.0, ScrollableState, AlwaysScrollableScrollPhysics -> ClampingScrollPhysics -> RangeMaintainingScrollPhysics, IdleScrollActivity#3905a, ScrollDirection.idle), cacheExtent: null, cacheExtentStyle: CacheExtentStyle.pixel, dependencies: [Directionality], renderObject: RenderViewport#92e23)
                                                                                                                                                           │                       └SliverPadding(padding: EdgeInsets.zero, dependencies: [Directionality], renderObject: RenderSliverPadding#3f5be relayoutBoundary=up1)
                                                                                                                                                           │                        └MediaQuery(MediaQueryData(size: Size(800.0, 600.0), devicePixelRatio: 3.0, textScaler: SystemTextScaler (no scaling), platformBrightness: Brightness.light, padding: EdgeInsets.zero, viewPadding: EdgeInsets.zero, viewInsets: EdgeInsets.zero, systemGestureInsets: EdgeInsets.zero, alwaysUse24HourFormat: false, accessibleNavigation: false, highContrast: false, onOffSwitchLabels: false, disableAnimations: false, invertColors: false, boldText: false, navigationMode: traditional, gestureSettings: DeviceGestureSettings(touchSlop: null), displayFeatures: [], supportsShowingSystemContextMenu: false))
                                                                                                                                                           │                         └SliverList(delegate: SliverChildListDelegate#f0b1e(estimated child count: 12), renderObject: RenderSliverList#092ef relayoutBoundary=up2)
                                                                                                                                                           │                          ├KeyedSubtree
                                                                                                                                                           │                          │└AutomaticKeepAlive(state: _AutomaticKeepAliveState#719de(handles: no notifications ever received))
                                                                                                                                                           │                          │ └KeepAlive(keepAlive: false)
                                                                                                                                                           │                          │  └NotificationListener<KeepAliveNotification>
                                                                                                                                                           │                          │   └_SelectionKeepAlive(state: _SelectionKeepAliveState#a5f52)
                                                                                                                                                           │                          │    └IndexedSemantics(index: 0, renderObject: RenderIndexedSemantics#ee890 relayoutBoundary=up3)
                                                                                                                                                           │                          │     └RepaintBoundary(renderObject: RenderRepaintBoundary#b100c relayoutBoundary=up4)
                                                                                                                                                           │                          │      └Padding(padding: EdgeInsets(16.0, 16.0, 16.0, 8.0), dependencies: [Directionality], renderObject: RenderPadding#e28ac relayoutBoundary=up5)
                                                                                                                                                           │                          │       └Text("DISCOVERY", debugLabel: ((englishLike labelSmall 2021).merge((blackMountainView labelSmall).apply)).copyWith, inherit: false, color: Color(alpha: 1.0000, red: 0.4039, green: 0.3137, blue: 0.6431, colorSpace: ColorSpace.sRGB), family: Roboto, size: 11.0, weight: 700, letterSpacing: 1.2, baseline: alphabetic, height: 1.4x, leadingDistribution: even, decoration: Color(alpha: 1.0000, red: 0.1137, green: 0.1059, blue: 0.1255, colorSpace: ColorSpace.sRGB) TextDecoration.none, dependencies: [DefaultSelectionStyle, DefaultTextStyle, MediaQuery])
                                                                                                                                                           │                          │        └RichText(softWrap: wrapping at box width, maxLines: unlimited, text: "DISCOVERY", dependencies: [Directionality, _LocalizationsScope-[GlobalKey#e3136]], renderObject: RenderParagraph#b0c46 relayoutBoundary=up6)
                                                                                                                                                           │                          ├KeyedSubtree
                                                                                                                                                           │                          │└AutomaticKeepAlive(state: _AutomaticKeepAliveState#ed17f(handles: no notifications ever received))
                                                                                                                                                           │                          │ └KeepAlive(keepAlive: false)
                                                                                                                                                           │                          │  └NotificationListener<KeepAliveNotification>
                                                                                                                                                           │                          │   └_SelectionKeepAlive(state: _SelectionKeepAliveState#29921)
                                                                                                                                                           │                          │    └IndexedSemantics(index: 1, renderObject: RenderIndexedSemantics#feebe relayoutBoundary=up3)
                                                                                                                                                           │                          │     └RepaintBoundary(renderObject: RenderRepaintBoundary#bcde2 relayoutBoundary=up4)
                                                                                                                                                           │                          │      └ListTile(onTap: Closure: () => void, dependencies: [Directionality, InheritedCupertinoTheme, _InheritedTheme, _LocalizationsScope-[GlobalKey#e3136]])
                                                                                                                                                           │                          │       └InkWell
                                                                                                                                                           │                          │        └_InkResponseStateWidget(gestures: [tap], mouseCursor: SystemMouseCursor(click), clipped to BoxShape.rectangle, dependencies: [InheritedCupertinoTheme, MediaQuery, _InheritedTheme, _LocalizationsScope-[GlobalKey#e3136]], state: _InkResponseState#94f87)
                                                                                                                                                           │                          │         └_ParentInkResponseProvider
                                                                                                                                                           │                          │          └Actions(dispatcher: null, actions: {ActivateIntent: CallbackAction<ActivateIntent>#8f065, ButtonActivateIntent: CallbackAction<ButtonActivateIntent>#03bfa}, state: _ActionsState#95541)
                                                                                                                                                           │                          │           └_ActionsScope
                                                                                                                                                           │                          │            └Focus(dependencies: [_FocusInheritedScope], state: _FocusState#d577d)
                                                                                                                                                           │                          │             └_FocusInheritedScope
                                                                                                                                                           │                          │              └Semantics(container: false, properties: SemanticsProperties, renderObject: RenderSemanticsAnnotations#ad799 relayoutBoundary=up5)
                                                                                                                                                           │                          │               └MouseRegion(listeners: [enter, exit], cursor: SystemMouseCursor(click), renderObject: RenderMouseRegion#8468f relayoutBoundary=up6)
                                                                                                                                                           │                          │                └Builder(dependencies: [DefaultSelectionStyle])
                                                                                                                                                           │                          │                 └DefaultSelectionStyle
                                                                                                                                                           │                          │                  └Semantics(container: false, properties: SemanticsProperties, renderObject: RenderSemanticsAnnotations#440ac relayoutBoundary=up7)
                                                                                                                                                           │                          │                   └GestureDetector(startBehavior: start, dependencies: [MediaQuery, ScrollConfiguration])
                                                                                                                                                           │                          │                    └RawGestureDetector(state: RawGestureDetectorState#b2a4a(gestures: [tap], excludeFromSemantics: true, behavior: opaque))
                                                                                                                                                           │                          │                     └Listener(listeners: [down, panZoomStart], behavior: opaque, renderObject: RenderPointerListener#838df relayoutBoundary=up8)
                                                                                                                                                           │                          │                      └Semantics(container: false, properties: SemanticsProperties, selected: false, renderObject: RenderSemanticsAnnotations#78306 relayoutBoundary=up9)
                                                                                                                                                           │                          │                       └Ink(bg: ShapeDecoration(color: Color(alpha: 0.0000, red: 0.0000, green: 0.0000, blue: 0.0000, colorSpace: ColorSpace.sRGB), shape: Border.all(BorderSide(width: 0.0, style: none))), state: _InkState#dde6e)
                                                                                                                                                           │                          │                        └Padding-[GlobalKey#a9f7a](padding: EdgeInsets.zero, dependencies: [Directionality], renderObject: RenderPadding#4620d relayoutBoundary=up10)
                                                                                                                                                           │                          │                         └Builder(dependencies: [Directionality, MediaQuery, _LocalizationsScope-[GlobalKey#e3136]])
                                                                                                                                                           │                          │                          └SafeArea(avoid left padding, avoid right padding, dependencies: [MediaQuery])
                                                                                                                                                           │                          │                           └Padding(padding: EdgeInsets(16.0, 0.0, 24.0, 0.0), dependencies: [Directionality], renderObject: RenderPadding#8f6a9 relayoutBoundary=up11)
                                                                                                                                                           │                          │                            └MediaQuery(MediaQueryData(size: Size(800.0, 600.0), devicePixelRatio: 3.0, textScaler: SystemTextScaler (no scaling), platformBrightness: Brightness.light, padding: EdgeInsets.zero, viewPadding: EdgeInsets.zero, viewInsets: EdgeInsets.zero, systemGestureInsets: EdgeInsets.zero, alwaysUse24HourFormat: false, accessibleNavigation: false, highContrast: false, onOffSwitchLabels: false, disableAnimations: false, invertColors: false, boldText: false, navigationMode: traditional, gestureSettings: DeviceGestureSettings(touchSlop: null), displayFeatures: [], supportsShowingSystemContextMenu: false))
                                                                                                                                                           │                          │                             └Builder(dependencies: [IconTheme])
                                                                                                                                                           │                          │                              └IconTheme(color: Color(alpha: 1.0000, red: 0.2863, green: 0.2706, blue: 0.3098, colorSpace: ColorSpace.sRGB))
                                                                                                                                                           │                          │                               └IconButtonTheme
                                                                                                                                                           │                          │                                └_ListTile(renderObject: _RenderListTile#cbbbd relayoutBoundary=up12)
                                                                                                                                                           │                          │                                 ├AnimatedDefaultTextStyle(duration: 200ms, debugLabel: (((englishLike labelSmall 2021).merge((blackMountainView labelSmall).apply)).copyWith).copyWith, inherit: false, color: Color(alpha: 1.0000, red: 0.2863, green: 0.2706, blue: 0.3098, colorSpace: ColorSpace.sRGB), family: Roboto, size: 11.0, weight: 500, letterSpacing: 0.5, baseline: alphabetic, height: 1.4x, leadingDistribution: even, decoration: Color(alpha: 1.0000, red: 0.1137, green: 0.1059, blue: 0.1255, colorSpace: ColorSpace.sRGB) TextDecoration.none, softWrap: wrapping at box width, overflow: clip, state: _AnimatedDefaultTextStyleState#b2d24(ticker inactive))
                                                                                                                                                           │                          │                                 │└DefaultTextStyle(debugLabel: (((englishLike labelSmall 2021).merge((blackMountainView labelSmall).apply)).copyWith).copyWith, inherit: false, color: Color(alpha: 1.0000, red: 0.2863, green: 0.2706, blue: 0.3098, colorSpace: ColorSpace.sRGB), family: Roboto, size: 11.0, weight: 500, letterSpacing: 0.5, baseline: alphabetic, height: 1.4x, leadingDistribution: even, decoration: Color(alpha: 1.0000, red: 0.1137, green: 0.1059, blue: 0.1255, colorSpace: ColorSpace.sRGB) TextDecoration.none, softWrap: wrapping at box width, overflow: clip)
                                                                                                                                                           │                          │                                 │ └Icon(IconData(U+0F44A), dependencies: [Directionality, IconTheme])
                                                                                                                                                           │                          │                                 │  └Semantics(container: false, properties: SemanticsProperties, renderObject: RenderSemanticsAnnotations#df9d1 relayoutBoundary=up13)
                                                                                                                                                           │                          │                                 │   └ExcludeSemantics(excluding: true, renderObject: RenderExcludeSemantics#350e4 relayoutBoundary=up14)
                                                                                                                                                           │                          │                                 │    └SizedBox(width: 24.0, height: 24.0, renderObject: RenderConstrainedBox#dc580 relayoutBoundary=up15)
                                                                                                                                                           │                          │                                 │     └Center(alignment: Alignment.center, dependencies: [Directionality], renderObject: RenderPositionedBox#a2632)
                                                                                                                                                           │                          │                                 │      └RichText(textDirection: ltr, softWrap: wrapping at box width, overflow: visible, maxLines: unlimited, text: "", dependencies: [_LocalizationsScope-[GlobalKey#e3136]], renderObject: RenderParagraph#d871c relayoutBoundary=up1)
                                                                                                                                                           │                          │                                 ├AnimatedDefaultTextStyle(duration: 200ms, debugLabel: (((englishLike bodyLarge 2021).merge((blackMountainView bodyLarge).apply)).copyWith).copyWith, inherit: false, color: Color(alpha: 1.0000, red: 0.1137, green: 0.1059, blue: 0.1255, colorSpace: ColorSpace.sRGB), family: Roboto, size: 16.0, weight: 400, letterSpacing: 0.5, baseline: alphabetic, height: 1.5x, leadingDistribution: even, decoration: Color(alpha: 1.0000, red: 0.1137, green: 0.1059, blue: 0.1255, colorSpace: ColorSpace.sRGB) TextDecoration.none, softWrap: wrapping at box width, overflow: clip, state: _AnimatedDefaultTextStyleState#31bbf(ticker inactive))
                                                                                                                                                           │                          │                                 │└DefaultTextStyle(debugLabel: (((englishLike bodyLarge 2021).merge((blackMountainView bodyLarge).apply)).copyWith).copyWith, inherit: false, color: Color(alpha: 1.0000, red: 0.1137, green: 0.1059, blue: 0.1255, colorSpace: ColorSpace.sRGB), family: Roboto, size: 16.0, weight: 400, letterSpacing: 0.5, baseline: alphabetic, height: 1.5x, leadingDistribution: even, decoration: Color(alpha: 1.0000, red: 0.1137, green: 0.1059, blue: 0.1255, colorSpace: ColorSpace.sRGB) TextDecoration.none, softWrap: wrapping at box width, overflow: clip)
                                                                                                                                                           │                          │                                 │ └Text("Discovery Timeout", dependencies: [DefaultSelectionStyle, DefaultTextStyle, MediaQuery])
                                                                                                                                                           │                          │                                 │  └RichText(softWrap: wrapping at box width, maxLines: unlimited, text: "Discovery Timeout", dependencies: [Directionality, _LocalizationsScope-[GlobalKey#e3136]], renderObject: RenderParagraph#016c1 relayoutBoundary=up13)
                                                                                                                                                           │                          │                                 ├AnimatedDefaultTextStyle(duration: 200ms, debugLabel: (((englishLike bodyMedium 2021).merge((blackMountainView bodyMedium).apply)).copyWith).copyWith, inherit: false, color: Color(alpha: 1.0000, red: 0.2863, green: 0.2706, blue: 0.3098, colorSpace: ColorSpace.sRGB), family: Roboto, size: 14.0, weight: 400, letterSpacing: 0.3, baseline: alphabetic, height: 1.4x, leadingDistribution: even, decoration: Color(alpha: 1.0000, red: 0.1137, green: 0.1059, blue: 0.1255, colorSpace: ColorSpace.sRGB) TextDecoration.none, softWrap: wrapping at box width, overflow: clip, state: _AnimatedDefaultTextStyleState#879d7(ticker inactive))
                                                                                                                                                           │                          │                                 │└DefaultTextStyle(debugLabel: (((englishLike bodyMedium 2021).merge((blackMountainView bodyMedium).apply)).copyWith).copyWith, inherit: false, color: Color(alpha: 1.0000, red: 0.2863, green: 0.2706, blue: 0.3098, colorSpace: ColorSpace.sRGB), family: Roboto, size: 14.0, weight: 400, letterSpacing: 0.3, baseline: alphabetic, height: 1.4x, leadingDistribution: even, decoration: Color(alpha: 1.0000, red: 0.1137, green: 0.1059, blue: 0.1255, colorSpace: ColorSpace.sRGB) TextDecoration.none, softWrap: wrapping at box width, overflow: clip)
                                                                                                                                                           │                          │                                 │ └Text("15 seconds", dependencies: [DefaultSelectionStyle, DefaultTextStyle, MediaQuery])
                                                                                                                                                           │                          │                                 │  └RichText(softWrap: wrapping at box width, maxLines: unlimited, text: "15 seconds", dependencies: [Directionality, _LocalizationsScope-[GlobalKey#e3136]], renderObject: RenderParagraph#bef9c relayoutBoundary=up13)
                                                                                                                                                           │                          │                                 └AnimatedDefaultTextStyle(duration: 200ms, debugLabel: (((englishLike labelSmall 2021).merge((blackMountainView labelSmall).apply)).copyWith).copyWith, inherit: false, color: Color(alpha: 1.0000, red: 0.2863, green: 0.2706, blue: 0.3098, colorSpace: ColorSpace.sRGB), family: Roboto, size: 11.0, weight: 500, letterSpacing: 0.5, baseline: alphabetic, height: 1.4x, leadingDistribution: even, decoration: Color(alpha: 1.0000, red: 0.1137, green: 0.1059, blue: 0.1255, colorSpace: ColorSpace.sRGB) TextDecoration.none, softWrap: wrapping at box width, overflow: clip, state: _AnimatedDefaultTextStyleState#ec5c4(ticker inactive))
                                                                                                                                                           │                          │                                  └DefaultTextStyle(debugLabel: (((englishLike labelSmall 2021).merge((blackMountainView labelSmall).apply)).copyWith).copyWith, inherit: false, color: Color(alpha: 1.0000, red: 0.2863, green: 0.2706, blue: 0.3098, colorSpace: ColorSpace.sRGB), family: Roboto, size: 11.0, weight: 500, letterSpacing: 0.5, baseline: alphabetic, height: 1.4x, leadingDistribution: even, decoration: Color(alpha: 1.0000, red: 0.1137, green: 0.1059, blue: 0.1255, colorSpace: ColorSpace.sRGB) TextDecoration.none, softWrap: wrapping at box width, overflow: clip)
                                                                                                                                                           │                          │                                   └Icon(IconData(U+0E15F), dependencies: [Directionality, IconTheme])
                                                                                                                                                           │                          │                                    └Semantics(container: false, properties: SemanticsProperties, renderObject: RenderSemanticsAnnotations#acaa8 relayoutBoundary=up13)
                                                                                                                                                           │                          │                                     └ExcludeSemantics(excluding: true, renderObject: RenderExcludeSemantics#bf040 relayoutBoundary=up14)
                                                                                                                                                           │                          │                                      └SizedBox(width: 24.0, height: 24.0, renderObject: RenderConstrainedBox#74c40 relayoutBoundary=up15)
                                                                                                                                                           │                          │                                       └Center(alignment: Alignment.center, dependencies: [Directionality], renderObject: RenderPositionedBox#e42a8)
                                                                                                                                                           │                          │                                        └RichText(textDirection: ltr, softWrap: wrapping at box width, overflow: visible, maxLines: unlimited, text: "", dependencies: [_LocalizationsScope-[GlobalKey#e3136]], renderObject: RenderParagraph#06997 relayoutBoundary=up1)
                                                                                                                                                           │                          ├KeyedSubtree
                                                                                                                                                           │                          │└AutomaticKeepAlive(state: _AutomaticKeepAliveState#997ce(handles: no notifications ever received))
                                                                                                                                                           │                          │ └KeepAlive(keepAlive: false)
                                                                                                                                                           │                          │  └NotificationListener<KeepAliveNotification>
                                                                                                                                                           │                          │   └_SelectionKeepAlive(state: _SelectionKeepAliveState#82ef4)
                                                                                                                                                           │                          │    └IndexedSemantics(index: 2, renderObject: RenderIndexedSemantics#b19e5 relayoutBoundary=up3)
                                                                                                                                                           │                          │     └RepaintBoundary(renderObject: RenderRepaintBoundary#50005 relayoutBoundary=up4)
                                                                                                                                                           │                          │      └ListTile(onTap: Closure: () => void, dependencies: [Directionality, InheritedCupertinoTheme, _InheritedTheme, _LocalizationsScope-[GlobalKey#e3136]])
                                                                                                                                                           │                          │       └InkWell
                                                                                                                                                           │                          │        └_InkResponseStateWidget(gestures: [tap], mouseCursor: SystemMouseCursor(click), clipped to BoxShape.rectangle, dependencies: [InheritedCupertinoTheme, MediaQuery, _InheritedTheme, _LocalizationsScope-[GlobalKey#e3136]], state: _InkResponseState#4f4a7)
                                                                                                                                                           │                          │         └_ParentInkResponseProvider
                                                                                                                                                           │                          │          └Actions(dispatcher: null, actions: {ActivateIntent: CallbackAction<ActivateIntent>#cd4b0, ButtonActivateIntent: CallbackAction<ButtonActivateIntent>#0158f}, state: _ActionsState#f49c4)
                                                                                                                                                           │                          │           └_ActionsScope
                                                                                                                                                           │                          │            └Focus(dependencies: [_FocusInheritedScope], state: _FocusState#cbac2)
                                                                                                                                                           │                          │             └_FocusInheritedScope
                                                                                                                                                           │                          │              └Semantics(container: false, properties: SemanticsProperties, renderObject: RenderSemanticsAnnotations#923f7 relayoutBoundary=up5)
                                                                                                                                                           │                          │               └MouseRegion(listeners: [enter, exit], cursor: SystemMouseCursor(click), renderObject: RenderMouseRegion#c8f07 relayoutBoundary=up6)
                                                                                                                                                           │                          │                └Builder(dependencies: [DefaultSelectionStyle])
                                                                                                                                                           │                          │                 └DefaultSelectionStyle
                                                                                                                                                           │                          │                  └Semantics(container: false, properties: SemanticsProperties, renderObject: RenderSemanticsAnnotations#03d36 relayoutBoundary=up7)
                                                                                                                                                           │                          │                   └GestureDetector(startBehavior: start, dependencies: [MediaQuery, ScrollConfiguration])
                                                                                                                                                           │                          │                    └RawGestureDetector(state: RawGestureDetectorState#da215(gestures: [tap], excludeFromSemantics: true, behavior: opaque))
                                                                                                                                                           │                          │                     └Listener(listeners: [down, panZoomStart], behavior: opaque, renderObject: RenderPointerListener#b6940 relayoutBoundary=up8)
                                                                                                                                                           │                          │                      └Semantics(container: false, properties: SemanticsProperties, selected: false, renderObject: RenderSemanticsAnnotations#0e3e7 relayoutBoundary=up9)
                                                                                                                                                           │                          │                       └Ink(bg: ShapeDecoration(color: Color(alpha: 0.0000, red: 0.0000, green: 0.0000, blue: 0.0000, colorSpace: ColorSpace.sRGB), shape: Border.all(BorderSide(width: 0.0, style: none))), state: _InkState#d54bb)
                                                                                                                                                           │                          │                        └Padding-[GlobalKey#dcf26](padding: EdgeInsets.zero, dependencies: [Directionality], renderObject: RenderPadding#a31cb relayoutBoundary=up10)
                                                                                                                                                           │                          │                         └Builder(dependencies: [Directionality, MediaQuery, _LocalizationsScope-[GlobalKey#e3136]])
                                                                                                                                                           │                          │                          └SafeArea(avoid left padding, avoid right padding, dependencies: [MediaQuery])
                                                                                                                                                           │                          │                           └Padding(padding: EdgeInsets(16.0, 0.0, 24.0, 0.0), dependencies: [Directionality], renderObject: RenderPadding#6025c relayoutBoundary=up11)
                                                                                                                                                           │                          │                            └MediaQuery(MediaQueryData(size: Size(800.0, 600.0), devicePixelRatio: 3.0, textScaler: SystemTextScaler (no scaling), platformBrightness: Brightness.light, padding: EdgeInsets.zero, viewPadding: EdgeInsets.zero, viewInsets: EdgeInsets.zero, systemGestureInsets: EdgeInsets.zero, alwaysUse24HourFormat: false, accessibleNavigation: false, highContrast: false, onOffSwitchLabels: false, disableAnimations: false, invertColors: false, boldText: false, navigationMode: traditional, gestureSettings: DeviceGestureSettings(touchSlop: null), displayFeatures: [], supportsShowingSystemContextMenu: false))
                                                                                                                                                           │                          │                             └Builder(dependencies: [IconTheme])
                                                                                                                                                           │                          │                              └IconTheme(color: Color(alpha: 1.0000, red: 0.2863, green: 0.2706, blue: 0.3098, colorSpace: ColorSpace.sRGB))
                                                                                                                                                           │                          │                               └IconButtonTheme
                                                                                                                                                           │                          │                                └_ListTile(renderObject: _RenderListTile#76d6f relayoutBoundary=up12)
                                                                                                                                                           │                          │                                 ├AnimatedDefaultTextStyle(duration: 200ms, debugLabel: (((englishLike labelSmall 2021).merge((blackMountainView labelSmall).apply)).copyWith).copyWith, inherit: false, color: Color(alpha: 1.0000, red: 0.2863, green: 0.2706, blue: 0.3098, colorSpace: ColorSpace.sRGB), family: Roboto, size: 11.0, weight: 500, letterSpacing: 0.5, baseline: alphabetic, height: 1.4x, leadingDistribution: even, decoration: Color(alpha: 1.0000, red: 0.1137, green: 0.1059, blue: 0.1255, colorSpace: ColorSpace.sRGB) TextDecoration.none, softWrap: wrapping at box width, overflow: clip, state: _AnimatedDefaultTextStyleState#41318(ticker inactive))
                                                                                                                                                           │                          │                                 │└DefaultTextStyle(debugLabel: (((englishLike labelSmall 2021).merge((blackMountainView labelSmall).apply)).copyWith).copyWith, inherit: false, color: Color(alpha: 1.0000, red: 0.2863, green: 0.2706, blue: 0.3098, colorSpace: ColorSpace.sRGB), family: Roboto, size: 11.0, weight: 500, letterSpacing: 0.5, baseline: alphabetic, height: 1.4x, leadingDistribution: even, decoration: Color(alpha: 1.0000, red: 0.1137, green: 0.1059, blue: 0.1255, colorSpace: ColorSpace.sRGB) TextDecoration.none, softWrap: wrapping at box width, overflow: clip)
                                                                                                                                                           │                          │                                 │ └Icon(IconData(U+F06BF), dependencies: [Directionality, IconTheme])
                                                                                                                                                           │                          │                                 │  └Semantics(container: false, properties: SemanticsProperties, renderObject: RenderSemanticsAnnotations#7ec51 relayoutBoundary=up13)
                                                                                                                                                           │                          │                                 │   └ExcludeSemantics(excluding: true, renderObject: RenderExcludeSemantics#3d598 relayoutBoundary=up14)
                                                                                                                                                           │                          │                                 │    └SizedBox(width: 24.0, height: 24.0, renderObject: RenderConstrainedBox#74296 relayoutBoundary=up15)
                                                                                                                                                           │                          │                                 │     └Center(alignment: Alignment.center, dependencies: [Directionality], renderObject: RenderPositionedBox#1c128)
                                                                                                                                                           │                          │                                 │      └RichText(textDirection: ltr, softWrap: wrapping at box width, overflow: visible, maxLines: unlimited, text: "󰚿", dependencies: [_LocalizationsScope-[GlobalKey#e3136]], renderObject: RenderParagraph#4b40d relayoutBoundary=up1)
                                                                                                                                                           │                          │                                 ├AnimatedDefaultTextStyle(duration: 200ms, debugLabel: (((englishLike bodyLarge 2021).merge((blackMountainView bodyLarge).apply)).copyWith).copyWith, inherit: false, color: Color(alpha: 1.0000, red: 0.1137, green: 0.1059, blue: 0.1255, colorSpace: ColorSpace.sRGB), family: Roboto, size: 16.0, weight: 400, letterSpacing: 0.5, baseline: alphabetic, height: 1.5x, leadingDistribution: even, decoration: Color(alpha: 1.0000, red: 0.1137, green: 0.1059, blue: 0.1255, colorSpace: ColorSpace.sRGB) TextDecoration.none, softWrap: wrapping at box width, overflow: clip, state: _AnimatedDefaultTextStyleState#e61b9(ticker inactive))
                                                                                                                                                           │                          │                                 │└DefaultTextStyle(debugLabel: (((englishLike bodyLarge 2021).merge((blackMountainView bodyLarge).apply)).copyWith).copyWith, inherit: false, color: Color(alpha: 1.0000, red: 0.1137, green: 0.1059, blue: 0.1255, colorSpace: ColorSpace.sRGB), family: Roboto, size: 16.0, weight: 400, letterSpacing: 0.5, baseline: alphabetic, height: 1.5x, leadingDistribution: even, decoration: Color(alpha: 1.0000, red: 0.1137, green: 0.1059, blue: 0.1255, colorSpace: ColorSpace.sRGB) TextDecoration.none, softWrap: wrapping at box width, overflow: clip)
                                                                                                                                                           │                          │                                 │ └Text("Request Timeout", dependencies: [DefaultSelectionStyle, DefaultTextStyle, MediaQuery])
                                                                                                                                                           │                          │                                 │  └RichText(softWrap: wrapping at box width, maxLines: unlimited, text: "Request Timeout", dependencies: [Directionality, _LocalizationsScope-[GlobalKey#e3136]], renderObject: RenderParagraph#dd5ed relayoutBoundary=up13)
                                                                                                                                                           │                          │                                 ├AnimatedDefaultTextStyle(duration: 200ms, debugLabel: (((englishLike bodyMedium 2021).merge((blackMountainView bodyMedium).apply)).copyWith).copyWith, inherit: false, color: Color(alpha: 1.0000, red: 0.2863, green: 0.2706, blue: 0.3098, colorSpace: ColorSpace.sRGB), family: Roboto, size: 14.0, weight: 400, letterSpacing: 0.3, baseline: alphabetic, height: 1.4x, leadingDistribution: even, decoration: Color(alpha: 1.0000, red: 0.1137, green: 0.1059, blue: 0.1255, colorSpace: ColorSpace.sRGB) TextDecoration.none, softWrap: wrapping at box width, overflow: clip, state: _AnimatedDefaultTextStyleState#88253(ticker inactive))
                                                                                                                                                           │                          │                                 │└DefaultTextStyle(debugLabel: (((englishLike bodyMedium 2021).merge((blackMountainView bodyMedium).apply)).copyWith).copyWith, inherit: false, color: Color(alpha: 1.0000, red: 0.2863, green: 0.2706, blue: 0.3098, colorSpace: ColorSpace.sRGB), family: Roboto, size: 14.0, weight: 400, letterSpacing: 0.3, baseline: alphabetic, height: 1.4x, leadingDistribution: even, decoration: Color(alpha: 1.0000, red: 0.1137, green: 0.1059, blue: 0.1255, colorSpace: ColorSpace.sRGB) TextDecoration.none, softWrap: wrapping at box width, overflow: clip)
                                                                                                                                                           │                          │                                 │ └Text("3 seconds per request", dependencies: [DefaultSelectionStyle, DefaultTextStyle, MediaQuery])
                                                                                                                                                           │                          │                                 │  └RichText(softWrap: wrapping at box width, maxLines: unlimited, text: "3 seconds per request", dependencies: [Directionality, _LocalizationsScope-[GlobalKey#e3136]], renderObject: RenderParagraph#f26a7 relayoutBoundary=up13)
                                                                                                                                                           │                          │                                 └AnimatedDefaultTextStyle(duration: 200ms, debugLabel: (((englishLike labelSmall 2021).merge((blackMountainView labelSmall).apply)).copyWith).copyWith, inherit: false, color: Color(alpha: 1.0000, red: 0.2863, green: 0.2706, blue: 0.3098, colorSpace: ColorSpace.sRGB), family: Roboto, size: 11.0, weight: 500, letterSpacing: 0.5, baseline: alphabetic, height: 1.4x, leadingDistribution: even, decoration: Color(alpha: 1.0000, red: 0.1137, green: 0.1059, blue: 0.1255, colorSpace: ColorSpace.sRGB) TextDecoration.none, softWrap: wrapping at box width, overflow: clip, state: _AnimatedDefaultTextStyleState#f7725(ticker inactive))
                                                                                                                                                           │                          │                                  └DefaultTextStyle(debugLabel: (((englishLike labelSmall 2021).merge((blackMountainView labelSmall).apply)).copyWith).copyWith, inherit: false, color: Color(alpha: 1.0000, red: 0.2863, green: 0.2706, blue: 0.3098, colorSpace: ColorSpace.sRGB), family: Roboto, size: 11.0, weight: 500, letterSpacing: 0.5, baseline: alphabetic, height: 1.4x, leadingDistribution: even, decoration: Color(alpha: 1.0000, red: 0.1137, green: 0.1059, blue: 0.1255, colorSpace: ColorSpace.sRGB) TextDecoration.none, softWrap: wrapping at box width, overflow: clip)
                                                                                                                                                           │                          │                                   └Icon(IconData(U+0E15F), dependencies: [Directionality, IconTheme])
                                                                                                                                                           │                          │                                    └Semantics(container: false, properties: SemanticsProperties, renderObject: RenderSemanticsAnnotations#56c8a relayoutBoundary=up13)
                                                                                                                                                           │                          │                                     └ExcludeSemantics(excluding: true, renderObject: RenderExcludeSemantics#361d3 relayoutBoundary=up14)
                                                                                                                                                           │                          │                                      └SizedBox(width: 24.0, height: 24.0, renderObject: RenderConstrainedBox#80924 relayoutBoundary=up15)
                                                                                                                                                           │                          │                                       └Center(alignment: Alignment.center, dependencies: [Directionality], renderObject: RenderPositionedBox#36563)
                                                                                                                                                           │                          │                                        └RichText(textDirection: ltr, softWrap: wrapping at box width, overflow: visible, maxLines: unlimited, text: "", dependencies: [_LocalizationsScope-[GlobalKey#e3136]], renderObject: RenderParagraph#33ba6 relayoutBoundary=up1)
                                                                                                                                                           │                          ├KeyedSubtree
                                                                                                                                                           │                          │└AutomaticKeepAlive(state: _AutomaticKeepAliveState#4a637(handles: no notifications ever received))
                                                                                                                                                           │                          │ └KeepAlive(keepAlive: false)
                                                                                                                                                           │                          │  └NotificationListener<KeepAliveNotification>
                                                                                                                                                           │                          │   └_SelectionKeepAlive(state: _SelectionKeepAliveState#a308d)
                                                                                                                                                           │                          │    └IndexedSemantics(index: 3, renderObject: RenderIndexedSemantics#c194b relayoutBoundary=up3)
                                                                                                                                                           │                          │     └RepaintBoundary(renderObject: RenderRepaintBoundary#e98e7 relayoutBoundary=up4)
                                                                                                                                                           │                          │      └SwitchListTile(dependencies: [InheritedCupertinoTheme, _InheritedTheme, _LocalizationsScope-[GlobalKey#e3136]])
                                                                                                                                                           │                          │       └MergeSemantics(renderObject: RenderMergeSemantics#e5969 relayoutBoundary=up5)
                                                                                                                                                           │                          │        └ListTile(selectedColor: Color(alpha: 1.0000, red: 0.3843, green: 0.3569, blue: 0.4431, colorSpace: ColorSpace.sRGB), onTap: Closure: () => void, dependencies: [Directionality, InheritedCupertinoTheme, _InheritedTheme, _LocalizationsScope-[GlobalKey#e3136]])
                                                                                                                                                           │                          │         └InkWell
                                                                                                                                                           │                          │          └_InkResponseStateWidget(gestures: [tap], mouseCursor: SystemMouseCursor(click), clipped to BoxShape.rectangle, dependencies: [InheritedCupertinoTheme, MediaQuery, _InheritedTheme, _LocalizationsScope-[GlobalKey#e3136]], state: _InkResponseState#80253)
                                                                                                                                                           │                          │           └_ParentInkResponseProvider
                                                                                                                                                           │                          │            └Actions(dispatcher: null, actions: {ActivateIntent: CallbackAction<ActivateIntent>#32968, ButtonActivateIntent: CallbackAction<ButtonActivateIntent>#2b227}, state: _ActionsState#1a717)
                                                                                                                                                           │                          │             └_ActionsScope
                                                                                                                                                           │                          │              └Focus(dependencies: [_FocusInheritedScope], state: _FocusState#17c55)
                                                                                                                                                           │                          │               └_FocusInheritedScope
                                                                                                                                                           │                          │                └Semantics(container: false, properties: SemanticsProperties, renderObject: RenderSemanticsAnnotations#d17cd relayoutBoundary=up6)
                                                                                                                                                           │                          │                 └MouseRegion(listeners: [enter, exit], cursor: SystemMouseCursor(click), renderObject: RenderMouseRegion#ef77f relayoutBoundary=up7)
                                                                                                                                                           │                          │                  └Builder(dependencies: [DefaultSelectionStyle])
                                                                                                                                                           │                          │                   └DefaultSelectionStyle
                                                                                                                                                           │                          │                    └Semantics(container: false, properties: SemanticsProperties, renderObject: RenderSemanticsAnnotations#be17d relayoutBoundary=up8)
                                                                                                                                                           │                          │                     └GestureDetector(startBehavior: start, dependencies: [MediaQuery, ScrollConfiguration])
                                                                                                                                                           │                          │                      └RawGestureDetector(state: RawGestureDetectorState#6bccf(gestures: [tap], excludeFromSemantics: true, behavior: opaque))
                                                                                                                                                           │                          │                       └Listener(listeners: [down, panZoomStart], behavior: opaque, renderObject: RenderPointerListener#2910e relayoutBoundary=up9)
                                                                                                                                                           │                          │                        └Semantics(container: false, properties: SemanticsProperties, selected: false, renderObject: RenderSemanticsAnnotations#79ec5 relayoutBoundary=up10)
                                                                                                                                                           │                          │                         └Ink(bg: ShapeDecoration(color: Color(alpha: 0.0000, red: 0.0000, green: 0.0000, blue: 0.0000, colorSpace: ColorSpace.sRGB), shape: Border.all(BorderSide(width: 0.0, style: none))), state: _InkState#45a69)
                                                                                                                                                           │                          │                          └Padding-[GlobalKey#83f90](padding: EdgeInsets.zero, dependencies: [Directionality], renderObject: RenderPadding#23978 relayoutBoundary=up11)
                                                                                                                                                           │                          │                           └Builder(dependencies: [Directionality, MediaQuery, _LocalizationsScope-[GlobalKey#e3136]])
                                                                                                                                                           │                          │                            └SafeArea(avoid left padding, avoid right padding, dependencies: [MediaQuery])
                                                                                                                                                           │                          │                             └Padding(padding: EdgeInsets(16.0, 0.0, 24.0, 0.0), dependencies: [Directionality], renderObject: RenderPadding#4451c relayoutBoundary=up12)
                                                                                                                                                           │                          │                              └MediaQuery(MediaQueryData(size: Size(800.0, 600.0), devicePixelRatio: 3.0, textScaler: SystemTextScaler (no scaling), platformBrightness: Brightness.light, padding: EdgeInsets.zero, viewPadding: EdgeInsets.zero, viewInsets: EdgeInsets.zero, systemGestureInsets: EdgeInsets.zero, alwaysUse24HourFormat: false, accessibleNavigation: false, highContrast: false, onOffSwitchLabels: false, disableAnimations: false, invertColors: false, boldText: false, navigationMode: traditional, gestureSettings: DeviceGestureSettings(touchSlop: null), displayFeatures: [], supportsShowingSystemContextMenu: false))
                                                                                                                                                           │                          │                               └Builder(dependencies: [IconTheme])
                                                                                                                                                           │                          │                                └IconTheme(color: Color(alpha: 1.0000, red: 0.2863, green: 0.2706, blue: 0.3098, colorSpace: ColorSpace.sRGB))
                                                                                                                                                           │                          │                                 └IconButtonTheme
                                                                                                                                                           │                          │                                  └_ListTile(renderObject: _RenderListTile#e23e5 relayoutBoundary=up13)
                                                                                                                                                           │                          │                                   ├AnimatedDefaultTextStyle(duration: 200ms, debugLabel: (((englishLike labelSmall 2021).merge((blackMountainView labelSmall).apply)).copyWith).copyWith, inherit: false, color: Color(alpha: 1.0000, red: 0.2863, green: 0.2706, blue: 0.3098, colorSpace: ColorSpace.sRGB), family: Roboto, size: 11.0, weight: 500, letterSpacing: 0.5, baseline: alphabetic, height: 1.4x, leadingDistribution: even, decoration: Color(alpha: 1.0000, red: 0.1137, green: 0.1059, blue: 0.1255, colorSpace: ColorSpace.sRGB) TextDecoration.none, softWrap: wrapping at box width, overflow: clip, state: _AnimatedDefaultTextStyleState#1b4f8(ticker inactive))
                                                                                                                                                           │                          │                                   │└DefaultTextStyle(debugLabel: (((englishLike labelSmall 2021).merge((blackMountainView labelSmall).apply)).copyWith).copyWith, inherit: false, color: Color(alpha: 1.0000, red: 0.2863, green: 0.2706, blue: 0.3098, colorSpace: ColorSpace.sRGB), family: Roboto, size: 11.0, weight: 500, letterSpacing: 0.5, baseline: alphabetic, height: 1.4x, leadingDistribution: even, decoration: Color(alpha: 1.0000, red: 0.1137, green: 0.1059, blue: 0.1255, colorSpace: ColorSpace.sRGB) TextDecoration.none, softWrap: wrapping at box width, overflow: clip)
                                                                                                                                                           │                          │                                   │ └Icon(IconData(U+0E0C1), dependencies: [Directionality, IconTheme])
                                                                                                                                                           │                          │                                   │  └Semantics(container: false, properties: SemanticsProperties, renderObject: RenderSemanticsAnnotations#bc0ff relayoutBoundary=up14)
                                                                                                                                                           │                          │                                   │   └ExcludeSemantics(excluding: true, renderObject: RenderExcludeSemantics#c4f59 relayoutBoundary=up15)
                                                                                                                                                           │                          │                                   │    └SizedBox(width: 24.0, height: 24.0, renderObject: RenderConstrainedBox#e7911 relayoutBoundary=up16)
                                                                                                                                                           │                          │                                   │     └Center(alignment: Alignment.center, dependencies: [Directionality], renderObject: RenderPositionedBox#f89de)
                                                                                                                                                           │                          │                                   │      └RichText(textDirection: ltr, softWrap: wrapping at box width, overflow: visible, maxLines: unlimited, text: "", dependencies: [_LocalizationsScope-[GlobalKey#e3136]], renderObject: RenderParagraph#da48f relayoutBoundary=up1)
                                                                                                                                                           │                          │                                   ├AnimatedDefaultTextStyle(duration: 200ms, debugLabel: (((englishLike bodyLarge 2021).merge((blackMountainView bodyLarge).apply)).copyWith).copyWith, inherit: false, color: Color(alpha: 1.0000, red: 0.1137, green: 0.1059, blue: 0.1255, colorSpace: ColorSpace.sRGB), family: Roboto, size: 16.0, weight: 400, letterSpacing: 0.5, baseline: alphabetic, height: 1.5x, leadingDistribution: even, decoration: Color(alpha: 1.0000, red: 0.1137, green: 0.1059, blue: 0.1255, colorSpace: ColorSpace.sRGB) TextDecoration.none, softWrap: wrapping at box width, overflow: clip, state: _AnimatedDefaultTextStyleState#0ab95(ticker inactive))
                                                                                                                                                           │                          │                                   │└DefaultTextStyle(debugLabel: (((englishLike bodyLarge 2021).merge((blackMountainView bodyLarge).apply)).copyWith).copyWith, inherit: false, color: Color(alpha: 1.0000, red: 0.1137, green: 0.1059, blue: 0.1255, colorSpace: ColorSpace.sRGB), family: Roboto, size: 16.0, weight: 400, letterSpacing: 0.5, baseline: alphabetic, height: 1.5x, leadingDistribution: even, decoration: Color(alpha: 1.0000, red: 0.1137, green: 0.1059, blue: 0.1255, colorSpace: ColorSpace.sRGB) TextDecoration.none, softWrap: wrapping at box width, overflow: clip)
                                                                                                                                                           │                          │                                   │ └Text("Auto-refresh", dependencies: [DefaultSelectionStyle, DefaultTextStyle, MediaQuery])
                                                                                                                                                           │                          │                                   │  └RichText(softWrap: wrapping at box width, maxLines: unlimited, text: "Auto-refresh", dependencies: [Directionality, _LocalizationsScope-[GlobalKey#e3136]], renderObject: RenderParagraph#c52a6 relayoutBoundary=up14)
                                                                                                                                                           │                          │                                   ├AnimatedDefaultTextStyle(duration: 200ms, debugLabel: (((englishLike bodyMedium 2021).merge((blackMountainView bodyMedium).apply)).copyWith).copyWith, inherit: false, color: Color(alpha: 1.0000, red: 0.2863, green: 0.2706, blue: 0.3098, colorSpace: ColorSpace.sRGB), family: Roboto, size: 14.0, weight: 400, letterSpacing: 0.3, baseline: alphabetic, height: 1.4x, leadingDistribution: even, decoration: Color(alpha: 1.0000, red: 0.1137, green: 0.1059, blue: 0.1255, colorSpace: ColorSpace.sRGB) TextDecoration.none, softWrap: wrapping at box width, overflow: clip, state: _AnimatedDefaultTextStyleState#6ad66(ticker inactive))
                                                                                                                                                           │                          │                                   │└DefaultTextStyle(debugLabel: (((englishLike bodyMedium 2021).merge((blackMountainView bodyMedium).apply)).copyWith).copyWith, inherit: false, color: Color(alpha: 1.0000, red: 0.2863, green: 0.2706, blue: 0.3098, colorSpace: ColorSpace.sRGB), family: Roboto, size: 14.0, weight: 400, letterSpacing: 0.3, baseline: alphabetic, height: 1.4x, leadingDistribution: even, decoration: Color(alpha: 1.0000, red: 0.1137, green: 0.1059, blue: 0.1255, colorSpace: ColorSpace.sRGB) TextDecoration.none, softWrap: wrapping at box width, overflow: clip)
                                                                                                                                                           │                          │                                   │ └Text("Off - Use manual refresh button", dependencies: [DefaultSelectionStyle, DefaultTextStyle, MediaQuery])
                                                                                                                                                           │                          │                                   │  └RichText(softWrap: wrapping at box width, maxLines: unlimited, text: "Off - Use manual refresh button", dependencies: [Directionality, _LocalizationsScope-[GlobalKey#e3136]], renderObject: RenderParagraph#fd624 relayoutBoundary=up14)
                                                                                                                                                           │                          │                                   └AnimatedDefaultTextStyle(duration: 200ms, debugLabel: (((englishLike labelSmall 2021).merge((blackMountainView labelSmall).apply)).copyWith).copyWith, inherit: false, color: Color(alpha: 1.0000, red: 0.2863, green: 0.2706, blue: 0.3098, colorSpace: ColorSpace.sRGB), family: Roboto, size: 11.0, weight: 500, letterSpacing: 0.5, baseline: alphabetic, height: 1.4x, leadingDistribution: even, decoration: Color(alpha: 1.0000, red: 0.1137, green: 0.1059, blue: 0.1255, colorSpace: ColorSpace.sRGB) TextDecoration.none, softWrap: wrapping at box width, overflow: clip, state: _AnimatedDefaultTextStyleState#4bfc0(ticker inactive))
                                                                                                                                                           │                          │                                    └DefaultTextStyle(debugLabel: (((englishLike labelSmall 2021).merge((blackMountainView labelSmall).apply)).copyWith).copyWith, inherit: false, color: Color(alpha: 1.0000, red: 0.2863, green: 0.2706, blue: 0.3098, colorSpace: ColorSpace.sRGB), family: Roboto, size: 11.0, weight: 500, letterSpacing: 0.5, baseline: alphabetic, height: 1.4x, leadingDistribution: even, decoration: Color(alpha: 1.0000, red: 0.1137, green: 0.1059, blue: 0.1255, colorSpace: ColorSpace.sRGB) TextDecoration.none, softWrap: wrapping at box width, overflow: clip)
                                                                                                                                                           │                          │                                     └ExcludeFocus
                                                                                                                                                           │                          │                                      └Focus(DESCENDANTS UNFOCUSABLE, dependencies: [_FocusInheritedScope], state: _FocusState#aac93)
                                                                                                                                                           │                          │                                       └_FocusInheritedScope
                                                                                                                                                           │                          │                                        └Switch(value: off, dependencies: [InheritedCupertinoTheme, _InheritedTheme, _LocalizationsScope-[GlobalKey#e3136]])
                                                                                                                                                           │                          │                                         └_MaterialSwitch(dependencies: [Directionality, IconTheme, InheritedCupertinoTheme, MediaQuery, _InheritedTheme, _LocalizationsScope-[GlobalKey#e3136]], state: _MaterialSwitchState#237f1(tickers: tracking 4 tickers))
                                                                                                                                                           │                          │                                          └Semantics(container: false, properties: SemanticsProperties, renderObject: RenderSemanticsAnnotations#d0cbc relayoutBoundary=up14)
                                                                                                                                                           │                          │                                           └GestureDetector(startBehavior: start, dependencies: [InheritedCupertinoTheme, MediaQuery, ScrollConfiguration, _InheritedTheme, _LocalizationsScope-[GlobalKey#e3136]])
                                                                                                                                                           │                          │                                            └RawGestureDetector(state: RawGestureDetectorState#88de9(gestures: [horizontal drag], excludeFromSemantics: true))
                                                                                                                                                           │                          │                                             └Listener(listeners: [down, panZoomStart], behavior: deferToChild, renderObject: RenderPointerListener#a2adf relayoutBoundary=up15)
                                                                                                                                                           │                          │                                              └Opacity(opacity: 1.0, renderObject: RenderOpacity#594dd relayoutBoundary=up16)
                                                                                                                                                           │                          │                                               └FocusableActionDetector(dependencies: [MediaQuery], state: _FocusableActionDetectorState#dcf3b)
                                                                                                                                                           │                          │                                                └Actions(dispatcher: null, actions: {ActivateIntent: CallbackAction<ActivateIntent>#3b5d2}, state: _ActionsState#eb71d)
                                                                                                                                                           │                          │                                                 └_ActionsScope
                                                                                                                                                           │                          │                                                  └MouseRegion-[GlobalKey#f7170](listeners: [enter, exit], cursor: SystemMouseCursor(click), renderObject: RenderMouseRegion#aa129 relayoutBoundary=up17)
                                                                                                                                                           │                          │                                                   └Focus(dependencies: [_FocusInheritedScope], state: _FocusState#99f66)
                                                                                                                                                           │                          │                                                    └_FocusInheritedScope
                                                                                                                                                           │                          │                                                     └Semantics(container: false, properties: SemanticsProperties, renderObject: RenderSemanticsAnnotations#6d6a2 relayoutBoundary=up18)
                                                                                                                                                           │                          │                                                      └GestureDetector(startBehavior: start, dependencies: [MediaQuery, ScrollConfiguration])
                                                                                                                                                           │                          │                                                       └RawGestureDetector(state: RawGestureDetectorState#4d6bf(gestures: [tap]))
                                                                                                                                                           │                          │                                                        └_GestureSemantics(renderObject: RenderSemanticsGestureHandler#bbab0 relayoutBoundary=up19)
                                                                                                                                                           │                          │                                                         └Listener(listeners: [down, panZoomStart], behavior: deferToChild, renderObject: RenderPointerListener#06141 relayoutBoundary=up20)
                                                                                                                                                           │                          │                                                          └Semantics(container: false, properties: SemanticsProperties, renderObject: RenderSemanticsAnnotations#0cce0 relayoutBoundary=up21)
                                                                                                                                                           │                          │                                                           └CustomPaint(renderObject: RenderCustomPaint#49dfd relayoutBoundary=up22)
                                                                                                                                                           │                          ├KeyedSubtree
                                                                                                                                                           │                          │└AutomaticKeepAlive(state: _AutomaticKeepAliveState#d0cdf(handles: no notifications ever received))
                                                                                                                                                           │                          │ └KeepAlive(keepAlive: false)
                                                                                                                                                           │                          │  └NotificationListener<KeepAliveNotification>
                                                                                                                                                           │                          │   └_SelectionKeepAlive(state: _SelectionKeepAliveState#d6247)
                                                                                                                                                           │                          │    └IndexedSemantics(index: 4, renderObject: RenderIndexedSemantics#8b0b6 relayoutBoundary=up3)
                                                                                                                                                           │                          │     └RepaintBoundary(renderObject: RenderRepaintBoundary#d46d2 relayoutBoundary=up4)
                                                                                                                                                           │                          │      └Divider(dependencies: [InheritedCupertinoTheme, _InheritedTheme, _LocalizationsScope-[GlobalKey#e3136]])
                                                                                                                                                           │                          │       └SizedBox(height: 16.0, renderObject: RenderConstrainedBox#d3c18 relayoutBoundary=up5)
                                                                                                                                                           │                          │        └Center(alignment: Alignment.center, dependencies: [Directionality], renderObject: RenderPositionedBox#5648f)
                                                                                                                                                           │                          │         └Container(bg: BoxDecoration(border: Border(bottom: BorderSide(color: Color(alpha: 1.0000, red: 0.7922, green: 0.7686, blue: 0.8157, colorSpace: ColorSpace.sRGB)))), constraints: BoxConstraints(0.0<=w<=Infinity, h=1.0), margin: EdgeInsets.zero)
                                                                                                                                                           │                          │          └Padding(padding: EdgeInsets.zero, dependencies: [Directionality], renderObject: RenderPadding#afe2e relayoutBoundary=up1)
                                                                                                                                                           │                          │           └ConstrainedBox(BoxConstraints(0.0<=w<=Infinity, h=1.0), renderObject: RenderConstrainedBox#4c383 relayoutBoundary=up2)
                                                                                                                                                           │                          │            └DecoratedBox(bg: BoxDecoration(border: Border(bottom: BorderSide(color: Color(alpha: 1.0000, red: 0.7922, green: 0.7686, blue: 0.8157, colorSpace: ColorSpace.sRGB)))), dependencies: [Directionality, MediaQuery, _LocalizationsScope-[GlobalKey#e3136]], renderObject: RenderDecoratedBox#37e2f relayoutBoundary=up3)
                                                                                                                                                           │                          │             └Padding(padding: EdgeInsets(0.0, 0.0, 0.0, 1.0), dependencies: [Directionality], renderObject: RenderPadding#c8012 relayoutBoundary=up4)
                                                                                                                                                           │                          │              └LimitedBox(maxWidth: 0.0, maxHeight: 0.0, renderObject: RenderLimitedBox#d4836 relayoutBoundary=up5)
                                                                                                                                                           │                          │               └ConstrainedBox(BoxConstraints(biggest), renderObject: RenderConstrainedBox#cb4de relayoutBoundary=up6)
                                                                                                                                                           │                          ├KeyedSubtree
                                                                                                                                                           │                          │└AutomaticKeepAlive(state: _AutomaticKeepAliveState#4be8e(handles: no notifications ever received))
                                                                                                                                                           │                          │ └KeepAlive(keepAlive: false)
                                                                                                                                                           │                          │  └NotificationListener<KeepAliveNotification>
                                                                                                                                                           │                          │   └_SelectionKeepAlive(state: _SelectionKeepAliveState#fc6a2)
                                                                                                                                                           │                          │    └IndexedSemantics(index: 5, renderObject: RenderIndexedSemantics#2f1cf relayoutBoundary=up3)
                                                                                                                                                           │                          │     └RepaintBoundary(renderObject: RenderRepaintBoundary#888ec relayoutBoundary=up4)
                                                                                                                                                           │                          │      └Padding(padding: EdgeInsets(16.0, 16.0, 16.0, 8.0), dependencies: [Directionality], renderObject: RenderPadding#ba5aa relayoutBoundary=up5)
                                                                                                                                                           │                          │       └Text("ABOUT", debugLabel: ((englishLike labelSmall 2021).merge((blackMountainView labelSmall).apply)).copyWith, inherit: false, color: Color(alpha: 1.0000, red: 0.4039, green: 0.3137, blue: 0.6431, colorSpace: ColorSpace.sRGB), family: Roboto, size: 11.0, weight: 700, letterSpacing: 1.2, baseline: alphabetic, height: 1.4x, leadingDistribution: even, decoration: Color(alpha: 1.0000, red: 0.1137, green: 0.1059, blue: 0.1255, colorSpace: ColorSpace.sRGB) TextDecoration.none, dependencies: [DefaultSelectionStyle, DefaultTextStyle, MediaQuery])
                                                                                                                                                           │                          │        └RichText(softWrap: wrapping at box width, maxLines: unlimited, text: "ABOUT", dependencies: [Directionality, _LocalizationsScope-[GlobalKey#e3136]], renderObject: RenderParagraph#90375 relayoutBoundary=up6)
                                                                                                                                                           │                          ├KeyedSubtree
                                                                                                                                                           │                          │└AutomaticKeepAlive(state: _AutomaticKeepAliveState#afb6b(handles: no notifications ever received))
                                                                                                                                                           │                          │ └KeepAlive(keepAlive: false)
                                                                                                                                                           │                          │  └NotificationListener<KeepAliveNotification>
                                                                                                                                                           │                          │   └_SelectionKeepAlive(state: _SelectionKeepAliveState#2ff7f)
                                                                                                                                                           │                          │    └IndexedSemantics(index: 6, renderObject: RenderIndexedSemantics#0eb37 relayoutBoundary=up3)
                                                                                                                                                           │                          │     └RepaintBoundary(renderObject: RenderRepaintBoundary#1eea5 relayoutBoundary=up4)
                                                                                                                                                           │                          │      └ListTile(onTap: Closure: () => void, dependencies: [Directionality, InheritedCupertinoTheme, _InheritedTheme, _LocalizationsScope-[GlobalKey#e3136]])
                                                                                                                                                           │                          │       └InkWell
                                                                                                                                                           │                          │        └_InkResponseStateWidget(gestures: [tap], mouseCursor: SystemMouseCursor(click), clipped to BoxShape.rectangle, dependencies: [InheritedCupertinoTheme, MediaQuery, _InheritedTheme, _LocalizationsScope-[GlobalKey#e3136]], state: _InkResponseState#33928)
                                                                                                                                                           │                          │         └_ParentInkResponseProvider
                                                                                                                                                           │                          │          └Actions(dispatcher: null, actions: {ActivateIntent: CallbackAction<ActivateIntent>#c70ad, ButtonActivateIntent: CallbackAction<ButtonActivateIntent>#a16be}, state: _ActionsState#fb653)
                                                                                                                                                           │                          │           └_ActionsScope
                                                                                                                                                           │                          │            └Focus(dependencies: [_FocusInheritedScope], state: _FocusState#5975e)
                                                                                                                                                           │                          │             └_FocusInheritedScope
                                                                                                                                                           │                          │              └Semantics(container: false, properties: SemanticsProperties, renderObject: RenderSemanticsAnnotations#610e0 relayoutBoundary=up5)
                                                                                                                                                           │                          │               └MouseRegion(listeners: [enter, exit], cursor: SystemMouseCursor(click), renderObject: RenderMouseRegion#0b7b6 relayoutBoundary=up6)
                                                                                                                                                           │                          │                └Builder(dependencies: [DefaultSelectionStyle])
                                                                                                                                                           │                          │                 └DefaultSelectionStyle
                                                                                                                                                           │                          │                  └Semantics(container: false, properties: SemanticsProperties, renderObject: RenderSemanticsAnnotations#69d94 relayoutBoundary=up7)
                                                                                                                                                           │                          │                   └GestureDetector(startBehavior: start, dependencies: [MediaQuery, ScrollConfiguration])
                                                                                                                                                           │                          │                    └RawGestureDetector(state: RawGestureDetectorState#e5448(gestures: [tap], excludeFromSemantics: true, behavior: opaque))
                                                                                                                                                           │                          │                     └Listener(listeners: [down, panZoomStart], behavior: opaque, renderObject: RenderPointerListener#1bbd4 relayoutBoundary=up8)
                                                                                                                                                           │                          │                      └Semantics(container: false, properties: SemanticsProperties, selected: false, renderObject: RenderSemanticsAnnotations#4f2e2 relayoutBoundary=up9)
                                                                                                                                                           │                          │                       └Ink(bg: ShapeDecoration(color: Color(alpha: 0.0000, red: 0.0000, green: 0.0000, blue: 0.0000, colorSpace: ColorSpace.sRGB), shape: Border.all(BorderSide(width: 0.0, style: none))), state: _InkState#43003)
                                                                                                                                                           │                          │                        └Padding-[GlobalKey#101f2](padding: EdgeInsets.zero, dependencies: [Directionality], renderObject: RenderPadding#aa3d6 relayoutBoundary=up10)
                                                                                                                                                           │                          │                         └Builder(dependencies: [Directionality, MediaQuery, _LocalizationsScope-[GlobalKey#e3136]])
                                                                                                                                                           │                          │                          └SafeArea(avoid left padding, avoid right padding, dependencies: [MediaQuery])
                                                                                                                                                           │                          │                           └Padding(padding: EdgeInsets(16.0, 0.0, 24.0, 0.0), dependencies: [Directionality], renderObject: RenderPadding#a7ec6 relayoutBoundary=up11)
                                                                                                                                                           │                          │                            └MediaQuery(MediaQueryData(size: Size(800.0, 600.0), devicePixelRatio: 3.0, textScaler: SystemTextScaler (no scaling), platformBrightness: Brightness.light, padding: EdgeInsets.zero, viewPadding: EdgeInsets.zero, viewInsets: EdgeInsets.zero, systemGestureInsets: EdgeInsets.zero, alwaysUse24HourFormat: false, accessibleNavigation: false, highContrast: false, onOffSwitchLabels: false, disableAnimations: false, invertColors: false, boldText: false, navigationMode: traditional, gestureSettings: DeviceGestureSettings(touchSlop: null), displayFeatures: [], supportsShowingSystemContextMenu: false))
                                                                                                                                                           │                          │                             └Builder(dependencies: [IconTheme])
                                                                                                                                                           │                          │                              └IconTheme(color: Color(alpha: 1.0000, red: 0.2863, green: 0.2706, blue: 0.3098, colorSpace: ColorSpace.sRGB))
                                                                                                                                                           │                          │                               └IconButtonTheme
                                                                                                                                                           │                          │                                └_ListTile(renderObject: _RenderListTile#34265 relayoutBoundary=up12)
                                                                                                                                                           │                          │                                 ├AnimatedDefaultTextStyle(duration: 200ms, debugLabel: (((englishLike labelSmall 2021).merge((blackMountainView labelSmall).apply)).copyWith).copyWith, inherit: false, color: Color(alpha: 1.0000, red: 0.2863, green: 0.2706, blue: 0.3098, colorSpace: ColorSpace.sRGB), family: Roboto, size: 11.0, weight: 500, letterSpacing: 0.5, baseline: alphabetic, height: 1.4x, leadingDistribution: even, decoration: Color(alpha: 1.0000, red: 0.1137, green: 0.1059, blue: 0.1255, colorSpace: ColorSpace.sRGB) TextDecoration.none, softWrap: wrapping at box width, overflow: clip, state: _AnimatedDefaultTextStyleState#57eb6(ticker inactive))
                                                                                                                                                           │                          │                                 │└DefaultTextStyle(debugLabel: (((englishLike labelSmall 2021).merge((blackMountainView labelSmall).apply)).copyWith).copyWith, inherit: false, color: Color(alpha: 1.0000, red: 0.2863, green: 0.2706, blue: 0.3098, colorSpace: ColorSpace.sRGB), family: Roboto, size: 11.0, weight: 500, letterSpacing: 0.5, baseline: alphabetic, height: 1.4x, leadingDistribution: even, decoration: Color(alpha: 1.0000, red: 0.1137, green: 0.1059, blue: 0.1255, colorSpace: ColorSpace.sRGB) TextDecoration.none, softWrap: wrapping at box width, overflow: clip)
                                                                                                                                                           │                          │                                 │ └Icon(IconData(U+0E33D), dependencies: [Directionality, IconTheme])
                                                                                                                                                           │                          │                                 │  └Semantics(container: false, properties: SemanticsProperties, renderObject: RenderSemanticsAnnotations#b966d relayoutBoundary=up13)
                                                                                                                                                           │                          │                                 │   └ExcludeSemantics(excluding: true, renderObject: RenderExcludeSemantics#2f366 relayoutBoundary=up14)
                                                                                                                                                           │                          │                                 │    └SizedBox(width: 24.0, height: 24.0, renderObject: RenderConstrainedBox#88eb7 relayoutBoundary=up15)
                                                                                                                                                           │                          │                                 │     └Center(alignment: Alignment.center, dependencies: [Directionality], renderObject: RenderPositionedBox#1cfdf)
                                                                                                                                                           │                          │                                 │      └RichText(textDirection: ltr, softWrap: wrapping at box width, overflow: visible, maxLines: unlimited, text: "", dependencies: [_LocalizationsScope-[GlobalKey#e3136]], renderObject: RenderParagraph#29260 relayoutBoundary=up1)
                                                                                                                                                           │                          │                                 └AnimatedDefaultTextStyle(duration: 200ms, debugLabel: (((englishLike bodyLarge 2021).merge((blackMountainView bodyLarge).apply)).copyWith).copyWith, inherit: false, color: Color(alpha: 1.0000, red: 0.1137, green: 0.1059, blue: 0.1255, colorSpace: ColorSpace.sRGB), family: Roboto, size: 16.0, weight: 400, letterSpacing: 0.5, baseline: alphabetic, height: 1.5x, leadingDistribution: even, decoration: Color(alpha: 1.0000, red: 0.1137, green: 0.1059, blue: 0.1255, colorSpace: ColorSpace.sRGB) TextDecoration.none, softWrap: wrapping at box width, overflow: clip, state: _AnimatedDefaultTextStyleState#55651(ticker inactive))
                                                                                                                                                           │                          │                                  └DefaultTextStyle(debugLabel: (((englishLike bodyLarge 2021).merge((blackMountainView bodyLarge).apply)).copyWith).copyWith, inherit: false, color: Color(alpha: 1.0000, red: 0.1137, green: 0.1059, blue: 0.1255, colorSpace: ColorSpace.sRGB), family: Roboto, size: 16.0, weight: 400, letterSpacing: 0.5, baseline: alphabetic, height: 1.5x, leadingDistribution: even, decoration: Color(alpha: 1.0000, red: 0.1137, green: 0.1059, blue: 0.1255, colorSpace: ColorSpace.sRGB) TextDecoration.none, softWrap: wrapping at box width, overflow: clip)
                                                                                                                                                           │                          │                                   └Text("About Bit Switch", dependencies: [DefaultSelectionStyle, DefaultTextStyle, MediaQuery])
                                                                                                                                                           │                          │                                    └RichText(softWrap: wrapping at box width, maxLines: unlimited, text: "About Bit Switch", dependencies: [Directionality, _LocalizationsScope-[GlobalKey#e3136]], renderObject: RenderParagraph#958fa relayoutBoundary=up13)
                                                                                                                                                           │                          ├KeyedSubtree
                                                                                                                                                           │                          │└AutomaticKeepAlive(state: _AutomaticKeepAliveState#d3293(handles: no notifications ever received))
                                                                                                                                                           │                          │ └KeepAlive(keepAlive: false)
                                                                                                                                                           │                          │  └NotificationListener<KeepAliveNotification>
                                                                                                                                                           │                          │   └_SelectionKeepAlive(state: _SelectionKeepAliveState#00c3e)
                                                                                                                                                           │                          │    └IndexedSemantics(index: 7, renderObject: RenderIndexedSemantics#0874e relayoutBoundary=up3)
                                                                                                                                                           │                          │     └RepaintBoundary(renderObject: RenderRepaintBoundary#dade2 relayoutBoundary=up4)
                                                                                                                                                           │                          │      └ListTile(dependencies: [Directionality, InheritedCupertinoTheme, _InheritedTheme, _LocalizationsScope-[GlobalKey#e3136]])
                                                                                                                                                           │                          │       └InkWell
                                                                                                                                                           │                          │        └_InkResponseStateWidget(gestures: <none>, mouseCursor: SystemMouseCursor(basic), clipped to BoxShape.rectangle, dependencies: [InheritedCupertinoTheme, MediaQuery, _InheritedTheme, _LocalizationsScope-[GlobalKey#e3136]], state: _InkResponseState#dc6da)
                                                                                                                                                           │                          │         └_ParentInkResponseProvider
                                                                                                                                                           │                          │          └Actions(dispatcher: null, actions: {ActivateIntent: CallbackAction<ActivateIntent>#8e21c, ButtonActivateIntent: CallbackAction<ButtonActivateIntent>#02263}, state: _ActionsState#fd7cb)
                                                                                                                                                           │                          │           └_ActionsScope
                                                                                                                                                           │                          │            └Focus(dependencies: [_FocusInheritedScope], state: _FocusState#64502)
                                                                                                                                                           │                          │             └_FocusInheritedScope
                                                                                                                                                           │                          │              └Semantics(container: false, properties: SemanticsProperties, renderObject: RenderSemanticsAnnotations#19704 relayoutBoundary=up5)
                                                                                                                                                           │                          │               └MouseRegion(listeners: [enter, exit], cursor: SystemMouseCursor(basic), renderObject: RenderMouseRegion#5d850 relayoutBoundary=up6)
                                                                                                                                                           │                          │                └Builder(dependencies: [DefaultSelectionStyle])
                                                                                                                                                           │                          │                 └DefaultSelectionStyle
                                                                                                                                                           │                          │                  └Semantics(container: false, properties: SemanticsProperties, renderObject: RenderSemanticsAnnotations#c9733 relayoutBoundary=up7)
                                                                                                                                                           │                          │                   └GestureDetector(startBehavior: start, dependencies: [MediaQuery, ScrollConfiguration])
                                                                                                                                                           │                          │                    └RawGestureDetector(state: RawGestureDetectorState#972db(gestures: <none>, excludeFromSemantics: true, behavior: opaque))
                                                                                                                                                           │                          │                     └Listener(listeners: [down, panZoomStart], behavior: opaque, renderObject: RenderPointerListener#47dc6 relayoutBoundary=up8)
                                                                                                                                                           │                          │                      └Semantics(container: false, properties: SemanticsProperties, selected: false, renderObject: RenderSemanticsAnnotations#19ddd relayoutBoundary=up9)
                                                                                                                                                           │                          │                       └Ink(bg: ShapeDecoration(color: Color(alpha: 0.0000, red: 0.0000, green: 0.0000, blue: 0.0000, colorSpace: ColorSpace.sRGB), shape: Border.all(BorderSide(width: 0.0, style: none))), state: _InkState#2652d)
                                                                                                                                                           │                          │                        └Padding-[GlobalKey#49793](padding: EdgeInsets.zero, dependencies: [Directionality], renderObject: RenderPadding#533cd relayoutBoundary=up10)
                                                                                                                                                           │                          │                         └Builder(dependencies: [Directionality, MediaQuery, _LocalizationsScope-[GlobalKey#e3136]])
                                                                                                                                                           │                          │                          └SafeArea(avoid left padding, avoid right padding, dependencies: [MediaQuery])
                                                                                                                                                           │                          │                           └Padding(padding: EdgeInsets(16.0, 0.0, 24.0, 0.0), dependencies: [Directionality], renderObject: RenderPadding#a7dec relayoutBoundary=up11)
                                                                                                                                                           │                          │                            └MediaQuery(MediaQueryData(size: Size(800.0, 600.0), devicePixelRatio: 3.0, textScaler: SystemTextScaler (no scaling), platformBrightness: Brightness.light, padding: EdgeInsets.zero, viewPadding: EdgeInsets.zero, viewInsets: EdgeInsets.zero, systemGestureInsets: EdgeInsets.zero, alwaysUse24HourFormat: false, accessibleNavigation: false, highContrast: false, onOffSwitchLabels: false, disableAnimations: false, invertColors: false, boldText: false, navigationMode: traditional, gestureSettings: DeviceGestureSettings(touchSlop: null), displayFeatures: [], supportsShowingSystemContextMenu: false))
                                                                                                                                                           │                          │                             └Builder(dependencies: [IconTheme])
                                                                                                                                                           │                          │                              └IconTheme(color: Color(alpha: 1.0000, red: 0.2863, green: 0.2706, blue: 0.3098, colorSpace: ColorSpace.sRGB))
                                                                                                                                                           │                          │                               └IconButtonTheme
                                                                                                                                                           │                          │                                └_ListTile(renderObject: _RenderListTile#dd4c4 relayoutBoundary=up12)
                                                                                                                                                           │                          │                                 ├AnimatedDefaultTextStyle(duration: 200ms, debugLabel: (((englishLike labelSmall 2021).merge((blackMountainView labelSmall).apply)).copyWith).copyWith, inherit: false, color: Color(alpha: 1.0000, red: 0.2863, green: 0.2706, blue: 0.3098, colorSpace: ColorSpace.sRGB), family: Roboto, size: 11.0, weight: 500, letterSpacing: 0.5, baseline: alphabetic, height: 1.4x, leadingDistribution: even, decoration: Color(alpha: 1.0000, red: 0.1137, green: 0.1059, blue: 0.1255, colorSpace: ColorSpace.sRGB) TextDecoration.none, softWrap: wrapping at box width, overflow: clip, state: _AnimatedDefaultTextStyleState#14177(ticker inactive))
                                                                                                                                                           │                          │                                 │└DefaultTextStyle(debugLabel: (((englishLike labelSmall 2021).merge((blackMountainView labelSmall).apply)).copyWith).copyWith, inherit: false, color: Color(alpha: 1.0000, red: 0.2863, green: 0.2706, blue: 0.3098, colorSpace: ColorSpace.sRGB), family: Roboto, size: 11.0, weight: 500, letterSpacing: 0.5, baseline: alphabetic, height: 1.4x, leadingDistribution: even, decoration: Color(alpha: 1.0000, red: 0.1137, green: 0.1059, blue: 0.1255, colorSpace: ColorSpace.sRGB) TextDecoration.none, softWrap: wrapping at box width, overflow: clip)
                                                                                                                                                           │                          │                                 │ └Icon(IconData(U+0E176), dependencies: [Directionality, IconTheme])
                                                                                                                                                           │                          │                                 │  └Semantics(container: false, properties: SemanticsProperties, renderObject: RenderSemanticsAnnotations#2fb08 relayoutBoundary=up13)
                                                                                                                                                           │                          │                                 │   └ExcludeSemantics(excluding: true, renderObject: RenderExcludeSemantics#ba0d5 relayoutBoundary=up14)
                                                                                                                                                           │                          │                                 │    └SizedBox(width: 24.0, height: 24.0, renderObject: RenderConstrainedBox#b3f30 relayoutBoundary=up15)
                                                                                                                                                           │                          │                                 │     └Center(alignment: Alignment.center, dependencies: [Directionality], renderObject: RenderPositionedBox#d4d48)
                                                                                                                                                           │                          │                                 │      └RichText(textDirection: ltr, softWrap: wrapping at box width, overflow: visible, maxLines: unlimited, text: "", dependencies: [_LocalizationsScope-[GlobalKey#e3136]], renderObject: RenderParagraph#c9184 relayoutBoundary=up1)
                                                                                                                                                           │                          │                                 ├AnimatedDefaultTextStyle(duration: 200ms, debugLabel: (((englishLike bodyLarge 2021).merge((blackMountainView bodyLarge).apply)).copyWith).copyWith, inherit: false, color: Color(alpha: 1.0000, red: 0.1137, green: 0.1059, blue: 0.1255, colorSpace: ColorSpace.sRGB), family: Roboto, size: 16.0, weight: 400, letterSpacing: 0.5, baseline: alphabetic, height: 1.5x, leadingDistribution: even, decoration: Color(alpha: 1.0000, red: 0.1137, green: 0.1059, blue: 0.1255, colorSpace: ColorSpace.sRGB) TextDecoration.none, softWrap: wrapping at box width, overflow: clip, state: _AnimatedDefaultTextStyleState#62aca(ticker inactive))
                                                                                                                                                           │                          │                                 │└DefaultTextStyle(debugLabel: (((englishLike bodyLarge 2021).merge((blackMountainView bodyLarge).apply)).copyWith).copyWith, inherit: false, color: Color(alpha: 1.0000, red: 0.1137, green: 0.1059, blue: 0.1255, colorSpace: ColorSpace.sRGB), family: Roboto, size: 16.0, weight: 400, letterSpacing: 0.5, baseline: alphabetic, height: 1.5x, leadingDistribution: even, decoration: Color(alpha: 1.0000, red: 0.1137, green: 0.1059, blue: 0.1255, colorSpace: ColorSpace.sRGB) TextDecoration.none, softWrap: wrapping at box width, overflow: clip)
                                                                                                                                                           │                          │                                 │ └Text("Version", dependencies: [DefaultSelectionStyle, DefaultTextStyle, MediaQuery])
                                                                                                                                                           │                          │                                 │  └RichText(softWrap: wrapping at box width, maxLines: unlimited, text: "Version", dependencies: [Directionality, _LocalizationsScope-[GlobalKey#e3136]], renderObject: RenderParagraph#ad7e4 relayoutBoundary=up13)
                                                                                                                                                           │                          │                                 └AnimatedDefaultTextStyle(duration: 200ms, debugLabel: (((englishLike bodyMedium 2021).merge((blackMountainView bodyMedium).apply)).copyWith).copyWith, inherit: false, color: Color(alpha: 1.0000, red: 0.2863, green: 0.2706, blue: 0.3098, colorSpace: ColorSpace.sRGB), family: Roboto, size: 14.0, weight: 400, letterSpacing: 0.3, baseline: alphabetic, height: 1.4x, leadingDistribution: even, decoration: Color(alpha: 1.0000, red: 0.1137, green: 0.1059, blue: 0.1255, colorSpace: ColorSpace.sRGB) TextDecoration.none, softWrap: wrapping at box width, overflow: clip, state: _AnimatedDefaultTextStyleState#8ce3b(ticker inactive))
                                                                                                                                                           │                          │                                  └DefaultTextStyle(debugLabel: (((englishLike bodyMedium 2021).merge((blackMountainView bodyMedium).apply)).copyWith).copyWith, inherit: false, color: Color(alpha: 1.0000, red: 0.2863, green: 0.2706, blue: 0.3098, colorSpace: ColorSpace.sRGB), family: Roboto, size: 14.0, weight: 400, letterSpacing: 0.3, baseline: alphabetic, height: 1.4x, leadingDistribution: even, decoration: Color(alpha: 1.0000, red: 0.1137, green: 0.1059, blue: 0.1255, colorSpace: ColorSpace.sRGB) TextDecoration.none, softWrap: wrapping at box width, overflow: clip)
                                                                                                                                                           │                          │                                   └Text("1.0.1", dependencies: [DefaultSelectionStyle, DefaultTextStyle, MediaQuery])
                                                                                                                                                           │                          │                                    └RichText(softWrap: wrapping at box width, maxLines: unlimited, text: "1.0.1", dependencies: [Directionality, _LocalizationsScope-[GlobalKey#e3136]], renderObject: RenderParagraph#ceb67 relayoutBoundary=up13)
                                                                                                                                                           │                          ├KeyedSubtree
                                                                                                                                                           │                          │└AutomaticKeepAlive(state: _AutomaticKeepAliveState#cbb09(handles: no notifications ever received))
                                                                                                                                                           │                          │ └KeepAlive(keepAlive: false)
                                                                                                                                                           │                          │  └NotificationListener<KeepAliveNotification>
                                                                                                                                                           │                          │   └_SelectionKeepAlive(state: _SelectionKeepAliveState#cb052)
                                                                                                                                                           │                          │    └IndexedSemantics(index: 8, renderObject: RenderIndexedSemantics#f461c relayoutBoundary=up3)
                                                                                                                                                           │                          │     └RepaintBoundary(renderObject: RenderRepaintBoundary#e06e9 relayoutBoundary=up4)
                                                                                                                                                           │                          │      └ListTile(onTap: Closure: () => void, dependencies: [Directionality, InheritedCupertinoTheme, _InheritedTheme, _LocalizationsScope-[GlobalKey#e3136]])
                                                                                                                                                           │                          │       └InkWell
                                                                                                                                                           │                          │        └_InkResponseStateWidget(gestures: [tap], mouseCursor: SystemMouseCursor(click), clipped to BoxShape.rectangle, dependencies: [InheritedCupertinoTheme, MediaQuery, _InheritedTheme, _LocalizationsScope-[GlobalKey#e3136]], state: _InkResponseState#07d5e)
                                                                                                                                                           │                          │         └_ParentInkResponseProvider
                                                                                                                                                           │                          │          └Actions(dispatcher: null, actions: {ActivateIntent: CallbackAction<ActivateIntent>#bc433, ButtonActivateIntent: CallbackAction<ButtonActivateIntent>#3b3a8}, state: _ActionsState#92edf)
                                                                                                                                                           │                          │           └_ActionsScope
                                                                                                                                                           │                          │            └Focus(dependencies: [_FocusInheritedScope], state: _FocusState#38f04)
                                                                                                                                                           │                          │             └_FocusInheritedScope
                                                                                                                                                           │                          │              └Semantics(container: false, properties: SemanticsProperties, renderObject: RenderSemanticsAnnotations#7c656 relayoutBoundary=up5)
                                                                                                                                                           │                          │               └MouseRegion(listeners: [enter, exit], cursor: SystemMouseCursor(click), renderObject: RenderMouseRegion#4e03f relayoutBoundary=up6)
                                                                                                                                                           │                          │                └Builder(dependencies: [DefaultSelectionStyle])
                                                                                                                                                           │                          │                 └DefaultSelectionStyle
                                                                                                                                                           │                          │                  └Semantics(container: false, properties: SemanticsProperties, renderObject: RenderSemanticsAnnotations#743ae relayoutBoundary=up7)
                                                                                                                                                           │                          │                   └GestureDetector(startBehavior: start, dependencies: [MediaQuery, ScrollConfiguration])
                                                                                                                                                           │                          │                    └RawGestureDetector(state: RawGestureDetectorState#9a5e1(gestures: [tap], excludeFromSemantics: true, behavior: opaque))
                                                                                                                                                           │                          │                     └Listener(listeners: [down, panZoomStart], behavior: opaque, renderObject: RenderPointerListener#fb6f0 relayoutBoundary=up8)
                                                                                                                                                           │                          │                      └Semantics(container: false, properties: SemanticsProperties, selected: false, renderObject: RenderSemanticsAnnotations#64be3 relayoutBoundary=up9)
                                                                                                                                                           │                          │                       └Ink(bg: ShapeDecoration(color: Color(alpha: 0.0000, red: 0.0000, green: 0.0000, blue: 0.0000, colorSpace: ColorSpace.sRGB), shape: Border.all(BorderSide(width: 0.0, style: none))), state: _InkState#ea46d)
                                                                                                                                                           │                          │                        └Padding-[GlobalKey#eff7f](padding: EdgeInsets.zero, dependencies: [Directionality], renderObject: RenderPadding#a6a6c relayoutBoundary=up10)
                                                                                                                                                           │                          │                         └Builder(dependencies: [Directionality, MediaQuery, _LocalizationsScope-[GlobalKey#e3136]])
                                                                                                                                                           │                          │                          └SafeArea(avoid left padding, avoid right padding, dependencies: [MediaQuery])
                                                                                                                                                           │                          │                           └Padding(padding: EdgeInsets(16.0, 0.0, 24.0, 0.0), dependencies: [Directionality], renderObject: RenderPadding#4d102 relayoutBoundary=up11)
                                                                                                                                                           │                          │                            └MediaQuery(MediaQueryData(size: Size(800.0, 600.0), devicePixelRatio: 3.0, textScaler: SystemTextScaler (no scaling), platformBrightness: Brightness.light, padding: EdgeInsets.zero, viewPadding: EdgeInsets.zero, viewInsets: EdgeInsets.zero, systemGestureInsets: EdgeInsets.zero, alwaysUse24HourFormat: false, accessibleNavigation: false, highContrast: false, onOffSwitchLabels: false, disableAnimations: false, invertColors: false, boldText: false, navigationMode: traditional, gestureSettings: DeviceGestureSettings(touchSlop: null), displayFeatures: [], supportsShowingSystemContextMenu: false))
                                                                                                                                                           │                          │                             └Builder(dependencies: [IconTheme])
                                                                                                                                                           │                          │                              └IconTheme(color: Color(alpha: 1.0000, red: 0.2863, green: 0.2706, blue: 0.3098, colorSpace: ColorSpace.sRGB))
                                                                                                                                                           │                          │                               └IconButtonTheme
                                                                                                                                                           │                          │                                └_ListTile(renderObject: _RenderListTile#73182 relayoutBoundary=up12)
                                                                                                                                                           │                          │                                 ├AnimatedDefaultTextStyle(duration: 200ms, debugLabel: (((englishLike labelSmall 2021).merge((blackMountainView labelSmall).apply)).copyWith).copyWith, inherit: false, color: Color(alpha: 1.0000, red: 0.2863, green: 0.2706, blue: 0.3098, colorSpace: ColorSpace.sRGB), family: Roboto, size: 11.0, weight: 500, letterSpacing: 0.5, baseline: alphabetic, height: 1.4x, leadingDistribution: even, decoration: Color(alpha: 1.0000, red: 0.1137, green: 0.1059, blue: 0.1255, colorSpace: ColorSpace.sRGB) TextDecoration.none, softWrap: wrapping at box width, overflow: clip, state: _AnimatedDefaultTextStyleState#81788(ticker inactive))
                                                                                                                                                           │                          │                                 │└DefaultTextStyle(debugLabel: (((englishLike labelSmall 2021).merge((blackMountainView labelSmall).apply)).copyWith).copyWith, inherit: false, color: Color(alpha: 1.0000, red: 0.2863, green: 0.2706, blue: 0.3098, colorSpace: ColorSpace.sRGB), family: Roboto, size: 11.0, weight: 500, letterSpacing: 0.5, baseline: alphabetic, height: 1.4x, leadingDistribution: even, decoration: Color(alpha: 1.0000, red: 0.1137, green: 0.1059, blue: 0.1255, colorSpace: ColorSpace.sRGB) TextDecoration.none, softWrap: wrapping at box width, overflow: clip)
                                                                                                                                                           │                          │                                 │ └Icon(IconData(U+0E33D), dependencies: [Directionality, IconTheme])
                                                                                                                                                           │                          │                                 │  └Semantics(container: false, properties: SemanticsProperties, renderObject: RenderSemanticsAnnotations#53eda relayoutBoundary=up13)
                                                                                                                                                           │                          │                                 │   └ExcludeSemantics(excluding: true, renderObject: RenderExcludeSemantics#f9ad3 relayoutBoundary=up14)
                                                                                                                                                           │                          │                                 │    └SizedBox(width: 24.0, height: 24.0, renderObject: RenderConstrainedBox#37aac relayoutBoundary=up15)
                                                                                                                                                           │                          │                                 │     └Center(alignment: Alignment.center, dependencies: [Directionality], renderObject: RenderPositionedBox#b7031)
                                                                                                                                                           │                          │                                 │      └RichText(textDirection: ltr, softWrap: wrapping at box width, overflow: visible, maxLines: unlimited, text: "", dependencies: [_LocalizationsScope-[GlobalKey#e3136]], renderObject: RenderParagraph#a7b31 relayoutBoundary=up1)
                                                                                                                                                           │                          │                                 └AnimatedDefaultTextStyle(duration: 200ms, debugLabel: (((englishLike bodyLarge 2021).merge((blackMountainView bodyLarge).apply)).copyWith).copyWith, inherit: false, color: Color(alpha: 1.0000, red: 0.1137, green: 0.1059, blue: 0.1255, colorSpace: ColorSpace.sRGB), family: Roboto, size: 16.0, weight: 400, letterSpacing: 0.5, baseline: alphabetic, height: 1.5x, leadingDistribution: even, decoration: Color(alpha: 1.0000, red: 0.1137, green: 0.1059, blue: 0.1255, colorSpace: ColorSpace.sRGB) TextDecoration.none, softWrap: wrapping at box width, overflow: clip, state: _AnimatedDefaultTextStyleState#6fccf(ticker inactive))
                                                                                                                                                           │                          │                                  └DefaultTextStyle(debugLabel: (((englishLike bodyLarge 2021).merge((blackMountainView bodyLarge).apply)).copyWith).copyWith, inherit: false, color: Color(alpha: 1.0000, red: 0.1137, green: 0.1059, blue: 0.1255, colorSpace: ColorSpace.sRGB), family: Roboto, size: 16.0, weight: 400, letterSpacing: 0.5, baseline: alphabetic, height: 1.5x, leadingDistribution: even, decoration: Color(alpha: 1.0000, red: 0.1137, green: 0.1059, blue: 0.1255, colorSpace: ColorSpace.sRGB) TextDecoration.none, softWrap: wrapping at box width, overflow: clip)
                                                                                                                                                           │                          │                                   └Text("Network Diagnostics", dependencies: [DefaultSelectionStyle, DefaultTextStyle, MediaQuery])
                                                                                                                                                           │                          │                                    └RichText(softWrap: wrapping at box width, maxLines: unlimited, text: "Network Diagnostics", dependencies: [Directionality, _LocalizationsScope-[GlobalKey#e3136]], renderObject: RenderParagraph#518e6 relayoutBoundary=up13)
                                                                                                                                                           │                          ├KeyedSubtree
                                                                                                                                                           │                          │└AutomaticKeepAlive(state: _AutomaticKeepAliveState#199fc(handles: no notifications ever received))
                                                                                                                                                           │                          │ └KeepAlive(keepAlive: false)
                                                                                                                                                           │                          │  └NotificationListener<KeepAliveNotification>
                                                                                                                                                           │                          │   └_SelectionKeepAlive(state: _SelectionKeepAliveState#b5430)
                                                                                                                                                           │                          │    └IndexedSemantics(index: 9, renderObject: RenderIndexedSemantics#d4787 relayoutBoundary=up3)
                                                                                                                                                           │                          │     └RepaintBoundary(renderObject: RenderRepaintBoundary#5512d relayoutBoundary=up4)
                                                                                                                                                           │                          │      └Divider(dependencies: [InheritedCupertinoTheme, _InheritedTheme, _LocalizationsScope-[GlobalKey#e3136]])
                                                                                                                                                           │                          │       └SizedBox(height: 16.0, renderObject: RenderConstrainedBox#4564f relayoutBoundary=up5)
                                                                                                                                                           │                          │        └Center(alignment: Alignment.center, dependencies: [Directionality], renderObject: RenderPositionedBox#a419c)
                                                                                                                                                           │                          │         └Container(bg: BoxDecoration(border: Border(bottom: BorderSide(color: Color(alpha: 1.0000, red: 0.7922, green: 0.7686, blue: 0.8157, colorSpace: ColorSpace.sRGB)))), constraints: BoxConstraints(0.0<=w<=Infinity, h=1.0), margin: EdgeInsets.zero)
                                                                                                                                                           │                          │          └Padding(padding: EdgeInsets.zero, dependencies: [Directionality], renderObject: RenderPadding#a06d3 relayoutBoundary=up1)
                                                                                                                                                           │                          │           └ConstrainedBox(BoxConstraints(0.0<=w<=Infinity, h=1.0), renderObject: RenderConstrainedBox#37c2a relayoutBoundary=up2)
                                                                                                                                                           │                          │            └DecoratedBox(bg: BoxDecoration(border: Border(bottom: BorderSide(color: Color(alpha: 1.0000, red: 0.7922, green: 0.7686, blue: 0.8157, colorSpace: ColorSpace.sRGB)))), dependencies: [Directionality, MediaQuery, _LocalizationsScope-[GlobalKey#e3136]], renderObject: RenderDecoratedBox#dc263 relayoutBoundary=up3)
                                                                                                                                                           │                          │             └Padding(padding: EdgeInsets(0.0, 0.0, 0.0, 1.0), dependencies: [Directionality], renderObject: RenderPadding#f5ae1 relayoutBoundary=up4)
                                                                                                                                                           │                          │              └LimitedBox(maxWidth: 0.0, maxHeight: 0.0, renderObject: RenderLimitedBox#1c983 relayoutBoundary=up5)
                                                                                                                                                           │                          │               └ConstrainedBox(BoxConstraints(biggest), renderObject: RenderConstrainedBox#3335c relayoutBoundary=up6)
                                                                                                                                                           │                          ├KeyedSubtree
                                                                                                                                                           │                          │└AutomaticKeepAlive(state: _AutomaticKeepAliveState#89082(handles: no notifications ever received))
                                                                                                                                                           │                          │ └KeepAlive(keepAlive: false)
                                                                                                                                                           │                          │  └NotificationListener<KeepAliveNotification>
                                                                                                                                                           │                          │   └_SelectionKeepAlive(state: _SelectionKeepAliveState#e8d14)
                                                                                                                                                           │                          │    └IndexedSemantics(index: 10, renderObject: RenderIndexedSemantics#afbcc relayoutBoundary=up3)
                                                                                                                                                           │                          │     └RepaintBoundary(renderObject: RenderRepaintBoundary#7a262 relayoutBoundary=up4)
                                                                                                                                                           │                          │      └Padding(padding: EdgeInsets(16.0, 16.0, 16.0, 8.0), dependencies: [Directionality], renderObject: RenderPadding#4f17f relayoutBoundary=up5)
                                                                                                                                                           │                          │       └Text("DEBUG", debugLabel: ((englishLike labelSmall 2021).merge((blackMountainView labelSmall).apply)).copyWith, inherit: false, color: Color(alpha: 1.0000, red: 0.4039, green: 0.3137, blue: 0.6431, colorSpace: ColorSpace.sRGB), family: Roboto, size: 11.0, weight: 700, letterSpacing: 1.2, baseline: alphabetic, height: 1.4x, leadingDistribution: even, decoration: Color(alpha: 1.0000, red: 0.1137, green: 0.1059, blue: 0.1255, colorSpace: ColorSpace.sRGB) TextDecoration.none, dependencies: [DefaultSelectionStyle, DefaultTextStyle, MediaQuery])
                                                                                                                                                           │                          │        └RichText(softWrap: wrapping at box width, maxLines: unlimited, text: "DEBUG", dependencies: [Directionality, _LocalizationsScope-[GlobalKey#e3136]], renderObject: RenderParagraph#23611 relayoutBoundary=up6)
                                                                                                                                                           │                          └KeyedSubtree
                                                                                                                                                           │                           └AutomaticKeepAlive(state: _AutomaticKeepAliveState#e47a9(handles: no notifications ever received))
                                                                                                                                                           │                            └KeepAlive(keepAlive: false)
                                                                                                                                                           │                             └NotificationListener<KeepAliveNotification>
                                                                                                                                                           │                              └_SelectionKeepAlive(state: _SelectionKeepAliveState#ae5fb)
                                                                                                                                                           │                               └IndexedSemantics(index: 11, renderObject: RenderIndexedSemantics#c19c7 relayoutBoundary=up3 NEEDS-PAINT)
                                                                                                                                                           │                                └RepaintBoundary(renderObject: RenderRepaintBoundary#d1299 relayoutBoundary=up4 NEEDS-PAINT)
                                                                                                                                                           │                                 └SwitchListTile(dependencies: [InheritedCupertinoTheme, _InheritedTheme, _LocalizationsScope-[GlobalKey#e3136]])
                                                                                                                                                           │                                  └MergeSemantics(renderObject: RenderMergeSemantics#2cbd5 relayoutBoundary=up5 NEEDS-PAINT)
                                                                                                                                                           │                                   └ListTile(selectedColor: Color(alpha: 1.0000, red: 0.3843, green: 0.3569, blue: 0.4431, colorSpace: ColorSpace.sRGB), onTap: Closure: () => void, dependencies: [Directionality, InheritedCupertinoTheme, _InheritedTheme, _LocalizationsScope-[GlobalKey#e3136]])
                                                                                                                                                           │                                    └InkWell
                                                                                                                                                           │                                     └_InkResponseStateWidget(gestures: [tap], mouseCursor: SystemMouseCursor(click), clipped to BoxShape.rectangle, dependencies: [InheritedCupertinoTheme, MediaQuery, _InheritedTheme, _LocalizationsScope-[GlobalKey#e3136]], state: _InkResponseState#baa57)
                                                                                                                                                           │                                      └_ParentInkResponseProvider
                                                                                                                                                           │                                       └Actions(dispatcher: null, actions: {ActivateIntent: CallbackAction<ActivateIntent>#ba375, ButtonActivateIntent: CallbackAction<ButtonActivateIntent>#73af3}, state: _ActionsState#d4fed)
                                                                                                                                                           │                                        └_ActionsScope
                                                                                                                                                           │                                         └Focus(dependencies: [_FocusInheritedScope], state: _FocusState#b1607)
                                                                                                                                                           │                                          └_FocusInheritedScope
                                                                                                                                                           │                                           └Semantics(container: false, properties: SemanticsProperties, renderObject: RenderSemanticsAnnotations#b9827 relayoutBoundary=up6 NEEDS-PAINT)
                                                                                                                                                           │                                            └MouseRegion(listeners: [enter, exit], cursor: SystemMouseCursor(click), renderObject: RenderMouseRegion#9ef4a relayoutBoundary=up7 NEEDS-PAINT)
                                                                                                                                                           │                                             └Builder(dependencies: [DefaultSelectionStyle])
                                                                                                                                                           │                                              └DefaultSelectionStyle
                                                                                                                                                           │                                               └Semantics(container: false, properties: SemanticsProperties, renderObject: RenderSemanticsAnnotations#a3a79 relayoutBoundary=up8 NEEDS-PAINT)
                                                                                                                                                           │                                                └GestureDetector(startBehavior: start, dependencies: [MediaQuery, ScrollConfiguration])
                                                                                                                                                           │                                                 └RawGestureDetector(state: RawGestureDetectorState#c1aee(gestures: [tap], excludeFromSemantics: true, behavior: opaque))
                                                                                                                                                           │                                                  └Listener(listeners: [down, panZoomStart], behavior: opaque, renderObject: RenderPointerListener#0fee1 relayoutBoundary=up9 NEEDS-PAINT)
                                                                                                                                                           │                                                   └Semantics(container: false, properties: SemanticsProperties, selected: false, renderObject: RenderSemanticsAnnotations#7309e relayoutBoundary=up10 NEEDS-PAINT)
                                                                                                                                                           │                                                    └Ink(bg: ShapeDecoration(color: Color(alpha: 0.0000, red: 0.0000, green: 0.0000, blue: 0.0000, colorSpace: ColorSpace.sRGB), shape: Border.all(BorderSide(width: 0.0, style: none))), state: _InkState#2d79c)
                                                                                                                                                           │                                                     └Padding-[GlobalKey#d73d2](padding: EdgeInsets.zero, dependencies: [Directionality], renderObject: RenderPadding#9a782 relayoutBoundary=up11 NEEDS-PAINT)
                                                                                                                                                           │                                                      └Builder(dependencies: [Directionality, MediaQuery, _LocalizationsScope-[GlobalKey#e3136]])
                                                                                                                                                           │                                                       └SafeArea(avoid left padding, avoid right padding, dependencies: [MediaQuery])
                                                                                                                                                           │                                                        └Padding(padding: EdgeInsets(16.0, 0.0, 24.0, 0.0), dependencies: [Directionality], renderObject: RenderPadding#de548 relayoutBoundary=up12 NEEDS-PAINT)
                                                                                                                                                           │                                                         └MediaQuery(MediaQueryData(size: Size(800.0, 600.0), devicePixelRatio: 3.0, textScaler: SystemTextScaler (no scaling), platformBrightness: Brightness.light, padding: EdgeInsets.zero, viewPadding: EdgeInsets.zero, viewInsets: EdgeInsets.zero, systemGestureInsets: EdgeInsets.zero, alwaysUse24HourFormat: false, accessibleNavigation: false, highContrast: false, onOffSwitchLabels: false, disableAnimations: false, invertColors: false, boldText: false, navigationMode: traditional, gestureSettings: DeviceGestureSettings(touchSlop: null), displayFeatures: [], supportsShowingSystemContextMenu: false))
                                                                                                                                                           │                                                          └Builder(dependencies: [IconTheme])
                                                                                                                                                           │                                                           └IconTheme(color: Color(alpha: 1.0000, red: 0.2863, green: 0.2706, blue: 0.3098, colorSpace: ColorSpace.sRGB))
                                                                                                                                                           │                                                            └IconButtonTheme
                                                                                                                                                           │                                                             └_ListTile(renderObject: _RenderListTile#4d027 relayoutBoundary=up13 NEEDS-PAINT)
                                                                                                                                                           │                                                              ├AnimatedDefaultTextStyle(duration: 200ms, debugLabel: (((englishLike labelSmall 2021).merge((blackMountainView labelSmall).apply)).copyWith).copyWith, inherit: false, color: Color(alpha: 1.0000, red: 0.2863, green: 0.2706, blue: 0.3098, colorSpace: ColorSpace.sRGB), family: Roboto, size: 11.0, weight: 500, letterSpacing: 0.5, baseline: alphabetic, height: 1.4x, leadingDistribution: even, decoration: Color(alpha: 1.0000, red: 0.1137, green: 0.1059, blue: 0.1255, colorSpace: ColorSpace.sRGB) TextDecoration.none, softWrap: wrapping at box width, overflow: clip, state: _AnimatedDefaultTextStyleState#2458c(ticker inactive))
                                                                                                                                                           │                                                              │└DefaultTextStyle(debugLabel: (((englishLike labelSmall 2021).merge((blackMountainView labelSmall).apply)).copyWith).copyWith, inherit: false, color: Color(alpha: 1.0000, red: 0.2863, green: 0.2706, blue: 0.3098, colorSpace: ColorSpace.sRGB), family: Roboto, size: 11.0, weight: 500, letterSpacing: 0.5, baseline: alphabetic, height: 1.4x, leadingDistribution: even, decoration: Color(alpha: 1.0000, red: 0.1137, green: 0.1059, blue: 0.1255, colorSpace: ColorSpace.sRGB) TextDecoration.none, softWrap: wrapping at box width, overflow: clip)
                                                                                                                                                           │                                                              │ └Icon(IconData(U+0E115), dependencies: [Directionality, IconTheme])
                                                                                                                                                           │                                                              │  └Semantics(container: false, properties: SemanticsProperties, renderObject: RenderSemanticsAnnotations#ae92d relayoutBoundary=up14 NEEDS-PAINT)
                                                                                                                                                           │                                                              │   └ExcludeSemantics(excluding: true, renderObject: RenderExcludeSemantics#a5e84 relayoutBoundary=up15 NEEDS-PAINT)
                                                                                                                                                           │                                                              │    └SizedBox(width: 24.0, height: 24.0, renderObject: RenderConstrainedBox#116a4 relayoutBoundary=up16 NEEDS-PAINT)
                                                                                                                                                           │                                                              │     └Center(alignment: Alignment.center, dependencies: [Directionality], renderObject: RenderPositionedBox#779d7 NEEDS-PAINT)
                                                                                                                                                           │                                                              │      └RichText(textDirection: ltr, softWrap: wrapping at box width, overflow: visible, maxLines: unlimited, text: "", dependencies: [_LocalizationsScope-[GlobalKey#e3136]], renderObject: RenderParagraph#a7947 relayoutBoundary=up1 NEEDS-PAINT)
                                                                                                                                                           │                                                              ├AnimatedDefaultTextStyle(duration: 200ms, debugLabel: (((englishLike bodyLarge 2021).merge((blackMountainView bodyLarge).apply)).copyWith).copyWith, inherit: false, color: Color(alpha: 1.0000, red: 0.1137, green: 0.1059, blue: 0.1255, colorSpace: ColorSpace.sRGB), family: Roboto, size: 16.0, weight: 400, letterSpacing: 0.5, baseline: alphabetic, height: 1.5x, leadingDistribution: even, decoration: Color(alpha: 1.0000, red: 0.1137, green: 0.1059, blue: 0.1255, colorSpace: ColorSpace.sRGB) TextDecoration.none, softWrap: wrapping at box width, overflow: clip, state: _AnimatedDefaultTextStyleState#3569e(ticker inactive))
                                                                                                                                                           │                                                              │└DefaultTextStyle(debugLabel: (((englishLike bodyLarge 2021).merge((blackMountainView bodyLarge).apply)).copyWith).copyWith, inherit: false, color: Color(alpha: 1.0000, red: 0.1137, green: 0.1059, blue: 0.1255, colorSpace: ColorSpace.sRGB), family: Roboto, size: 16.0, weight: 400, letterSpacing: 0.5, baseline: alphabetic, height: 1.5x, leadingDistribution: even, decoration: Color(alpha: 1.0000, red: 0.1137, green: 0.1059, blue: 0.1255, colorSpace: ColorSpace.sRGB) TextDecoration.none, softWrap: wrapping at box width, overflow: clip)
                                                                                                                                                           │                                                              │ └Text("Show Debug Mode", dependencies: [DefaultSelectionStyle, DefaultTextStyle, MediaQuery])
                                                                                                                                                           │                                                              │  └RichText(softWrap: wrapping at box width, maxLines: unlimited, text: "Show Debug Mode", dependencies: [Directionality, _LocalizationsScope-[GlobalKey#e3136]], renderObject: RenderParagraph#7896d relayoutBoundary=up14 NEEDS-PAINT)
                                                                                                                                                           │                                                              ├AnimatedDefaultTextStyle(duration: 200ms, debugLabel: (((englishLike bodyMedium 2021).merge((blackMountainView bodyMedium).apply)).copyWith).copyWith, inherit: false, color: Color(alpha: 1.0000, red: 0.2863, green: 0.2706, blue: 0.3098, colorSpace: ColorSpace.sRGB), family: Roboto, size: 14.0, weight: 400, letterSpacing: 0.3, baseline: alphabetic, height: 1.4x, leadingDistribution: even, decoration: Color(alpha: 1.0000, red: 0.1137, green: 0.1059, blue: 0.1255, colorSpace: ColorSpace.sRGB) TextDecoration.none, softWrap: wrapping at box width, overflow: clip, state: _AnimatedDefaultTextStyleState#50ccc(ticker inactive))
                                                                                                                                                           │                                                              │└DefaultTextStyle(debugLabel: (((englishLike bodyMedium 2021).merge((blackMountainView bodyMedium).apply)).copyWith).copyWith, inherit: false, color: Color(alpha: 1.0000, red: 0.2863, green: 0.2706, blue: 0.3098, colorSpace: ColorSpace.sRGB), family: Roboto, size: 14.0, weight: 400, letterSpacing: 0.3, baseline: alphabetic, height: 1.4x, leadingDistribution: even, decoration: Color(alpha: 1.0000, red: 0.1137, green: 0.1059, blue: 0.1255, colorSpace: ColorSpace.sRGB) TextDecoration.none, softWrap: wrapping at box width, overflow: clip)
                                                                                                                                                           │                                                              │ └Text("Show debug icon in home screen for troubleshooting", dependencies: [DefaultSelectionStyle, DefaultTextStyle, MediaQuery])
                                                                                                                                                           │                                                              │  └RichText(softWrap: wrapping at box width, maxLines: unlimited, text: "Show debug icon in home screen for troubleshooting", dependencies: [Directionality, _LocalizationsScope-[GlobalKey#e3136]], renderObject: RenderParagraph#6a642 relayoutBoundary=up14 NEEDS-PAINT)
                                                                                                                                                           │                                                              └AnimatedDefaultTextStyle(duration: 200ms, debugLabel: (((englishLike labelSmall 2021).merge((blackMountainView labelSmall).apply)).copyWith).copyWith, inherit: false, color: Color(alpha: 1.0000, red: 0.2863, green: 0.2706, blue: 0.3098, colorSpace: ColorSpace.sRGB), family: Roboto, size: 11.0, weight: 500, letterSpacing: 0.5, baseline: alphabetic, height: 1.4x, leadingDistribution: even, decoration: Color(alpha: 1.0000, red: 0.1137, green: 0.1059, blue: 0.1255, colorSpace: ColorSpace.sRGB) TextDecoration.none, softWrap: wrapping at box width, overflow: clip, state: _AnimatedDefaultTextStyleState#4a50d(ticker inactive))
                                                                                                                                                           │                                                               └DefaultTextStyle(debugLabel: (((englishLike labelSmall 2021).merge((blackMountainView labelSmall).apply)).copyWith).copyWith, inherit: false, color: Color(alpha: 1.0000, red: 0.2863, green: 0.2706, blue: 0.3098, colorSpace: ColorSpace.sRGB), family: Roboto, size: 11.0, weight: 500, letterSpacing: 0.5, baseline: alphabetic, height: 1.4x, leadingDistribution: even, decoration: Color(alpha: 1.0000, red: 0.1137, green: 0.1059, blue: 0.1255, colorSpace: ColorSpace.sRGB) TextDecoration.none, softWrap: wrapping at box width, overflow: clip)
                                                                                                                                                           │                                                                └ExcludeFocus
                                                                                                                                                           │                                                                 └Focus(DESCENDANTS UNFOCUSABLE, dependencies: [_FocusInheritedScope], state: _FocusState#0373a)
                                                                                                                                                           │                                                                  └_FocusInheritedScope
                                                                                                                                                           │                                                                   └Switch(value: off, dependencies: [InheritedCupertinoTheme, _InheritedTheme, _LocalizationsScope-[GlobalKey#e3136]])
                                                                                                                                                           │                                                                    └_MaterialSwitch(dependencies: [Directionality, IconTheme, InheritedCupertinoTheme, MediaQuery, _InheritedTheme, _LocalizationsScope-[GlobalKey#e3136]], state: _MaterialSwitchState#9b391(tickers: tracking 4 tickers))
                                                                                                                                                           │                                                                     └Semantics(container: false, properties: SemanticsProperties, renderObject: RenderSemanticsAnnotations#9c00d relayoutBoundary=up14 NEEDS-PAINT)
                                                                                                                                                           │                                                                      └GestureDetector(startBehavior: start, dependencies: [InheritedCupertinoTheme, MediaQuery, ScrollConfiguration, _InheritedTheme, _LocalizationsScope-[GlobalKey#e3136]])
                                                                                                                                                           │                                                                       └RawGestureDetector(state: RawGestureDetectorState#00e03(gestures: [horizontal drag], excludeFromSemantics: true))
                                                                                                                                                           │                                                                        └Listener(listeners: [down, panZoomStart], behavior: deferToChild, renderObject: RenderPointerListener#a7823 relayoutBoundary=up15 NEEDS-PAINT)
                                                                                                                                                           │                                                                         └Opacity(opacity: 1.0, renderObject: RenderOpacity#246cc relayoutBoundary=up16 NEEDS-PAINT)
                                                                                                                                                           │                                                                          └FocusableActionDetector(dependencies: [MediaQuery], state: _FocusableActionDetectorState#48d30)
                                                                                                                                                           │                                                                           └Actions(dispatcher: null, actions: {ActivateIntent: CallbackAction<ActivateIntent>#8e9ae}, state: _ActionsState#4feb3)
                                                                                                                                                           │                                                                            └_ActionsScope
                                                                                                                                                           │                                                                             └MouseRegion-[GlobalKey#582b8](listeners: [enter, exit], cursor: SystemMouseCursor(click), renderObject: RenderMouseRegion#82dba relayoutBoundary=up17 NEEDS-PAINT)
                                                                                                                                                           │                                                                              └Focus(dependencies: [_FocusInheritedScope], state: _FocusState#49b45)
                                                                                                                                                           │                                                                               └_FocusInheritedScope
                                                                                                                                                           │                                                                                └Semantics(container: false, properties: SemanticsProperties, renderObject: RenderSemanticsAnnotations#ab268 relayoutBoundary=up18 NEEDS-PAINT)
                                                                                                                                                           │                                                                                 └GestureDetector(startBehavior: start, dependencies: [MediaQuery, ScrollConfiguration])
                                                                                                                                                           │                                                                                  └RawGestureDetector(state: RawGestureDetectorState#6b702(gestures: [tap]))
                                                                                                                                                           │                                                                                   └_GestureSemantics(renderObject: RenderSemanticsGestureHandler#bbc33 relayoutBoundary=up19 NEEDS-PAINT)
                                                                                                                                                           │                                                                                    └Listener(listeners: [down, panZoomStart], behavior: deferToChild, renderObject: RenderPointerListener#95031 relayoutBoundary=up20 NEEDS-PAINT)
                                                                                                                                                           │                                                                                     └Semantics(container: false, properties: SemanticsProperties, renderObject: RenderSemanticsAnnotations#bb3f0 relayoutBoundary=up21 NEEDS-PAINT)
                                                                                                                                                           │                                                                                      └CustomPaint(renderObject: RenderCustomPaint#2c002 relayoutBoundary=up22 NEEDS-PAINT)
                                                                                                                                                           ├LayoutId-[<_ScaffoldSlot.appBar>](id: _ScaffoldSlot.appBar)
                                                                                                                                                           │└MediaQuery(MediaQueryData(size: Size(800.0, 600.0), devicePixelRatio: 3.0, textScaler: SystemTextScaler (no scaling), platformBrightness: Brightness.light, padding: EdgeInsets.zero, viewPadding: EdgeInsets.zero, viewInsets: EdgeInsets.zero, systemGestureInsets: EdgeInsets.zero, alwaysUse24HourFormat: false, accessibleNavigation: false, highContrast: false, onOffSwitchLabels: false, disableAnimations: false, invertColors: false, boldText: false, navigationMode: traditional, gestureSettings: DeviceGestureSettings(touchSlop: null), displayFeatures: [], supportsShowingSystemContextMenu: false))
                                                                                                                                                           │ └ConstrainedBox(BoxConstraints(0.0<=w<=Infinity, 0.0<=h<=56.0), renderObject: RenderConstrainedBox#8561b relayoutBoundary=up1)
                                                                                                                                                           │  └FlexibleSpaceBarSettings
                                                                                                                                                           │   └AppBar(dependencies: [FlexibleSpaceBarSettings, InheritedCupertinoTheme, _InheritedTheme, _LocalizationsScope-[GlobalKey#e3136], _ModalScopeStatus, _ScrollNotificationObserverScope], state: _AppBarState#610b8)
                                                                                                                                                           │    └Semantics(container: true, properties: SemanticsProperties, renderObject: RenderSemanticsAnnotations#3c076 relayoutBoundary=up2)
                                                                                                                                                           │     └AnnotatedRegion<SystemUiOverlayStyle>(renderObject: RenderAnnotatedRegion<SystemUiOverlayStyle>#05686 relayoutBoundary=up3)
                                                                                                                                                           │      └Material(type: canvas, color: Color(alpha: 1.0000, red: 0.9961, green: 0.9686, blue: 1.0000, colorSpace: ColorSpace.sRGB), shadowColor: Color(alpha: 0.0000, red: 0.0000, green: 0.0000, blue: 0.0000, colorSpace: ColorSpace.sRGB), surfaceTintColor: Color(alpha: 1.0000, red: 0.4039, green: 0.3137, blue: 0.6431, colorSpace: ColorSpace.sRGB), dependencies: [InheritedCupertinoTheme, _InheritedTheme, _LocalizationsScope-[GlobalKey#e3136]], state: _MaterialState#c9c40)
                                                                                                                                                           │       └AnimatedPhysicalModel(duration: 200ms, shape: rectangle, borderRadius: null, elevation: 0.0, color: Color(alpha: 1.0000, red: 0.9961, green: 0.9686, blue: 1.0000, colorSpace: ColorSpace.sRGB), animateColor: false, shadowColor: Color(alpha: 0.0000, red: 0.0000, green: 0.0000, blue: 0.0000, colorSpace: ColorSpace.sRGB), animateShadowColor: true, state: _AnimatedPhysicalModelState#4b718(ticker inactive))
                                                                                                                                                           │        └PhysicalModel(shape: rectangle, borderRadius: BorderRadius.zero, elevation: 0.0, color: Color(alpha: 1.0000, red: 0.9961, green: 0.9686, blue: 1.0000, colorSpace: ColorSpace.sRGB), shadowColor: Color(alpha: 0.0000, red: 0.0000, green: 0.0000, blue: 0.0000, colorSpace: ColorSpace.sRGB), renderObject: RenderPhysicalModel#5ed29 relayoutBoundary=up4)
                                                                                                                                                           │         └NotificationListener<LayoutChangedNotification>
                                                                                                                                                           │          └_InkFeatures-[GlobalKey#51ffe ink renderer](renderObject: _RenderInkFeatures#74e84 relayoutBoundary=up5)
                                                                                                                                                           │           └AnimatedDefaultTextStyle(duration: 200ms, debugLabel: (englishLike bodyMedium 2021).merge((blackMountainView bodyMedium).apply), inherit: false, color: Color(alpha: 1.0000, red: 0.1137, green: 0.1059, blue: 0.1255, colorSpace: ColorSpace.sRGB), family: Roboto, size: 14.0, weight: 400, letterSpacing: 0.3, baseline: alphabetic, height: 1.4x, leadingDistribution: even, decoration: Color(alpha: 1.0000, red: 0.1137, green: 0.1059, blue: 0.1255, colorSpace: ColorSpace.sRGB) TextDecoration.none, softWrap: wrapping at box width, overflow: clip, state: _AnimatedDefaultTextStyleState#6182a(ticker inactive))
                                                                                                                                                           │            └DefaultTextStyle(debugLabel: (englishLike bodyMedium 2021).merge((blackMountainView bodyMedium).apply), inherit: false, color: Color(alpha: 1.0000, red: 0.1137, green: 0.1059, blue: 0.1255, colorSpace: ColorSpace.sRGB), family: Roboto, size: 14.0, weight: 400, letterSpacing: 0.3, baseline: alphabetic, height: 1.4x, leadingDistribution: even, decoration: Color(alpha: 1.0000, red: 0.1137, green: 0.1059, blue: 0.1255, colorSpace: ColorSpace.sRGB) TextDecoration.none, softWrap: wrapping at box width, overflow: clip)
                                                                                                                                                           │             └Semantics(container: false, properties: SemanticsProperties, renderObject: RenderSemanticsAnnotations#2f25a relayoutBoundary=up6)
                                                                                                                                                           │              └Align(alignment: Alignment.topCenter, dependencies: [Directionality], renderObject: RenderPositionedBox#ba7c6 relayoutBoundary=up7)
                                                                                                                                                           │               └SafeArea(avoid left padding, avoid top padding, avoid right padding, dependencies: [MediaQuery])
                                                                                                                                                           │                └Padding(padding: EdgeInsets.zero, dependencies: [Directionality], renderObject: RenderPadding#61bae relayoutBoundary=up8)
                                                                                                                                                           │                 └MediaQuery(MediaQueryData(size: Size(800.0, 600.0), devicePixelRatio: 3.0, textScaler: SystemTextScaler (no scaling), platformBrightness: Brightness.light, padding: EdgeInsets.zero, viewPadding: EdgeInsets.zero, viewInsets: EdgeInsets.zero, systemGestureInsets: EdgeInsets.zero, alwaysUse24HourFormat: false, accessibleNavigation: false, highContrast: false, onOffSwitchLabels: false, disableAnimations: false, invertColors: false, boldText: false, navigationMode: traditional, gestureSettings: DeviceGestureSettings(touchSlop: null), displayFeatures: [], supportsShowingSystemContextMenu: false))
                                                                                                                                                           │                  └ClipRect(renderObject: RenderClipRect#0303a relayoutBoundary=up9)
                                                                                                                                                           │                   └CustomSingleChildLayout(renderObject: RenderCustomSingleChildLayoutBox#fb2ca relayoutBoundary=up10)
                                                                                                                                                           │                    └Builder(dependencies: [IconTheme])
                                                                                                                                                           │                     └IconTheme(size: 24.0, color: Color(alpha: 1.0000, red: 0.1137, green: 0.1059, blue: 0.1255, colorSpace: ColorSpace.sRGB))
                                                                                                                                                           │                      └DefaultTextStyle(debugLabel: ((englishLike bodyMedium 2021).merge((blackMountainView bodyMedium).apply)).copyWith, inherit: false, color: Color(alpha: 1.0000, red: 0.1137, green: 0.1059, blue: 0.1255, colorSpace: ColorSpace.sRGB), family: Roboto, size: 14.0, weight: 400, letterSpacing: 0.3, baseline: alphabetic, height: 1.4x, leadingDistribution: even, decoration: Color(alpha: 1.0000, red: 0.1137, green: 0.1059, blue: 0.1255, colorSpace: ColorSpace.sRGB) TextDecoration.none, softWrap: wrapping at box width, overflow: clip)
                                                                                                                                                           │                       └NavigationToolbar(dependencies: [Directionality])
                                                                                                                                                           │                        └CustomMultiChildLayout(renderObject: RenderCustomMultiChildLayoutBox#4bde9 relayoutBoundary=up11)
                                                                                                                                                           │                         └LayoutId-[<_ToolbarSlot.middle>](id: _ToolbarSlot.middle)
                                                                                                                                                           │                          └Builder(dependencies: [MediaQuery])
                                                                                                                                                           │                           └MediaQuery(MediaQueryData(size: Size(800.0, 600.0), devicePixelRatio: 3.0, textScaler: SystemTextScaler (no scaling) clamped [0.0, 1.34], platformBrightness: Brightness.light, padding: EdgeInsets.zero, viewPadding: EdgeInsets.zero, viewInsets: EdgeInsets.zero, systemGestureInsets: EdgeInsets.zero, alwaysUse24HourFormat: false, accessibleNavigation: false, highContrast: false, onOffSwitchLabels: false, disableAnimations: false, invertColors: false, boldText: false, navigationMode: traditional, gestureSettings: DeviceGestureSettings(touchSlop: null), displayFeatures: [], supportsShowingSystemContextMenu: false))
                                                                                                                                                           │                            └DefaultTextStyle(debugLabel: ((englishLike titleLarge 2021).merge((blackMountainView titleLarge).apply)).copyWith, inherit: false, color: Color(alpha: 1.0000, red: 0.1137, green: 0.1059, blue: 0.1255, colorSpace: ColorSpace.sRGB), family: Roboto, size: 22.0, weight: 400, letterSpacing: 0.0, baseline: alphabetic, height: 1.3x, leadingDistribution: even, decoration: Color(alpha: 1.0000, red: 0.1137, green: 0.1059, blue: 0.1255, colorSpace: ColorSpace.sRGB) TextDecoration.none, softWrap: no wrapping except at line break characters, overflow: ellipsis)
                                                                                                                                                           │                             └Semantics(container: false, properties: SemanticsProperties, renderObject: RenderSemanticsAnnotations#cf075 relayoutBoundary=up12)
                                                                                                                                                           │                              └_AppBarTitleBox(dependencies: [Directionality], renderObject: _RenderAppBarTitleBox#443bf relayoutBoundary=up13)
                                                                                                                                                           │                               └Text("Settings", dependencies: [DefaultSelectionStyle, DefaultTextStyle, MediaQuery])
                                                                                                                                                           │                                └RichText(softWrap: no wrapping except at line break characters, overflow: ellipsis, textScaler: SystemTextScaler (no scaling) clamped [0.0, 1.34], maxLines: unlimited, text: "Settings", dependencies: [Directionality, _LocalizationsScope-[GlobalKey#e3136]], renderObject: RenderParagraph#89b57 relayoutBoundary=up14)
                                                                                                                                                           └LayoutId-[<_ScaffoldSlot.floatingActionButton>](id: _ScaffoldSlot.floatingActionButton)
                                                                                                                                                            └MediaQuery(MediaQueryData(size: Size(800.0, 600.0), devicePixelRatio: 3.0, textScaler: SystemTextScaler (no scaling), platformBrightness: Brightness.light, padding: EdgeInsets.zero, viewPadding: EdgeInsets.zero, viewInsets: EdgeInsets.zero, systemGestureInsets: EdgeInsets.zero, alwaysUse24HourFormat: false, accessibleNavigation: false, highContrast: false, onOffSwitchLabels: false, disableAnimations: false, invertColors: false, boldText: false, navigationMode: traditional, gestureSettings: DeviceGestureSettings(touchSlop: null), displayFeatures: [], supportsShowingSystemContextMenu: false))
                                                                                                                                                             └_FloatingActionButtonTransition(state: _FloatingActionButtonTransitionState#27596(tickers: tracking 1 ticker))
                                                                                                                                                              └Stack(alignment: Alignment.centerRight, fit: loose, dependencies: [Directionality], renderObject: RenderStack#7e405 relayoutBoundary=up1)
                                                                                                                                                               └ScaleTransition(listenable: AnimationMin<double>(_AnimationSwap<double>(AnimationController#17cd3(⏭ 1.000; paused)➩CurveTween(curve: FlippedCurve(Interval(0.5⋯1.0)➩Cubic(0.25, 0.10, 0.25, 1.00)))➩1.0➪ReverseAnimation, AnimationController#17cd3(⏭ 1.000; paused)➩CurveTween(curve: Interval(0.5⋯1.0)➩Cubic(0.25, 0.10, 0.25, 1.00))➩1.0), AnimationController#1537e(⏮ 0.000; paused)➩Cubic(0.42, 0.00, 1.00, 1.00)), state: _AnimatedState#60023)
                                                                                                                                                                └Transform(dependencies: [Directionality], renderObject: RenderTransform#fd268 relayoutBoundary=up2)
                                                                                                                                                                 └RotationTransition(listenable: AnimationController#1537e(⏮ 0.000; paused)➩CurveTween(curve: Cubic(0.42, 0.00, 1.00, 1.00))➩Tween<double>(0.875 → 1.0)➩0.875➩TrainHoppingAnimation(next: _AnimationSwap<double>(AnimationController#17cd3(⏭ 1.000; paused)➩Tween<double>(0.75 → 1.0)➩1.0, AnimationController#17cd3(⏭ 1.000; paused)➩CurveTween(curve: Threshold)➩1.0➪ReverseAnimation)), state: _AnimatedState#0d40d)
                                                                                                                                                                  └Transform(dependencies: [Directionality], renderObject: RenderTransform#48394 relayoutBoundary=up3 NEEDS-PAINT)


00:06 +8: /Users/zackdawood/Documents/Dev/GitHub/bit-switch/test/ui/home_screen_widget_test.dart: HomeScreen shows Wi-Fi info and debug icon when enabled                                              00:06 +8: /Users/zackdawood/Documents/Dev/GitHub/bit-switch/test/ui/screens/settings_screen_test.dart: SettingsScreen shows settings options                                                           
DEBUG TEXTS: [DISCOVERY, Discovery Timeout, 15 seconds, Request Timeout, 3 seconds per request, Auto-refresh, Off - Use manual refresh button, ABOUT, About Bit Switch, Version, 1.0.1, Network Diagnostics, DEBUG, Settings]
00:06 +9: /Users/zackdawood/Documents/Dev/GitHub/bit-switch/test/ui/home_screen_widget_test.dart: HomeScreen shows Wi-Fi info and debug icon when enabled                                              00:06 +9: /Users/zackdawood/Documents/Dev/GitHub/bit-switch/test/ui/screens/settings_screen_test.dart: SettingsScreen shows settings options                                                           
[WiFiService] Error getting SSID: MissingPluginException(No implementation found for method wifiName on channel dev.fluttercommunity.plus/network_info)
00:06 +9: /Users/zackdawood/Documents/Dev/GitHub/bit-switch/test/ui/screens/settings_screen_test.dart: SettingsScreen changes auto refresh                                                             
[WiFiService] Desktop platform - permission granted by default
00:06 +10: /Users/zackdawood/Documents/Dev/GitHub/bit-switch/test/ui/home_screen_widget_test.dart: HomeScreen shows Wi-Fi info and debug icon when enabled                                             00:06 +10: /Users/zackdawood/Documents/Dev/GitHub/bit-switch/test/ui/screens/settings_screen_test.dart: SettingsScreen changes auto refresh                                                            
[WiFiService] getCurrentSsid called (requestPermission: false)
[WiFiService] Calling NetworkInfo.getWifiName()...
00:06 +11: /Users/zackdawood/Documents/Dev/GitHub/bit-switch/test/ui/screens/device_detail_screen_test.dart: DeviceDetailScreen completes wifi setup flow with validation                              00:07 +11: /Users/zackdawood/Documents/Dev/GitHub/bit-switch/test/ui/screens/device_detail_screen_test.dart: DeviceDetailScreen completes wifi setup flow with validation                              00:07 +12: /Users/zackdawood/Documents/Dev/GitHub/bit-switch/test/ui/screens/device_detail_screen_test.dart: DeviceDetailScreen completes wifi setup flow with validation                              00:07 +13: /Users/zackdawood/Documents/Dev/GitHub/bit-switch/test/ui/screens/device_detail_screen_test.dart: DeviceDetailScreen completes wifi setup flow with validation                              00:07 +14: /Users/zackdawood/Documents/Dev/GitHub/bit-switch/test/ui/screens/device_detail_screen_test.dart: DeviceDetailScreen completes wifi setup flow with validation                              00:07 +14: /Users/zackdawood/Documents/Dev/GitHub/bit-switch/test/ui/screens/settings_screen_test.dart: SettingsScreen shows timeout dialog                                                            
[WiFiService] Desktop platform - permission granted by default
00:07 +15: /Users/zackdawood/Documents/Dev/GitHub/bit-switch/test/ui/screens/device_detail_screen_test.dart: DeviceDetailScreen completes wifi setup flow with validation                              00:07 +15: /Users/zackdawood/Documents/Dev/GitHub/bit-switch/test/ui/screens/settings_screen_test.dart: SettingsScreen shows timeout dialog                                                            
[WiFiService] getCurrentSsid called (requestPermission: false)
[WiFiService] Calling NetworkInfo.getWifiName()...
00:07 +16: /Users/zackdawood/Documents/Dev/GitHub/bit-switch/test/ui/screens/device_detail_screen_test.dart: DeviceDetailScreen completes wifi setup flow with validation                              00:07 +17: /Users/zackdawood/Documents/Dev/GitHub/bit-switch/test/ui/screens/device_detail_screen_test.dart: DeviceDetailScreen completes wifi setup flow with validation                              00:07 +17: /Users/zackdawood/Documents/Dev/GitHub/bit-switch/test/ui/screens/device_pairing_screen_test.dart: DevicePairingScreen — discoverDevice step shows error card when discovery fails          
[Pairing] confirmConnectedToDeviceAp: currentSsid=null homeNetworkSsid=null
[Pairing] _discoverDeviceOnAp: probing 10.22.22.1 ports [49153, 49152, 49154, 49151, 49155, 49156, 49157, 49158, 49159]
[Pairing] probeHost result: null — device not reachable at 10.22.22.1
[Pairing] No device found at 10.22.22.1
00:07 +18: /Users/zackdawood/Documents/Dev/GitHub/bit-switch/test/ui/screens/device_detail_screen_test.dart: DeviceDetailScreen completes wifi setup flow with validation                              00:07 +18: /Users/zackdawood/Documents/Dev/GitHub/bit-switch/test/ui/screens/settings_screen_test.dart: SettingsScreen changes auto refresh                                                            
[WiFiService] Error getting SSID: MissingPluginException(No implementation found for method wifiName on channel dev.fluttercommunity.plus/network_info)
00:07 +18: /Users/zackdawood/Documents/Dev/GitHub/bit-switch/test/ui/screens/settings_screen_test.dart: SettingsScreen shows refresh interval option when auto refresh enabled                         
[WiFiService] Desktop platform - permission granted by default
00:07 +19: /Users/zackdawood/Documents/Dev/GitHub/bit-switch/test/ui/screens/device_detail_screen_test.dart: DeviceDetailScreen completes wifi setup flow with validation                              00:07 +19: /Users/zackdawood/Documents/Dev/GitHub/bit-switch/test/ui/screens/settings_screen_test.dart: SettingsScreen shows refresh interval option when auto refresh enabled                         
[WiFiService] getCurrentSsid called (requestPermission: false)
[WiFiService] Calling NetworkInfo.getWifiName()...
00:07 +20: /Users/zackdawood/Documents/Dev/GitHub/bit-switch/test/ui/screens/home_screen_test.dart: HomeScreen reacts to auto-refresh settings change                                                  00:07 +21: /Users/zackdawood/Documents/Dev/GitHub/bit-switch/test/ui/screens/home_screen_test.dart: HomeScreen reacts to auto-refresh settings change                                                  00:07 +22: /Users/zackdawood/Documents/Dev/GitHub/bit-switch/test/ui/screens/settings_screen_test.dart: SettingsScreen shows refresh interval option when auto refresh enabled                         00:07 +23: /Users/zackdawood/Documents/Dev/GitHub/bit-switch/test/ui/screens/device_detail_screen_test.dart: DeviceDetailScreen performs WiFi reset                                                    00:07 +23: /Users/zackdawood/Documents/Dev/GitHub/bit-switch/test/ui/screens/settings_screen_test.dart: SettingsScreen shows timeout dialog                                                            
[WiFiService] Error getting SSID: MissingPluginException(No implementation found for method wifiName on channel dev.fluttercommunity.plus/network_info)
00:07 +23: /Users/zackdawood/Documents/Dev/GitHub/bit-switch/test/ui/screens/settings_screen_test.dart: SettingsScreen shows about dialog                                                              
[WiFiService] Desktop platform - permission granted by default
00:07 +23: /Users/zackdawood/Documents/Dev/GitHub/bit-switch/test/ui/screens/home_screen_test.dart: HomeScreen navigates to settings                                                                   
[WiFiService] Desktop platform - permission granted by default
00:07 +23: /Users/zackdawood/Documents/Dev/GitHub/bit-switch/test/ui/screens/settings_screen_test.dart: SettingsScreen shows about dialog                                                              
[WiFiService] getCurrentSsid called (requestPermission: false)
[WiFiService] Calling NetworkInfo.getWifiName()...
00:07 +24: /Users/zackdawood/Documents/Dev/GitHub/bit-switch/test/ui/screens/device_detail_screen_test.dart: DeviceDetailScreen performs WiFi reset                                                    00:07 +24: /Users/zackdawood/Documents/Dev/GitHub/bit-switch/test/ui/screens/settings_screen_test.dart: SettingsScreen shows refresh interval option when auto refresh enabled                         
[WiFiService] Error getting SSID: MissingPluginException(No implementation found for method wifiName on channel dev.fluttercommunity.plus/network_info)
00:07 +24: /Users/zackdawood/Documents/Dev/GitHub/bit-switch/test/ui/screens/home_screen_test.dart: HomeScreen navigates to settings                                                                   
[WiFiService] getCurrentSsid called (requestPermission: false)
[WiFiService] Calling NetworkInfo.getWifiName()...
[WiFiService] getWifiName() returned: TestWiFi
[WiFiService] Returning SSID: TestWiFi
00:07 +24: /Users/zackdawood/Documents/Dev/GitHub/bit-switch/test/ui/screens/settings_screen_test.dart: SettingsScreen shows diagnostics dialog                                                        
[WiFiService] Desktop platform - permission granted by default
00:07 +25: /Users/zackdawood/Documents/Dev/GitHub/bit-switch/test/ui/screens/device_detail_screen_test.dart: DeviceDetailScreen performs WiFi reset                                                    00:07 +25: /Users/zackdawood/Documents/Dev/GitHub/bit-switch/test/ui/screens/settings_screen_test.dart: SettingsScreen shows diagnostics dialog                                                        
[WiFiService] getCurrentSsid called (requestPermission: false)
[WiFiService] Calling NetworkInfo.getWifiName()...
00:07 +26: /Users/zackdawood/Documents/Dev/GitHub/bit-switch/test/ui/screens/device_detail_screen_test.dart: DeviceDetailScreen performs WiFi reset                                                    00:08 +26: /Users/zackdawood/Documents/Dev/GitHub/bit-switch/test/ui/screens/device_detail_screen_test.dart: DeviceDetailScreen performs WiFi reset                                                    00:08 +27: /Users/zackdawood/Documents/Dev/GitHub/bit-switch/test/ui/screens/settings_screen_test.dart: SettingsScreen shows diagnostics dialog                                                        00:08 +28: /Users/zackdawood/Documents/Dev/GitHub/bit-switch/test/ui/screens/device_pairing_screen_test.dart: DevicePairingScreen — selectNetwork (empty list) shows No networks found text            00:08 +28: /Users/zackdawood/Documents/Dev/GitHub/bit-switch/test/ui/screens/settings_screen_test.dart: SettingsScreen shows about dialog                                                              
[WiFiService] Error getting SSID: MissingPluginException(No implementation found for method wifiName on channel dev.fluttercommunity.plus/network_info)
00:08 +28: /Users/zackdawood/Documents/Dev/GitHub/bit-switch/test/ui/screens/settings_screen_test.dart: SettingsScreen shows diagnostics dialog                                                        
[WiFiService] Error getting SSID: MissingPluginException(No implementation found for method wifiName on channel dev.fluttercommunity.plus/network_info)
00:08 +29: /Users/zackdawood/Documents/Dev/GitHub/bit-switch/test/ui/screens/home_screen_test.dart: HomeScreen error states shows error snackbar on failure                                            00:08 +29: /Users/zackdawood/Documents/Dev/GitHub/bit-switch/test/ui/screens/settings_screen_test.dart: SettingsScreen request timeout dialog chip selection updates provider                          
[WiFiService] Desktop platform - permission granted by default
[WiFiService] getCurrentSsid called (requestPermission: false)
[WiFiService] Calling NetworkInfo.getWifiName()...
00:08 +30: /Users/zackdawood/Documents/Dev/GitHub/bit-switch/test/ui/screens/home_screen_test.dart: HomeScreen error states shows error snackbar on failure                                            00:08 +31: /Users/zackdawood/Documents/Dev/GitHub/bit-switch/test/ui/screens/device_detail_screen_test.dart: DeviceDetailScreen performs Factory reset                                                 00:08 +32: /Users/zackdawood/Documents/Dev/GitHub/bit-switch/test/ui/screens/device_detail_screen_test.dart: DeviceDetailScreen performs Factory reset                                                 00:08 +32: /Users/zackdawood/Documents/Dev/GitHub/bit-switch/test/ui/screens/settings_screen_test.dart: SettingsScreen request timeout dialog chip selection updates provider                          
[WiFiService] Error getting SSID: MissingPluginException(No implementation found for method wifiName on channel dev.fluttercommunity.plus/network_info)
00:08 +32: /Users/zackdawood/Documents/Dev/GitHub/bit-switch/test/ui/screens/settings_screen_test.dart: SettingsScreen disabling show debug option also clears debugMode                               
[WiFiService] Desktop platform - permission granted by default
00:08 +33: /Users/zackdawood/Documents/Dev/GitHub/bit-switch/test/ui/screens/device_detail_screen_test.dart: DeviceDetailScreen performs Factory reset                                                 00:08 +33: /Users/zackdawood/Documents/Dev/GitHub/bit-switch/test/ui/screens/settings_screen_test.dart: SettingsScreen disabling show debug option also clears debugMode                               
[WiFiService] getCurrentSsid called (requestPermission: false)
[WiFiService] Calling NetworkInfo.getWifiName()...
00:08 +34: /Users/zackdawood/Documents/Dev/GitHub/bit-switch/test/ui/widgets/pairing_step_indicator_test.dart: PairingStepIndicator should display intro step correctly                                00:08 +35: /Users/zackdawood/Documents/Dev/GitHub/bit-switch/test/ui/widgets/pairing_step_indicator_test.dart: PairingStepIndicator should display intro step correctly                                00:08 +36: /Users/zackdawood/Documents/Dev/GitHub/bit-switch/test/ui/widgets/pairing_step_indicator_test.dart: PairingStepIndicator should display intro step correctly                                00:08 +37: /Users/zackdawood/Documents/Dev/GitHub/bit-switch/test/ui/widgets/pairing_step_indicator_test.dart: PairingStepIndicator should display intro step correctly                                00:08 +38: /Users/zackdawood/Documents/Dev/GitHub/bit-switch/test/ui/widgets/pairing_step_indicator_test.dart: PairingStepIndicator should display intro step correctly                                00:08 +39: /Users/zackdawood/Documents/Dev/GitHub/bit-switch/test/ui/widgets/pairing_step_indicator_test.dart: PairingStepIndicator should display intro step correctly                                00:08 +39: /Users/zackdawood/Documents/Dev/GitHub/bit-switch/test/ui/screens/settings_screen_test.dart: SettingsScreen disabling show debug option also clears debugMode                               
══╡ EXCEPTION CAUGHT BY FLUTTER TEST FRAMEWORK ╞════════════════════════════════════════════════════
The following StateError was thrown running a test:
Bad state: No element

When the exception was thrown, this was the stack:
#0      Iterable.single (dart:core/iterable.dart:694:25)
#1      WidgetController.element (package:flutter_test/src/controller.dart:868:30)
#2      WidgetController.ensureVisible (package:flutter_test/src/controller.dart:2305:32)
#3      main.<anonymous closure>.<anonymous closure> (file:///Users/zackdawood/Documents/Dev/GitHub/bit-switch/test/ui/screens/settings_screen_test.dart:339:20)
<asynchronous suspension>
#4      testWidgets.<anonymous closure>.<anonymous closure> (package:flutter_test/src/widget_tester.dart:192:15)
<asynchronous suspension>
#5      TestWidgetsFlutterBinding._runTestBody (package:flutter_test/src/binding.dart:1059:5)
<asynchronous suspension>
<asynchronous suspension>
(elided one frame from package:stack_trace)

The test description was:
  disabling show debug option also clears debugMode
════════════════════════════════════════════════════════════════════════════════════════════════════
00:08 +39 -1: /Users/zackdawood/Documents/Dev/GitHub/bit-switch/test/ui/screens/settings_screen_test.dart: SettingsScreen disabling show debug option also clears debugMode [E]                        
  Test failed. See exception logs above.
  The test description was: disabling show debug option also clears debugMode
  

To run this test again: /Users/zackdawood/Documents/flutter/flutter/bin/cache/dart-sdk/bin/dart test /Users/zackdawood/Documents/Dev/GitHub/bit-switch/test/ui/screens/settings_screen_test.dart -p vm --plain-name 'SettingsScreen disabling show debug option also clears debugMode'
00:08 +40 -1: /Users/zackdawood/Documents/Dev/GitHub/bit-switch/test/ui/widgets/pairing_step_indicator_test.dart: PairingStepIndicator should display intro step correctly                             00:08 +41 -1: /Users/zackdawood/Documents/Dev/GitHub/bit-switch/test/ui/widgets/pairing_step_indicator_test.dart: PairingStepIndicator should display intro step correctly                             00:08 +42 -1: /Users/zackdawood/Documents/Dev/GitHub/bit-switch/test/ui/widgets/pairing_step_indicator_test.dart: PairingStepIndicator should display intro step correctly                             00:08 +42 -1: /Users/zackdawood/Documents/Dev/GitHub/bit-switch/test/ui/screens/device_pairing_screen_test.dart: DevicePairingScreen — selectNetwork step interactions network list, manual entry, Use This Network (needs discovery)
[Pairing] confirmConnectedToDeviceAp: currentSsid=null homeNetworkSsid=null
[Pairing] _discoverDeviceOnAp: probing 10.22.22.1 ports [49153, 49152, 49154, 49151, 49155, 49156, 49157, 49158, 49159]
[Pairing] probeHost result: found WeMo Switch at 10.22.22.1:49153
[Pairing] Device found: WeMo Switch at 10.22.22.1:49153
[Pairing] _fetchAvailableNetworks: device=WeMo Switch host=10.22.22.1:49153
00:08 +43 -1: /Users/zackdawood/Documents/Dev/GitHub/bit-switch/test/ui/widgets/pairing_step_indicator_test.dart: PairingStepIndicator should display intro step correctly                             00:08 +43 -1: /Users/zackdawood/Documents/Dev/GitHub/bit-switch/test/ui/screens/settings_screen_test.dart: SettingsScreen disabling show debug option also clears debugMode                            
[WiFiService] Error getting SSID: MissingPluginException(No implementation found for method wifiName on channel dev.fluttercommunity.plus/network_info)
00:08 +44 -1: /Users/zackdawood/Documents/Dev/GitHub/bit-switch/test/ui/screens/home_screen_test.dart: HomeScreen debug panel debug panel clear button clears visible logs                             00:08 +45 -1: /Users/zackdawood/Documents/Dev/GitHub/bit-switch/test/ui/screens/home_screen_test.dart: HomeScreen debug panel debug panel clear button clears visible logs                             00:08 +46 -1: /Users/zackdawood/Documents/Dev/GitHub/bit-switch/test/ui/screens/home_screen_test.dart: HomeScreen debug panel debug panel clear button clears visible logs                             00:08 +47 -1: /Users/zackdawood/Documents/Dev/GitHub/bit-switch/test/ui/screens/home_screen_test.dart: HomeScreen debug panel debug panel clear button clears visible logs                             00:08 +48 -1: /Users/zackdawood/Documents/Dev/GitHub/bit-switch/test/ui/screens/home_screen_test.dart: HomeScreen debug panel debug panel clear button clears visible logs                             00:08 +49 -1: /Users/zackdawood/Documents/Dev/GitHub/bit-switch/test/ui/screens/home_screen_test.dart: HomeScreen debug panel debug panel clear button clears visible logs                             00:08 +50 -1: /Users/zackdawood/Documents/Dev/GitHub/bit-switch/test/ui/screens/device_pairing_screen_test.dart: ... step interactions network list, manual entry, Use This Network (needs discovery)  00:08 +51 -1: /Users/zackdawood/Documents/Dev/GitHub/bit-switch/test/ui/screens/device_pairing_screen_test.dart: ... step interactions network list, manual entry, Use This Network (needs discovery)  00:08 +52 -1: /Users/zackdawood/Documents/Dev/GitHub/bit-switch/test/ui/screens/device_pairing_screen_test.dart: ... step interactions network list, manual entry, Use This Network (needs discovery)  00:08 +53 -1: /Users/zackdawood/Documents/Dev/GitHub/bit-switch/test/ui/screens/device_pairing_screen_test.dart: ... step interactions network list, manual entry, Use This Network (needs discovery)  00:09 +53 -1: /Users/zackdawood/Documents/Dev/GitHub/bit-switch/test/ui/screens/device_pairing_screen_test.dart: ... step interactions network list, manual entry, Use This Network (needs discovery)  00:09 +54 -1: /Users/zackdawood/Documents/Dev/GitHub/bit-switch/test/ui/screens/device_pairing_screen_test.dart: ... step interactions network list, manual entry, Use This Network (needs discovery)  00:09 +55 -1: /Users/zackdawood/Documents/Dev/GitHub/bit-switch/test/ui/screens/device_pairing_screen_test.dart: ... step interactions network list, manual entry, Use This Network (needs discovery)  00:09 +55 -1: /Users/zackdawood/Documents/Dev/GitHub/bit-switch/test/ui/screens/device_detail_screen_test.dart: DeviceDetailScreen wifi setup shows password-short status message                      
[SoapClient] GetBinaryState → http://192.168.1.100:49153/upnp/control/basicevent1 (timeout=3s, retries=3)
00:09 +56 -1: /Users/zackdawood/Documents/Dev/GitHub/bit-switch/test/ui/screens/device_pairing_screen_test.dart: ... step interactions network list, manual entry, Use This Network (needs discovery)  00:09 +56 -1: /Users/zackdawood/Documents/Dev/GitHub/bit-switch/test/ui/screens/device_detail_screen_test.dart: DeviceDetailScreen wifi setup shows password-short status message                      
[SoapClient] GetBinaryState SOAP fault (no retry): SoapException: SoapException: HTTP 400 [action: GetBinaryState] [http: 400]
00:09 +57 -1: /Users/zackdawood/Documents/Dev/GitHub/bit-switch/test/ui/screens/device_pairing_screen_test.dart: ... step interactions network list, manual entry, Use This Network (needs discovery)  00:09 +58 -1: /Users/zackdawood/Documents/Dev/GitHub/bit-switch/test/ui/screens/device_pairing_screen_test.dart: ... step interactions network list, manual entry, Use This Network (needs discovery)  00:09 +59 -1: /Users/zackdawood/Documents/Dev/GitHub/bit-switch/test/ui/screens/device_pairing_screen_test.dart: ... step interactions network list, manual entry, Use This Network (needs discovery)  00:09 +60 -1: /Users/zackdawood/Documents/Dev/GitHub/bit-switch/test/ui/screens/device_pairing_screen_test.dart: ... step interactions network list, manual entry, Use This Network (needs discovery)  00:09 +60 -1: /Users/zackdawood/Documents/Dev/GitHub/bit-switch/test/ui/screens/device_detail_screen_test.dart: DeviceDetailScreen wifi setup shows handshake status message                           
[SoapClient] GetBinaryState → http://192.168.1.100:49153/upnp/control/basicevent1 (timeout=3s, retries=3)
[SoapClient] GetBinaryState SOAP fault (no retry): SoapException: SoapException: HTTP 400 [action: GetBinaryState] [http: 400]
00:09 +61 -1: /Users/zackdawood/Documents/Dev/GitHub/bit-switch/test/ui/screens/device_pairing_screen_test.dart: ... step interactions network list, manual entry, Use This Network (needs discovery)  00:09 +62 -1: /Users/zackdawood/Documents/Dev/GitHub/bit-switch/test/ui/screens/device_pairing_screen_test.dart: ... step interactions network list, manual entry, Use This Network (needs discovery)  00:09 +63 -1: /Users/zackdawood/Documents/Dev/GitHub/bit-switch/test/ui/screens/device_pairing_screen_test.dart: ... step interactions network list, manual entry, Use This Network (needs discovery)  00:09 +63 -1: /Users/zackdawood/Documents/Dev/GitHub/bit-switch/test/ui/screens/device_detail_screen_test.dart: DeviceDetailScreen wifi setup shows user-friendly error on exception                   
[SoapClient] GetBinaryState → http://192.168.1.100:49153/upnp/control/basicevent1 (timeout=3s, retries=3)
[SoapClient] GetBinaryState SOAP fault (no retry): SoapException: SoapException: HTTP 400 [action: GetBinaryState] [http: 400]
00:09 +64 -1: /Users/zackdawood/Documents/Dev/GitHub/bit-switch/test/ui/screens/device_pairing_screen_test.dart: ... step interactions network list, manual entry, Use This Network (needs discovery)  00:09 +65 -1: /Users/zackdawood/Documents/Dev/GitHub/bit-switch/test/ui/screens/device_pairing_screen_test.dart: ... step interactions network list, manual entry, Use This Network (needs discovery)  00:09 +66 -1: /Users/zackdawood/Documents/Dev/GitHub/bit-switch/test/ui/screens/device_pairing_screen_test.dart: ... step interactions network list, manual entry, Use This Network (needs discovery)  00:09 +66 -1: /Users/zackdawood/Documents/Dev/GitHub/bit-switch/test/ui/screens/settings_screen_test.dart: SettingsScreen discovery timeout dialog cancel closes it                                    
[WiFiService] Desktop platform - permission granted by default
[WiFiService] getCurrentSsid called (requestPermission: false)
[WiFiService] Calling NetworkInfo.getWifiName()...
00:09 +67 -1: /Users/zackdawood/Documents/Dev/GitHub/bit-switch/test/ui/screens/device_pairing_screen_test.dart: ... step interactions network list, manual entry, Use This Network (needs discovery)  00:10 +67 -1: /Users/zackdawood/Documents/Dev/GitHub/bit-switch/test/ui/screens/device_pairing_screen_test.dart: ... step interactions network list, manual entry, Use This Network (needs discovery)  00:10 +68 -1: /Users/zackdawood/Documents/Dev/GitHub/bit-switch/test/ui/screens/device_pairing_screen_test.dart: ... step interactions network list, manual entry, Use This Network (needs discovery)  00:10 +68 -1: /Users/zackdawood/Documents/Dev/GitHub/bit-switch/test/ui/screens/device_pairing_screen_test.dart: DevicePairingScreen — selectNetwork step interactions network list, manual entry, Use This Network (needs discovery)
[Pairing] Calling getAvailableNetworks (attempt 1)...
[Pairing] getAvailableNetworks attempt 1 returned 2 networks
00:10 +69 -1: /Users/zackdawood/Documents/Dev/GitHub/bit-switch/test/ui/screens/device_pairing_screen_test.dart: ... step interactions network list, manual entry, Use This Network (needs discovery)  00:10 +70 -1: /Users/zackdawood/Documents/Dev/GitHub/bit-switch/test/ui/screens/device_pairing_screen_test.dart: ... step interactions network list, manual entry, Use This Network (needs discovery)  00:10 +71 -1: /Users/zackdawood/Documents/Dev/GitHub/bit-switch/test/ui/screens/device_pairing_screen_test.dart: ... step interactions network list, manual entry, Use This Network (needs discovery)  00:11 +71 -1: /Users/zackdawood/Documents/Dev/GitHub/bit-switch/test/ui/screens/device_pairing_screen_test.dart: ... step interactions network list, manual entry, Use This Network (needs discovery)  00:11 +72 -1: /Users/zackdawood/Documents/Dev/GitHub/bit-switch/test/ui/screens/device_pairing_screen_test.dart: ... step interactions network list, manual entry, Use This Network (needs discovery)  00:11 +73 -1: /Users/zackdawood/Documents/Dev/GitHub/bit-switch/test/ui/widgets/network_list_tile_test.dart: NetworkListTile should display network SSID                                               00:11 +74 -1: /Users/zackdawood/Documents/Dev/GitHub/bit-switch/test/ui/widgets/network_list_tile_test.dart: NetworkListTile should display network SSID                                               00:11 +75 -1: /Users/zackdawood/Documents/Dev/GitHub/bit-switch/test/ui/widgets/network_list_tile_test.dart: NetworkListTile should display network SSID                                               00:11 +76 -1: /Users/zackdawood/Documents/Dev/GitHub/bit-switch/test/ui/widgets/network_list_tile_test.dart: NetworkListTile should display network SSID                                               00:11 +77 -1: /Users/zackdawood/Documents/Dev/GitHub/bit-switch/test/ui/widgets/network_list_tile_test.dart: NetworkListTile should display network SSID                                               00:11 +78 -1: /Users/zackdawood/Documents/Dev/GitHub/bit-switch/test/ui/widgets/network_list_tile_test.dart: NetworkListTile should display network SSID                                               00:11 +79 -1: /Users/zackdawood/Documents/Dev/GitHub/bit-switch/test/ui/widgets/power_button_test.dart: PowerButton shows on state                                                                     00:11 +80 -1: /Users/zackdawood/Documents/Dev/GitHub/bit-switch/test/ui/widgets/power_button_test.dart: PowerButton shows on state                                                                     00:11 +81 -1: /Users/zackdawood/Documents/Dev/GitHub/bit-switch/test/ui/screens/device_pairing_screen_test.dart: DevicePairingScreen — success step Done button pops route                             00:11 +82 -1: /Users/zackdawood/Documents/Dev/GitHub/bit-switch/test/ui/screens/device_pairing_screen_test.dart: DevicePairingScreen — success step Done button pops route                             00:11 +83 -1: /Users/zackdawood/Documents/Dev/GitHub/bit-switch/test/ui/widgets/power_button_test.dart: PowerButton shows off state                                                                    00:11 +84 -1: /Users/zackdawood/Documents/Dev/GitHub/bit-switch/test/ui/widgets/network_list_tile_test.dart: NetworkListTile should display check icon when selected                                   00:11 +85 -1: /Users/zackdawood/Documents/Dev/GitHub/bit-switch/test/ui/screens/device_pairing_screen_test.dart: ... — error step (canRetry: true) shows error message and Start Over button           00:11 +86 -1: /Users/zackdawood/Documents/Dev/GitHub/bit-switch/test/ui/screens/device_pairing_screen_test.dart: ... — error step (canRetry: true) shows error message and Start Over button           00:11 +87 -1: /Users/zackdawood/Documents/Dev/GitHub/bit-switch/test/ui/widgets/power_button_test.dart: PowerButton handles tap                                                                        00:11 +88 -1: /Users/zackdawood/Documents/Dev/GitHub/bit-switch/test/ui/widgets/network_list_tile_test.dart: NetworkListTile should call onTap when tapped                                             00:11 +89 -1: /Users/zackdawood/Documents/Dev/GitHub/bit-switch/test/ui/widgets/network_list_tile_test.dart: NetworkListTile should call onTap when tapped                                             00:11 +90 -1: /Users/zackdawood/Documents/Dev/GitHub/bit-switch/test/ui/widgets/network_list_tile_test.dart: NetworkListTile should call onTap when tapped                                             00:11 +91 -1: /Users/zackdawood/Documents/Dev/GitHub/bit-switch/test/ui/screens/device_pairing_screen_test.dart: DevicePairingScreen — error step (canRetry: false) shows Cancel but not Start Over    00:11 +92 -1: /Users/zackdawood/Documents/Dev/GitHub/bit-switch/test/ui/screens/device_pairing_screen_test.dart: DevicePairingScreen — error step (canRetry: false) shows Cancel but not Start Over    00:11 +93 -1: /Users/zackdawood/Documents/Dev/GitHub/bit-switch/test/ui/widgets/network_list_tile_test.dart: NetworkListTile should show medium signal icon for medium signal                          00:11 +94 -1: /Users/zackdawood/Documents/Dev/GitHub/bit-switch/test/ui/widgets/network_list_tile_test.dart: NetworkListTile should show medium signal icon for medium signal                          00:11 +94 -1: /Users/zackdawood/Documents/Dev/GitHub/bit-switch/test/ui/widgets/network_list_tile_test.dart: NetworkListTile should show weak signal icon for low signal                               00:11 +95 -1: /Users/zackdawood/Documents/Dev/GitHub/bit-switch/test/ui/widgets/network_list_tile_test.dart: NetworkListTile should show weak signal icon for low signal                               00:11 +95 -1: /Users/zackdawood/Documents/Dev/GitHub/bit-switch/test/ui/widgets/network_list_tile_test.dart: NetworkListTile should show lock icon for secured networks                                00:11 +96 -1: /Users/zackdawood/Documents/Dev/GitHub/bit-switch/test/ui/widgets/network_list_tile_test.dart: NetworkListTile should show lock icon for secured networks                                00:11 +96 -1: loading /Users/zackdawood/Documents/Dev/GitHub/bit-switch/test/ui/widgets/device_card_test.dart                                                                                          00:11 +96 -1: /Users/zackdawood/Documents/Dev/GitHub/bit-switch/test/ui/widgets/device_card_test.dart: DeviceCard renders device name and status                                                       00:12 +96 -1: /Users/zackdawood/Documents/Dev/GitHub/bit-switch/test/ui/widgets/device_card_test.dart: DeviceCard renders device name and status                                                       00:12 +97 -1: /Users/zackdawood/Documents/Dev/GitHub/bit-switch/test/ui/widgets/device_card_test.dart: DeviceCard renders device name and status                                                       00:12 +98 -1: /Users/zackdawood/Documents/Dev/GitHub/bit-switch/test/ui/settings_screen_test.dart: SettingsScreen builds and shows title                                                               00:12 +99 -1: /Users/zackdawood/Documents/Dev/GitHub/bit-switch/test/ui/settings_screen_test.dart: SettingsScreen builds and shows title                                                               00:12 +100 -1: /Users/zackdawood/Documents/Dev/GitHub/bit-switch/test/ui/settings_screen_test.dart: SettingsScreen builds and shows title                                                              00:12 +101 -1: /Users/zackdawood/Documents/Dev/GitHub/bit-switch/test/ui/settings_screen_test.dart: SettingsScreen builds and shows title                                                              00:12 +102 -1: /Users/zackdawood/Documents/Dev/GitHub/bit-switch/test/ui/settings_screen_test.dart: SettingsScreen builds and shows title                                                              00:12 +103 -1: /Users/zackdawood/Documents/Dev/GitHub/bit-switch/test/ui/settings_screen_test.dart: SettingsScreen builds and shows title                                                              00:12 +104 -1: /Users/zackdawood/Documents/Dev/GitHub/bit-switch/test/ui/settings_screen_test.dart: SettingsScreen builds and shows title                                                              00:12 +105 -1: /Users/zackdawood/Documents/Dev/GitHub/bit-switch/test/ui/settings_screen_test.dart: SettingsScreen builds and shows title                                                              00:12 +106 -1: /Users/zackdawood/Documents/Dev/GitHub/bit-switch/test/ui/settings_screen_test.dart: SettingsScreen builds and shows title                                                              00:12 +107 -1: /Users/zackdawood/Documents/Dev/GitHub/bit-switch/test/ui/settings_screen_test.dart: SettingsScreen builds and shows title                                                              00:12 +108 -1: /Users/zackdawood/Documents/Dev/GitHub/bit-switch/test/ui/settings_screen_test.dart: SettingsScreen builds and shows title                                                              00:12 +109 -1: /Users/zackdawood/Documents/Dev/GitHub/bit-switch/test/ui/settings_screen_test.dart: SettingsScreen builds and shows title                                                              00:12 +109 -1: /Users/zackdawood/Documents/Dev/GitHub/bit-switch/test/ui/settings_screen_test.dart: SettingsScreen builds and shows title                                                              
[WiFiService] Desktop platform - permission granted by default
00:12 +109 -1: /Users/zackdawood/Documents/Dev/GitHub/bit-switch/test/core/soap_client_test.dart: SoapClient call should send correct request and parse response                                       
[SoapClient] GetBinaryState → http://192.168.1.100:49153/upnp/control/basicevent1 (timeout=3s, retries=1)
00:12 +110 -1: /Users/zackdawood/Documents/Dev/GitHub/bit-switch/test/ui/settings_screen_test.dart: SettingsScreen builds and shows title                                                              00:12 +110 -1: /Users/zackdawood/Documents/Dev/GitHub/bit-switch/test/core/soap_client_test.dart: SoapClient call should send correct request and parse response                                       
[SoapClient] GetBinaryState success on attempt 1
00:12 +111 -1: /Users/zackdawood/Documents/Dev/GitHub/bit-switch/test/ui/settings_screen_test.dart: SettingsScreen builds and shows title                                                              00:12 +111 -1: /Users/zackdawood/Documents/Dev/GitHub/bit-switch/test/core/soap_client_test.dart: SoapClient call should handle SOAP Fault                                                             
[SoapClient] InvalidAction → http://192.168.1.100:49153/upnp/control/basicevent1 (timeout=3s, retries=1)
[SoapClient] InvalidAction SOAP fault (no retry): SoapException: SoapException: UPnPError [action: InvalidAction] [code: s:Client] [fault: UPnPError] [error: 401]
00:12 +112 -1: /Users/zackdawood/Documents/Dev/GitHub/bit-switch/test/ui/settings_screen_test.dart: SettingsScreen builds and shows title                                                              00:12 +112 -1: /Users/zackdawood/Documents/Dev/GitHub/bit-switch/test/core/soap_client_test.dart: SoapClient call should handle HTTP error                                                             
[SoapClient] GetBinaryState → http://192.168.1.100:49153/upnp/control/basicevent1 (timeout=3s, retries=1)
[SoapClient] GetBinaryState SOAP fault (no retry): SoapException: SoapException: HTTP 404 [action: GetBinaryState] [http: 404]
00:12 +113 -1: /Users/zackdawood/Documents/Dev/GitHub/bit-switch/test/ui/settings_screen_test.dart: SettingsScreen builds and shows title                                                              00:12 +113 -1: /Users/zackdawood/Documents/Dev/GitHub/bit-switch/test/core/soap_client_test.dart: SoapClient call should handle empty response element                                                 
[SoapClient] SetBinaryState → http://192.168.1.100:49153/upnp/control/basicevent1 (timeout=3s, retries=1)
[SoapClient] SetBinaryState success on attempt 1
00:12 +114 -1: /Users/zackdawood/Documents/Dev/GitHub/bit-switch/test/ui/settings_screen_test.dart: SettingsScreen builds and shows title                                                              00:12 +114 -1: /Users/zackdawood/Documents/Dev/GitHub/bit-switch/test/core/soap_client_test.dart: SoapClient call should try finding response without namespace prefix if first attempt fails          
[SoapClient] GetBinaryState → http://192.168.1.100:49153/upnp/control/basicevent1 (timeout=3s, retries=1)
[SoapClient] GetBinaryState success on attempt 1
00:12 +115 -1: /Users/zackdawood/Documents/Dev/GitHub/bit-switch/test/ui/settings_screen_test.dart: SettingsScreen builds and shows title                                                              00:12 +115 -1: /Users/zackdawood/Documents/Dev/GitHub/bit-switch/test/core/soap_client_test.dart: SoapClient call should throw if response element not found                                           
[SoapClient] GetBinaryState → http://192.168.1.100:49153/upnp/control/basicevent1 (timeout=3s, retries=1)
[SoapClient] GetBinaryState SOAP fault (no retry): SoapException: SoapException: No response element found for GetBinaryState [action: GetBinaryState]
00:12 +116 -1: /Users/zackdawood/Documents/Dev/GitHub/bit-switch/test/ui/settings_screen_test.dart: SettingsScreen builds and shows title                                                              00:12 +116 -1: /Users/zackdawood/Documents/Dev/GitHub/bit-switch/test/core/soap_client_test.dart: SoapClient call should retry on network failure                                                      
[SoapClient] GetBinaryState → http://192.168.1.100:49153/upnp/control/basicevent1 (timeout=3s, retries=3)
[SoapClient] GetBinaryState attempt 1/3 failed: _Exception: Exception: Network error
[SoapClient] GetBinaryState attempt 2/3 failed: _Exception: Exception: Network error
[SoapClient] GetBinaryState success on attempt 3
00:12 +117 -1: /Users/zackdawood/Documents/Dev/GitHub/bit-switch/test/ui/settings_screen_test.dart: SettingsScreen builds and shows title                                                              00:12 +117 -1: /Users/zackdawood/Documents/Dev/GitHub/bit-switch/test/core/soap_client_test.dart: SoapClient call should throw NetworkException after max retries                                      
[SoapClient] GetBinaryState → http://192.168.1.100:49153/upnp/control/basicevent1 (timeout=3s, retries=3)
[SoapClient] GetBinaryState attempt 1/3 failed: _Exception: Exception: Network error
[SoapClient] GetBinaryState attempt 2/3 failed: _Exception: Exception: Network error
[SoapClient] GetBinaryState attempt 3/3 failed: _Exception: Exception: Network error
[SoapClient] GetBinaryState exhausted all 3 retries. Last error: Exception: Network error
00:12 +118 -1: /Users/zackdawood/Documents/Dev/GitHub/bit-switch/test/ui/settings_screen_test.dart: SettingsScreen builds and shows title                                                              00:12 +119 -1: /Users/zackdawood/Documents/Dev/GitHub/bit-switch/test/ui/settings_screen_test.dart: SettingsScreen builds and shows title                                                              00:12 +120 -1: /Users/zackdawood/Documents/Dev/GitHub/bit-switch/test/ui/settings_screen_test.dart: SettingsScreen builds and shows title                                                              00:12 +120 -1: /Users/zackdawood/Documents/Dev/GitHub/bit-switch/test/core/soap_client_test.dart: SoapClient maxRetriesOverride = 1 makes exactly one HTTP attempt                                     
[SoapClient] GetBinaryState → http://192.168.1.100:49153/upnp/control/basicevent1 (timeout=3s, retries=1)
[SoapClient] GetBinaryState attempt 1/1 failed: _Exception: Exception: fail
[SoapClient] GetBinaryState exhausted all 1 retries. Last error: Exception: fail
00:12 +121 -1: /Users/zackdawood/Documents/Dev/GitHub/bit-switch/test/ui/settings_screen_test.dart: SettingsScreen builds and shows title                                                              00:12 +122 -1: /Users/zackdawood/Documents/Dev/GitHub/bit-switch/test/ui/settings_screen_test.dart: SettingsScreen builds and shows title                                                              00:12 +123 -1: /Users/zackdawood/Documents/Dev/GitHub/bit-switch/test/ui/settings_screen_test.dart: SettingsScreen builds and shows title                                                              00:12 +124 -1: /Users/zackdawood/Documents/Dev/GitHub/bit-switch/test/ui/settings_screen_test.dart: SettingsScreen builds and shows title                                                              00:12 +125 -1: /Users/zackdawood/Documents/Dev/GitHub/bit-switch/test/ui/settings_screen_test.dart: SettingsScreen builds and shows title                                                              00:12 +126 -1: /Users/zackdawood/Documents/Dev/GitHub/bit-switch/test/ui/settings_screen_test.dart: SettingsScreen builds and shows title                                                              00:12 +126 -1: /Users/zackdawood/Documents/Dev/GitHub/bit-switch/test/ui/settings_screen_test.dart: SettingsScreen builds and shows title                                                              
[WiFiService] getCurrentSsid called (requestPermission: false)
[WiFiService] Calling NetworkInfo.getWifiName()...
00:13 +127 -1: /Users/zackdawood/Documents/Dev/GitHub/bit-switch/test/core/ssdp_client_test.dart: SsdpClient probe should return null if connection fails                                              00:13 +128 -1: /Users/zackdawood/Documents/Dev/GitHub/bit-switch/test/core/ssdp_client_test.dart: SsdpClient probe should return null if connection fails                                              00:13 +128 -1: /Users/zackdawood/Documents/Dev/GitHub/bit-switch/test/core/ssdp_client_test.dart: SsdpClient buildMSearchRequest with custom ST and MX                                                 00:13 +129 -1: /Users/zackdawood/Documents/Dev/GitHub/bit-switch/test/core/ssdp_client_test.dart: SsdpClient buildMSearchRequest with custom ST and MX                                                 00:13 +129 -1: /Users/zackdawood/Documents/Dev/GitHub/bit-switch/test/core/ssdp_client_test.dart: SsdpClient parseResponse should handle malformed USN gracefully                                      00:13 +130 -1: /Users/zackdawood/Documents/Dev/GitHub/bit-switch/test/core/ssdp_client_test.dart: SsdpClient parseResponse should handle malformed USN gracefully                                      00:13 +130 -1: /Users/zackdawood/Documents/Dev/GitHub/bit-switch/test/core/ssdp_client_test.dart: SsdpClient parseResponse should return null for completely invalid data                              00:13 +131 -1: /Users/zackdawood/Documents/Dev/GitHub/bit-switch/test/core/ssdp_client_test.dart: SsdpClient parseResponse should return null for completely invalid data                              00:13 +131 -1: /Users/zackdawood/Documents/Dev/GitHub/bit-switch/test/core/ssdp_client_test.dart: SsdpClient parseResponse should handle USN with known prefix                                         00:13 +132 -1: /Users/zackdawood/Documents/Dev/GitHub/bit-switch/test/core/ssdp_client_test.dart: SsdpClient parseResponse should handle USN with known prefix                                         00:13 +132 -1: /Users/zackdawood/Documents/Dev/GitHub/bit-switch/test/core/ssdp_client_test.dart: SsdpClient parseResponse should handle various USN formats                                           00:13 +133 -1: /Users/zackdawood/Documents/Dev/GitHub/bit-switch/test/core/ssdp_client_test.dart: SsdpClient parseResponse should handle various USN formats                                           00:13 +133 -1: /Users/zackdawood/Documents/Dev/GitHub/bit-switch/test/core/ssdp_client_test.dart: SsdpClient probe should return response if port is open                                              00:13 +134 -1: /Users/zackdawood/Documents/Dev/GitHub/bit-switch/test/core/soap_client_retry_test.dart: SoapClient retry and error handling retries and succeeds on second attempt                     00:13 +134 -1: /Users/zackdawood/Documents/Dev/GitHub/bit-switch/test/core/soap_client_retry_test.dart: SoapClient retry and error handling retries and succeeds on second attempt                     
[SoapClient] GetBinaryState → http://192.168.1.100:49153/upnp/control/basicevent1 (timeout=3s, retries=2)
[SoapClient] GetBinaryState attempt 1/2 failed: _Exception: Exception: transient network error
[SoapClient] GetBinaryState success on attempt 2
00:13 +135 -1: /Users/zackdawood/Documents/Dev/GitHub/bit-switch/test/core/ssdp_client_test.dart: SsdpClient discover emits device for direct UDP response and deduplicates                            00:13 +135 -1: /Users/zackdawood/Documents/Dev/GitHub/bit-switch/test/core/soap_client_retry_test.dart: SoapClient retry and error handling exhausts retries and throws NetworkException with attemptCount
[SoapClient] GetBinaryState → http://192.168.1.100:49153/upnp/control/basicevent1 (timeout=3s, retries=2)
[SoapClient] GetBinaryState attempt 1/2 failed: _Exception: Exception: permanent failure
[SoapClient] GetBinaryState attempt 2/2 failed: _Exception: Exception: permanent failure
[SoapClient] GetBinaryState exhausted all 2 retries. Last error: Exception: permanent failure
00:13 +136 -1: /Users/zackdawood/Documents/Dev/GitHub/bit-switch/test/core/ssdp_client_test.dart: SsdpClient discover emits device for direct UDP response and deduplicates                            00:13 +136 -1: /Users/zackdawood/Documents/Dev/GitHub/bit-switch/test/core/soap_client_retry_test.dart: SoapClient retry and error handling non-200 non-500 HTTP returns SoapException with httpStatusCode
[SoapClient] GetBinaryState → http://192.168.1.100:49153/upnp/control/basicevent1 (timeout=3s, retries=1)
[SoapClient] GetBinaryState SOAP fault (no retry): SoapException: SoapException: HTTP 404 [action: GetBinaryState] [http: 404]
00:13 +137 -1: /Users/zackdawood/Documents/Dev/GitHub/bit-switch/test/core/ssdp_client_test.dart: SsdpClient discover emits device for direct UDP response and deduplicates                            00:13 +138 -1: /Users/zackdawood/Documents/Dev/GitHub/bit-switch/test/core/ssdp_client_test.dart: SsdpClient discover emits device for direct UDP response and deduplicates                            00:13 +139 -1: /Users/zackdawood/Documents/Dev/GitHub/bit-switch/test/core/ssdp_client_test.dart: SsdpClient discover emits device for direct UDP response and deduplicates                            00:13 +140 -1: /Users/zackdawood/Documents/Dev/GitHub/bit-switch/test/core/ssdp_client_test.dart: SsdpClient discover emits device for direct UDP response and deduplicates                            00:13 +141 -1: /Users/zackdawood/Documents/Dev/GitHub/bit-switch/test/core/ssdp_client_test.dart: SsdpClient discover emits device for direct UDP response and deduplicates                            00:13 +142 -1: /Users/zackdawood/Documents/Dev/GitHub/bit-switch/test/core/ssdp_client_test.dart: SsdpClient discover emits device for direct UDP response and deduplicates                            00:13 +143 -1: /Users/zackdawood/Documents/Dev/GitHub/bit-switch/test/core/ssdp_client_test.dart: SsdpClient discover emits device for direct UDP response and deduplicates                            00:13 +144 -1: /Users/zackdawood/Documents/Dev/GitHub/bit-switch/test/core/ssdp_client_test.dart: SsdpClient discover emits device for direct UDP response and deduplicates                            00:13 +145 -1: /Users/zackdawood/Documents/Dev/GitHub/bit-switch/test/core/ssdp_client_test.dart: SsdpClient discover emits device for direct UDP response and deduplicates                            00:13 +146 -1: /Users/zackdawood/Documents/Dev/GitHub/bit-switch/test/core/ssdp_client_test.dart: SsdpClient discover emits device for direct UDP response and deduplicates                            00:13 +147 -1: /Users/zackdawood/Documents/Dev/GitHub/bit-switch/test/core/ssdp_client_test.dart: SsdpClient discover emits device for direct UDP response and deduplicates                            00:13 +148 -1: /Users/zackdawood/Documents/Dev/GitHub/bit-switch/test/core/ssdp_client_test.dart: SsdpClient discover emits device for direct UDP response and deduplicates                            00:13 +149 -1: /Users/zackdawood/Documents/Dev/GitHub/bit-switch/test/core/ssdp_client_test.dart: SsdpClient discover emits device for direct UDP response and deduplicates                            00:13 +150 -1: /Users/zackdawood/Documents/Dev/GitHub/bit-switch/test/core/ssdp_client_test.dart: SsdpClient discover emits device for direct UDP response and deduplicates                            00:13 +151 -1: /Users/zackdawood/Documents/Dev/GitHub/bit-switch/test/core/ssdp_client_test.dart: SsdpClient discover emits device for direct UDP response and deduplicates                            00:13 +152 -1: /Users/zackdawood/Documents/Dev/GitHub/bit-switch/test/core/ssdp_client_test.dart: SsdpClient discover emits device for direct UDP response and deduplicates                            00:13 +153 -1: /Users/zackdawood/Documents/Dev/GitHub/bit-switch/test/core/ssdp_client_test.dart: SsdpClient discover emits device for direct UDP response and deduplicates                            00:13 +154 -1: /Users/zackdawood/Documents/Dev/GitHub/bit-switch/test/core/ssdp_client_test.dart: SsdpClient discover emits device for direct UDP response and deduplicates                            00:13 +155 -1: /Users/zackdawood/Documents/Dev/GitHub/bit-switch/test/core/ssdp_client_test.dart: SsdpClient discover emits device for direct UDP response and deduplicates                            00:13 +156 -1: /Users/zackdawood/Documents/Dev/GitHub/bit-switch/test/core/ssdp_client_test.dart: SsdpClient discover emits device for direct UDP response and deduplicates                            00:13 +157 -1: /Users/zackdawood/Documents/Dev/GitHub/bit-switch/test/core/ssdp_client_test.dart: SsdpClient discover emits device for direct UDP response and deduplicates                            00:13 +158 -1: /Users/zackdawood/Documents/Dev/GitHub/bit-switch/test/core/ssdp_client_test.dart: SsdpClient discover emits device for direct UDP response and deduplicates                            00:13 +159 -1: /Users/zackdawood/Documents/Dev/GitHub/bit-switch/test/core/ssdp_client_test.dart: SsdpClient discover emits device for direct UDP response and deduplicates                            00:13 +160 -1: /Users/zackdawood/Documents/Dev/GitHub/bit-switch/test/core/ssdp_client_test.dart: SsdpClient discover emits device for direct UDP response and deduplicates                            00:13 +161 -1: /Users/zackdawood/Documents/Dev/GitHub/bit-switch/test/core/ssdp_client_test.dart: SsdpClient discover emits device for direct UDP response and deduplicates                            00:13 +162 -1: /Users/zackdawood/Documents/Dev/GitHub/bit-switch/test/core/ssdp_client_test.dart: SsdpClient discover emits device for direct UDP response and deduplicates                            00:13 +163 -1: /Users/zackdawood/Documents/Dev/GitHub/bit-switch/test/core/ssdp_client_test.dart: SsdpClient discover emits device for direct UDP response and deduplicates                            00:13 +164 -1: /Users/zackdawood/Documents/Dev/GitHub/bit-switch/test/core/ssdp_client_test.dart: SsdpClient discover emits device for direct UDP response and deduplicates                            00:13 +164 -1: /Users/zackdawood/Documents/Dev/GitHub/bit-switch/test/core/soap_client_no_response_test.dart: SoapClient parse failure cases throws SoapException when expected response element missing
[SoapClient] GetBinaryState → http://192.168.1.100:49153/upnp/control/basicevent1 (timeout=3s, retries=1)
[SoapClient] GetBinaryState SOAP fault (no retry): SoapException: SoapException: No response element found for GetBinaryState [action: GetBinaryState]
00:13 +165 -1: /Users/zackdawood/Documents/Dev/GitHub/bit-switch/test/core/ssdp_client_test.dart: SsdpClient discover emits device for direct UDP response and deduplicates                            00:13 +165 -1: /Users/zackdawood/Documents/Dev/GitHub/bit-switch/test/core/soap_client_no_response_test.dart: SoapClient parse failure cases parses UPnP errorCode from SOAP Fault (500)               
[SoapClient] InvalidAction → http://192.168.1.100:49153/upnp/control/basicevent1 (timeout=3s, retries=1)
[SoapClient] InvalidAction SOAP fault (no retry): SoapException: SoapException: UPnPError [action: InvalidAction] [code: s:Client] [fault: UPnPError] [error: 401]
00:13 +166 -1: /Users/zackdawood/Documents/Dev/GitHub/bit-switch/test/core/ssdp_client_test.dart: SsdpClient discover emits device for direct UDP response and deduplicates                            00:13 +167 -1: /Users/zackdawood/Documents/Dev/GitHub/bit-switch/test/core/ssdp_client_test.dart: SsdpClient discover emits device for direct UDP response and deduplicates                            00:13 +168 -1: /Users/zackdawood/Documents/Dev/GitHub/bit-switch/test/core/ssdp_client_test.dart: SsdpClient discover emits device for direct UDP response and deduplicates                            00:13 +169 -1: /Users/zackdawood/Documents/Dev/GitHub/bit-switch/test/core/ssdp_client_test.dart: SsdpClient discover emits device for direct UDP response and deduplicates                            00:13 +170 -1: /Users/zackdawood/Documents/Dev/GitHub/bit-switch/test/core/ssdp_client_test.dart: SsdpClient discover emits device for direct UDP response and deduplicates                            00:13 +171 -1: /Users/zackdawood/Documents/Dev/GitHub/bit-switch/test/core/ssdp_client_test.dart: SsdpClient discover emits device for direct UDP response and deduplicates                            00:13 +172 -1: /Users/zackdawood/Documents/Dev/GitHub/bit-switch/test/core/ssdp_client_test.dart: SsdpClient discover emits device for direct UDP response and deduplicates                            00:13 +173 -1: /Users/zackdawood/Documents/Dev/GitHub/bit-switch/test/core/ssdp_client_test.dart: SsdpClient discover emits device for direct UDP response and deduplicates                            00:14 +173 -1: /Users/zackdawood/Documents/Dev/GitHub/bit-switch/test/core/ssdp_client_test.dart: SsdpClient discover emits device for direct UDP response and deduplicates                            00:14 +174 -1: /Users/zackdawood/Documents/Dev/GitHub/bit-switch/test/core/ssdp_client_test.dart: SsdpClient discover emits device for direct UDP response and deduplicates                            00:14 +175 -1: /Users/zackdawood/Documents/Dev/GitHub/bit-switch/test/core/ssdp_client_test.dart: SsdpClient discover emits device for direct UDP response and deduplicates                            00:14 +176 -1: /Users/zackdawood/Documents/Dev/GitHub/bit-switch/test/core/ssdp_client_test.dart: SsdpClient discover emits device for direct UDP response and deduplicates                            00:14 +177 -1: /Users/zackdawood/Documents/Dev/GitHub/bit-switch/test/core/ssdp_client_test.dart: SsdpClient discover emits device for direct UDP response and deduplicates                            00:14 +178 -1: /Users/zackdawood/Documents/Dev/GitHub/bit-switch/test/core/ssdp_client_test.dart: SsdpClient discover emits device for direct UDP response and deduplicates                            00:14 +179 -1: /Users/zackdawood/Documents/Dev/GitHub/bit-switch/test/core/ssdp_client_test.dart: SsdpClient discover emits device for direct UDP response and deduplicates                            00:14 +180 -1: /Users/zackdawood/Documents/Dev/GitHub/bit-switch/test/core/ssdp_client_test.dart: SsdpClient discover emits device for direct UDP response and deduplicates                            00:14 +181 -1: /Users/zackdawood/Documents/Dev/GitHub/bit-switch/test/core/ssdp_client_test.dart: SsdpClient discover emits device for direct UDP response and deduplicates                            00:14 +182 -1: /Users/zackdawood/Documents/Dev/GitHub/bit-switch/test/core/ssdp_client_test.dart: SsdpClient discover emits device for direct UDP response and deduplicates                            00:14 +183 -1: /Users/zackdawood/Documents/Dev/GitHub/bit-switch/test/core/ssdp_client_test.dart: SsdpClient discover emits device for direct UDP response and deduplicates                            00:14 +184 -1: /Users/zackdawood/Documents/Dev/GitHub/bit-switch/test/core/ssdp_client_test.dart: SsdpClient discover emits device for direct UDP response and deduplicates                            00:14 +185 -1: /Users/zackdawood/Documents/Dev/GitHub/bit-switch/test/core/ssdp_client_test.dart: SsdpClient discover emits device for direct UDP response and deduplicates                            00:14 +186 -1: /Users/zackdawood/Documents/Dev/GitHub/bit-switch/test/core/ssdp_client_test.dart: SsdpClient discover emits device for direct UDP response and deduplicates                            00:14 +187 -1: /Users/zackdawood/Documents/Dev/GitHub/bit-switch/test/core/ssdp_client_test.dart: SsdpClient discover emits device for direct UDP response and deduplicates                            00:14 +188 -1: /Users/zackdawood/Documents/Dev/GitHub/bit-switch/test/core/ssdp_client_test.dart: SsdpClient discover emits device for direct UDP response and deduplicates                            00:14 +189 -1: /Users/zackdawood/Documents/Dev/GitHub/bit-switch/test/core/ssdp_client_test.dart: SsdpClient discover emits device for direct UDP response and deduplicates                            00:14 +190 -1: /Users/zackdawood/Documents/Dev/GitHub/bit-switch/test/core/ssdp_client_test.dart: SsdpClient discover emits device for direct UDP response and deduplicates                            00:14 +191 -1: /Users/zackdawood/Documents/Dev/GitHub/bit-switch/test/core/ssdp_client_test.dart: SsdpClient discover emits device for direct UDP response and deduplicates                            00:14 +192 -1: /Users/zackdawood/Documents/Dev/GitHub/bit-switch/test/core/ssdp_client_test.dart: SsdpClient discover emits device for direct UDP response and deduplicates                            00:14 +193 -1: /Users/zackdawood/Documents/Dev/GitHub/bit-switch/test/core/ssdp_client_test.dart: SsdpClient discover emits device for direct UDP response and deduplicates                            00:14 +194 -1: /Users/zackdawood/Documents/Dev/GitHub/bit-switch/test/core/ssdp_client_test.dart: SsdpClient discover emits device for direct UDP response and deduplicates                            00:14 +195 -1: /Users/zackdawood/Documents/Dev/GitHub/bit-switch/test/core/ssdp_client_test.dart: SsdpClient discover emits device for direct UDP response and deduplicates                            00:14 +196 -1: /Users/zackdawood/Documents/Dev/GitHub/bit-switch/test/core/ssdp_client_test.dart: SsdpClient discover emits device for direct UDP response and deduplicates                            00:14 +197 -1: /Users/zackdawood/Documents/Dev/GitHub/bit-switch/test/core/ssdp_client_test.dart: SsdpClient discover emits device for direct UDP response and deduplicates                            00:14 +198 -1: /Users/zackdawood/Documents/Dev/GitHub/bit-switch/test/core/ssdp_client_test.dart: SsdpClient discover emits device for direct UDP response and deduplicates                            00:14 +199 -1: /Users/zackdawood/Documents/Dev/GitHub/bit-switch/test/core/ssdp_client_test.dart: SsdpClient discover emits device for direct UDP response and deduplicates                            00:14 +200 -1: /Users/zackdawood/Documents/Dev/GitHub/bit-switch/test/core/ssdp_client_test.dart: SsdpClient discover emits device for direct UDP response and deduplicates                            00:14 +201 -1: /Users/zackdawood/Documents/Dev/GitHub/bit-switch/test/core/ssdp_client_test.dart: SsdpClient discover emits device for direct UDP response and deduplicates                            00:14 +202 -1: /Users/zackdawood/Documents/Dev/GitHub/bit-switch/test/core/ssdp_client_test.dart: SsdpClient discover emits device for direct UDP response and deduplicates                            00:14 +203 -1: /Users/zackdawood/Documents/Dev/GitHub/bit-switch/test/core/ssdp_client_test.dart: SsdpClient discover emits device for direct UDP response and deduplicates                            00:14 +204 -1: /Users/zackdawood/Documents/Dev/GitHub/bit-switch/test/core/ssdp_client_test.dart: SsdpClient discover emits device for direct UDP response and deduplicates                            00:14 +205 -1: /Users/zackdawood/Documents/Dev/GitHub/bit-switch/test/core/ssdp_client_test.dart: SsdpClient discover emits device for direct UDP response and deduplicates                            00:14 +206 -1: /Users/zackdawood/Documents/Dev/GitHub/bit-switch/test/core/ssdp_client_test.dart: SsdpClient discover emits device for direct UDP response and deduplicates                            00:14 +207 -1: /Users/zackdawood/Documents/Dev/GitHub/bit-switch/test/core/ssdp_client_test.dart: SsdpClient discover emits device for direct UDP response and deduplicates                            00:14 +208 -1: /Users/zackdawood/Documents/Dev/GitHub/bit-switch/test/core/ssdp_client_test.dart: SsdpClient discover emits device for direct UDP response and deduplicates                            00:14 +209 -1: /Users/zackdawood/Documents/Dev/GitHub/bit-switch/test/core/ssdp_client_test.dart: SsdpClient discover emits device for direct UDP response and deduplicates                            00:14 +210 -1: /Users/zackdawood/Documents/Dev/GitHub/bit-switch/test/core/ssdp_client_test.dart: SsdpClient discover emits device for direct UDP response and deduplicates                            00:14 +211 -1: /Users/zackdawood/Documents/Dev/GitHub/bit-switch/test/core/ssdp_client_test.dart: SsdpClient discover emits device for direct UDP response and deduplicates                            00:14 +212 -1: /Users/zackdawood/Documents/Dev/GitHub/bit-switch/test/core/ssdp_client_test.dart: SsdpClient discover emits device for direct UDP response and deduplicates                            00:14 +213 -1: /Users/zackdawood/Documents/Dev/GitHub/bit-switch/test/core/ssdp_client_test.dart: SsdpClient discover emits device for direct UDP response and deduplicates                            00:14 +214 -1: /Users/zackdawood/Documents/Dev/GitHub/bit-switch/test/core/ssdp_client_test.dart: SsdpClient discover emits device for direct UDP response and deduplicates                            00:14 +215 -1: /Users/zackdawood/Documents/Dev/GitHub/bit-switch/test/core/ssdp_client_test.dart: SsdpClient discover emits device for direct UDP response and deduplicates                            00:14 +216 -1: /Users/zackdawood/Documents/Dev/GitHub/bit-switch/test/core/ssdp_client_test.dart: SsdpClient discover emits device for direct UDP response and deduplicates                            00:14 +217 -1: /Users/zackdawood/Documents/Dev/GitHub/bit-switch/test/core/ssdp_client_test.dart: SsdpClient discover emits device for direct UDP response and deduplicates                            00:14 +218 -1: /Users/zackdawood/Documents/Dev/GitHub/bit-switch/test/core/ssdp_client_test.dart: SsdpClient discover emits device for direct UDP response and deduplicates                            00:14 +219 -1: /Users/zackdawood/Documents/Dev/GitHub/bit-switch/test/core/ssdp_client_test.dart: SsdpClient discover emits device for direct UDP response and deduplicates                            00:14 +220 -1: /Users/zackdawood/Documents/Dev/GitHub/bit-switch/test/core/ssdp_client_test.dart: SsdpClient discover emits device for direct UDP response and deduplicates                            00:14 +221 -1: /Users/zackdawood/Documents/Dev/GitHub/bit-switch/test/core/ssdp_client_test.dart: SsdpClient discover emits device for direct UDP response and deduplicates                            00:14 +222 -1: /Users/zackdawood/Documents/Dev/GitHub/bit-switch/test/core/ssdp_client_test.dart: SsdpClient discover emits device for direct UDP response and deduplicates                            00:14 +223 -1: /Users/zackdawood/Documents/Dev/GitHub/bit-switch/test/core/ssdp_client_test.dart: SsdpClient discover emits device for direct UDP response and deduplicates                            00:14 +224 -1: /Users/zackdawood/Documents/Dev/GitHub/bit-switch/test/core/ssdp_client_test.dart: SsdpClient discover emits device for direct UDP response and deduplicates                            00:14 +225 -1: /Users/zackdawood/Documents/Dev/GitHub/bit-switch/test/core/ssdp_client_test.dart: SsdpClient discover emits device for direct UDP response and deduplicates                            00:14 +226 -1: /Users/zackdawood/Documents/Dev/GitHub/bit-switch/test/core/ssdp_client_test.dart: SsdpClient discover emits device for direct UDP response and deduplicates                            00:14 +227 -1: /Users/zackdawood/Documents/Dev/GitHub/bit-switch/test/core/ssdp_client_test.dart: SsdpClient discover emits device for direct UDP response and deduplicates                            00:14 +228 -1: /Users/zackdawood/Documents/Dev/GitHub/bit-switch/test/core/ssdp_client_test.dart: SsdpClient discover emits device for direct UDP response and deduplicates                            00:14 +229 -1: /Users/zackdawood/Documents/Dev/GitHub/bit-switch/test/core/ssdp_client_test.dart: SsdpClient discover emits device for direct UDP response and deduplicates                            00:14 +230 -1: /Users/zackdawood/Documents/Dev/GitHub/bit-switch/test/core/ssdp_client_test.dart: SsdpClient discover emits device for direct UDP response and deduplicates                            00:14 +231 -1: /Users/zackdawood/Documents/Dev/GitHub/bit-switch/test/core/ssdp_client_test.dart: SsdpClient discover emits device for direct UDP response and deduplicates                            00:14 +232 -1: /Users/zackdawood/Documents/Dev/GitHub/bit-switch/test/core/ssdp_client_test.dart: SsdpClient discover emits device for direct UDP response and deduplicates                            00:14 +233 -1: /Users/zackdawood/Documents/Dev/GitHub/bit-switch/test/core/ssdp_client_test.dart: SsdpClient discover emits device for direct UDP response and deduplicates                            00:14 +234 -1: /Users/zackdawood/Documents/Dev/GitHub/bit-switch/test/core/ssdp_client_test.dart: SsdpClient discover emits device for direct UDP response and deduplicates                            00:14 +235 -1: /Users/zackdawood/Documents/Dev/GitHub/bit-switch/test/core/ssdp_client_test.dart: SsdpClient discover emits device for direct UDP response and deduplicates                            00:15 +235 -1: /Users/zackdawood/Documents/Dev/GitHub/bit-switch/test/core/ssdp_client_test.dart: SsdpClient discover emits device for direct UDP response and deduplicates                            00:15 +235 -1: /Users/zackdawood/Documents/Dev/GitHub/bit-switch/test/debug_settings_dump_test.dart: dump settings screen tree                                                                         
[WiFiService] Desktop platform - permission granted by default
00:15 +235 -1: /Users/zackdawood/Documents/Dev/GitHub/bit-switch/test/core/ssdp_client_test.dart: SsdpClient discover emits device for direct UDP response and deduplicates                            00:15 +236 -1: /Users/zackdawood/Documents/Dev/GitHub/bit-switch/test/core/ssdp_client_test.dart: SsdpClient discover emits device for direct UDP response and deduplicates                            00:15 +237 -1: /Users/zackdawood/Documents/Dev/GitHub/bit-switch/test/core/ssdp_client_test.dart: SsdpClient discover emits device for direct UDP response and deduplicates                            00:15 +238 -1: /Users/zackdawood/Documents/Dev/GitHub/bit-switch/test/core/ssdp_client_test.dart: SsdpClient discover emits device for direct UDP response and deduplicates                            00:15 +239 -1: /Users/zackdawood/Documents/Dev/GitHub/bit-switch/test/core/ssdp_client_test.dart: SsdpClient discover emits device for direct UDP response and deduplicates                            00:15 +240 -1: /Users/zackdawood/Documents/Dev/GitHub/bit-switch/test/core/ssdp_client_test.dart: SsdpClient discover emits device for direct UDP response and deduplicates                            00:15 +240 -1: /Users/zackdawood/Documents/Dev/GitHub/bit-switch/test/debug_settings_dump_test.dart: dump settings screen tree                                                                         
[WiFiService] getCurrentSsid called (requestPermission: false)
[WiFiService] Calling NetworkInfo.getWifiName()...
00:15 +240 -1: /Users/zackdawood/Documents/Dev/GitHub/bit-switch/test/core/ssdp_client_test.dart: SsdpClient discover emits device for direct UDP response and deduplicates                            00:15 +241 -1: /Users/zackdawood/Documents/Dev/GitHub/bit-switch/test/core/ssdp_client_test.dart: SsdpClient discover emits device for direct UDP response and deduplicates                            00:15 +242 -1: /Users/zackdawood/Documents/Dev/GitHub/bit-switch/test/core/ssdp_client_test.dart: SsdpClient discover emits device for direct UDP response and deduplicates                            00:15 +243 -1: /Users/zackdawood/Documents/Dev/GitHub/bit-switch/test/core/ssdp_client_test.dart: SsdpClient discover emits device for direct UDP response and deduplicates                            00:15 +244 -1: /Users/zackdawood/Documents/Dev/GitHub/bit-switch/test/core/ssdp_client_test.dart: SsdpClient discover emits device for direct UDP response and deduplicates                            00:15 +245 -1: /Users/zackdawood/Documents/Dev/GitHub/bit-switch/test/core/ssdp_client_test.dart: SsdpClient discover emits device for direct UDP response and deduplicates                            00:15 +246 -1: /Users/zackdawood/Documents/Dev/GitHub/bit-switch/test/core/ssdp_client_test.dart: SsdpClient discover emits device for direct UDP response and deduplicates                            00:15 +247 -1: /Users/zackdawood/Documents/Dev/GitHub/bit-switch/test/core/ssdp_client_test.dart: SsdpClient discover emits device for direct UDP response and deduplicates                            00:15 +248 -1: /Users/zackdawood/Documents/Dev/GitHub/bit-switch/test/core/ssdp_client_test.dart: SsdpClient discover emits device for direct UDP response and deduplicates                            00:15 +249 -1: /Users/zackdawood/Documents/Dev/GitHub/bit-switch/test/core/ssdp_client_test.dart: SsdpClient discover emits device for direct UDP response and deduplicates                            00:15 +249 -1: /Users/zackdawood/Documents/Dev/GitHub/bit-switch/test/providers/device_provider_discovery_test.dart: DeviceProvider discovery and probe probeDeviceByIp succeeds when TCP port open and probeHost returns device
[SoapClient] GetBinaryState → http://127.0.0.1:54306/upnp/control/basicevent1 (timeout=3s, retries=3)
00:15 +250 -1: /Users/zackdawood/Documents/Dev/GitHub/bit-switch/test/core/ssdp_client_test.dart: SsdpClient discover emits device for direct UDP response and deduplicates                            00:15 +251 -1: /Users/zackdawood/Documents/Dev/GitHub/bit-switch/test/core/ssdp_client_test.dart: SsdpClient discover emits device for direct UDP response and deduplicates                            00:15 +252 -1: /Users/zackdawood/Documents/Dev/GitHub/bit-switch/test/core/ssdp_client_test.dart: SsdpClient discover emits device for direct UDP response and deduplicates                            00:15 +252 -1: /Users/zackdawood/Documents/Dev/GitHub/bit-switch/test/providers/device_provider_discovery_test.dart: DeviceProvider discovery and probe probeDeviceByIp succeeds when TCP port open and probeHost returns device
[SoapClient] GetBinaryState attempt 1/3 failed: SocketException: SocketException: Connection refused (OS Error: Connection refused, errno = 61), address = 127.0.0.1, port = 54308
00:16 +252 -1: /Users/zackdawood/Documents/Dev/GitHub/bit-switch/test/debug_settings_dump_test.dart: dump settings screen tree                                                                         
AutomatedTestWidgetsFlutterBinding - DEBUG MODE
[root]
└View(state: _ViewState#ba526)
 └RawView
  └_RawViewInternal-[_DeprecatedRawViewKey TestFlutterView#e05ef](renderObject: _ReusableRenderView#f4565)
   └_ViewScope
    └_PipelineOwnerScope
     └_MediaQueryFromView(state: _MediaQueryFromViewState#9f45c)
      └MediaQuery(MediaQueryData(size: Size(800.0, 600.0), devicePixelRatio: 3.0, textScaler: SystemTextScaler (no scaling), platformBrightness: Brightness.light, padding: EdgeInsets.zero, viewPadding: EdgeInsets.zero, viewInsets: EdgeInsets.zero, systemGestureInsets: EdgeInsets.zero, alwaysUse24HourFormat: false, accessibleNavigation: false, highContrast: false, onOffSwitchLabels: false, disableAnimations: false, invertColors: false, boldText: false, navigationMode: traditional, gestureSettings: DeviceGestureSettings(touchSlop: null), displayFeatures: [], supportsShowingSystemContextMenu: false))
       └FocusTraversalGroup(policy: ReadingOrderTraversalPolicy#b9373, state: _FocusTraversalGroupState#9b0be)
        └Focus(debugLabel: "FocusTraversalGroup", focusNode: _FocusTraversalGroupNode#13c7a(FocusTraversalGroup [IN FOCUS PATH]), state: _FocusState#b438a)
         └_FocusInheritedScope
          └_FocusScopeWithExternalFocusNode(debugLabel: "View Scope", focusNode: FocusScopeNode#db4f5(View Scope [IN FOCUS PATH]), dependencies: [_FocusInheritedScope], state: _FocusScopeState#7aeee)
           └_FocusInheritedScope
            └MultiProvider
             └_NestedHook
              └SingleChildBuilder
               └_InheritedProviderScope<SettingsProvider?>(listening to value)
                └_InheritedProviderScope<DeviceProvider?>(listening to value)
                 └MaterialApp(state: _MaterialAppState#2153c)
                  └ScrollConfiguration(behavior: MaterialScrollBehavior)
                   └HeroControllerScope
                    └Focus(dependencies: [_FocusInheritedScope], state: _FocusState#d32e4)
                     └_FocusInheritedScope
                      └Semantics(container: false, properties: SemanticsProperties, renderObject: RenderSemanticsAnnotations#a05e2)
                       └WidgetsApp-[GlobalObjectKey _MaterialAppState#2153c](state: _WidgetsAppState#521cb)
                        └RootRestorationScope(state: _RootRestorationScopeState#9da0d)
                         └UnmanagedRestorationScope
                          └RestorationScope(dependencies: [UnmanagedRestorationScope], state: _RestorationScopeState#7b27e)
                           └UnmanagedRestorationScope
                            └SharedAppData(state: _SharedAppDataState#5a3c6)
                             └_SharedAppModel
                              └NotificationListener<NavigationNotification>
                               └Shortcuts(shortcuts: <Default WidgetsApp Shortcuts>, state: _ShortcutsState#b56f7)
                                └Focus(debugLabel: "Shortcuts", dependencies: [_FocusInheritedScope], state: _FocusState#8d5a9)
                                 └_FocusInheritedScope
                                  └Semantics(container: false, properties: SemanticsProperties, renderObject: RenderSemanticsAnnotations#d137d)
                                   └DefaultTextEditingShortcuts
                                    └Shortcuts(shortcuts: <Default Text Editing Shortcuts>, state: _ShortcutsState#8a7c0)
                                     └Focus(debugLabel: "Shortcuts", dependencies: [_FocusInheritedScope], state: _FocusState#e0381)
                                      └_FocusInheritedScope
                                       └Semantics(container: false, properties: SemanticsProperties, renderObject: RenderSemanticsAnnotations#2bbda)
                                        └Actions(dispatcher: null, actions: {DoNothingIntent: DoNothingAction#7379b, DoNothingAndStopPropagationIntent: DoNothingAction#7c698, RequestFocusIntent: RequestFocusAction#ee090, NextFocusIntent: NextFocusAction#5637b, PreviousFocusIntent: PreviousFocusAction#54c73, DirectionalFocusIntent: DirectionalFocusAction#e33da, ScrollIntent: _OverridableContextAction<ScrollIntent>#48496(defaultAction: ScrollAction#4b80e), PrioritizedIntents: PrioritizedAction#609c0, VoidCallbackIntent: VoidCallbackAction#baa8d}, state: _ActionsState#a48ac)
                                         └_ActionsScope
                                          └FocusTraversalGroup(policy: ReadingOrderTraversalPolicy#09628, state: _FocusTraversalGroupState#9225c)
                                           └Focus(debugLabel: "FocusTraversalGroup", focusNode: _FocusTraversalGroupNode#98b1e(FocusTraversalGroup [IN FOCUS PATH]), dependencies: [_FocusInheritedScope], state: _FocusState#cce2f)
                                            └_FocusInheritedScope
                                             └TapRegionSurface(renderObject: RenderTapRegionSurface#827eb)
                                              └ShortcutRegistrar(state: _ShortcutRegistrarState#7064a)
                                               └_ShortcutRegistrarScope
                                                └Shortcuts(manager: ShortcutManager#28d0f(shortcuts: {}), shortcuts: {}, state: _ShortcutsState#e1dcf)
                                                 └Focus(debugLabel: "Shortcuts", dependencies: [_FocusInheritedScope], state: _FocusState#f02f2)
                                                  └_FocusInheritedScope
                                                   └Semantics(container: false, properties: SemanticsProperties, renderObject: RenderSemanticsAnnotations#e2d8a)
                                                    └ListenableBuilder(listenable: LocalizationsResolver, state: _AnimatedState#ba8df)
                                                     └Localizations(locale: en_US, delegates: [DefaultMaterialLocalizations.delegate(en_US), DefaultCupertinoLocalizations.delegate(en_US), DefaultWidgetsLocalizations.delegate(en_US)], state: _LocalizationsState#804e8)
                                                      └Semantics(container: false, properties: SemanticsProperties, textDirection: ltr, renderObject: RenderSemanticsAnnotations#b095a)
                                                       └_LocalizationsScope-[GlobalKey#a90c3]
                                                        └Directionality(textDirection: ltr)
                                                         └Title(color: Color(alpha: 1.0000, red: 0.1294, green: 0.5882, blue: 0.9529, colorSpace: ColorSpace.sRGB))
                                                          └CheckedModeBanner("DEBUG")
                                                           └Banner(dependencies: [Directionality], state: _BannerState#31263("DEBUG", textDirection: ltr, location: topEnd, Color(alpha: 0.6275, red: 0.7176, green: 0.1098, blue: 0.1098, colorSpace: ColorSpace.sRGB), text inherit: true, text color: Color(alpha: 1.0000, red: 1.0000, green: 1.0000, blue: 1.0000, colorSpace: ColorSpace.sRGB), text size: 10.2, text weight: 900, text height: 1.0x))
                                                            └CustomPaint(renderObject: RenderCustomPaint#716b5)
                                                             └ValueListenableBuilder<bool>(state: _ValueListenableBuilderState<bool>#a4394)
                                                              └DefaultTextStyle(debugLabel: fallback style; consider putting your text in a Material, inherit: true, color: Color(alpha: 0.8157, red: 1.0000, green: 0.0000, blue: 0.0000, colorSpace: ColorSpace.sRGB), family: monospace, size: 48.0, weight: 900, decoration: double Color(alpha: 1.0000, red: 1.0000, green: 1.0000, blue: 0.0000, colorSpace: ColorSpace.sRGB) TextDecoration.underline, softWrap: wrapping at box width, overflow: clip)
                                                               └Builder(dependencies: [MediaQuery])
                                                                └AnimatedTheme(duration: 200ms, state: _AnimatedThemeState#c205e(ticker inactive, ThemeDataTween(ThemeData#c32df → ThemeData#c32df)))
                                                                 └Theme(ThemeData#c32df, dependencies: [MediaQuery])
                                                                  └_InheritedTheme
                                                                   └CupertinoTheme(brightness: light, primaryColor: Color(alpha: 1.0000, red: 0.4039, green: 0.3137, blue: 0.6431, colorSpace: ColorSpace.sRGB), scaffoldBackgroundColor: Color(alpha: 1.0000, red: 0.9961, green: 0.9686, blue: 1.0000, colorSpace: ColorSpace.sRGB), actionTextStyle: TextStyle(inherit: false, color: Color(alpha: 1.0000, red: 0.4039, green: 0.3137, blue: 0.6431, colorSpace: ColorSpace.sRGB), family: CupertinoSystemText, size: 17.0, letterSpacing: -0.4, decoration: TextDecoration.none), actionSmallTextStyle: TextStyle(inherit: false, color: Color(alpha: 1.0000, red: 0.4039, green: 0.3137, blue: 0.6431, colorSpace: ColorSpace.sRGB), family: CupertinoSystemText, size: 15.0, letterSpacing: -0.2, decoration: TextDecoration.none), navActionTextStyle: TextStyle(inherit: false, color: Color(alpha: 1.0000, red: 0.4039, green: 0.3137, blue: 0.6431, colorSpace: ColorSpace.sRGB), family: CupertinoSystemText, size: 17.0, letterSpacing: -0.4, decoration: TextDecoration.none))
                                                                    └InheritedCupertinoTheme
                                                                     └IconTheme(color: Color(alpha: 1.0000, red: 0.4039, green: 0.3137, blue: 0.6431, colorSpace: ColorSpace.sRGB))
                                                                      └IconTheme(color: Color(alpha: 0.8667, red: 0.0000, green: 0.0000, blue: 0.0000, colorSpace: ColorSpace.sRGB))
                                                                       └DefaultSelectionStyle
                                                                        └ScaffoldMessenger(dependencies: [MediaQuery], state: ScaffoldMessengerState#1ff49)
                                                                         └_ScaffoldMessengerScope
                                                                          └DefaultSelectionStyle
                                                                           └FocusScope(debugLabel: "Navigator Scope", AUTOFOCUS, dependencies: [_FocusInheritedScope], state: _FocusScopeState#de1a1)
                                                                            └Semantics(container: false, properties: SemanticsProperties, renderObject: RenderSemanticsAnnotations#691ee)
                                                                             └_FocusInheritedScope
                                                                              └Navigator-[GlobalObjectKey<NavigatorState> _WidgetsAppState#521cb](dependencies: [HeroControllerScope, InheritedCupertinoTheme, UnmanagedRestorationScope, _InheritedTheme, _LocalizationsScope-[GlobalKey#a90c3]], state: NavigatorState#7064b(tickers: tracking 1 ticker))
                                                                               └HeroControllerScope
                                                                                └NotificationListener<NavigationNotification>
                                                                                 └Listener(listeners: [down, up, cancel], behavior: deferToChild, renderObject: RenderPointerListener#1b44a)
                                                                                  └AbsorbPointer(absorbing: false, renderObject: RenderAbsorbPointer#8cef3)
                                                                                   └FocusTraversalGroup(policy: ReadingOrderTraversalPolicy#09628, state: _FocusTraversalGroupState#ff5be)
                                                                                    └Focus(debugLabel: "FocusTraversalGroup", focusNode: _FocusTraversalGroupNode#80e65(FocusTraversalGroup [IN FOCUS PATH]), dependencies: [_FocusInheritedScope], state: _FocusState#ab585)
                                                                                     └_FocusInheritedScope
                                                                                      └Focus(debugLabel: "Navigator", AUTOFOCUS, focusNode: FocusNode#79506(Navigator [IN FOCUS PATH]), dependencies: [_FocusInheritedScope], state: _FocusState#cdce5)
                                                                                       └_FocusInheritedScope
                                                                                        └UnmanagedRestorationScope
                                                                                         └Overlay-[LabeledGlobalKey<OverlayState>#e1a29](state: OverlayState#05cec(entries: [OverlayEntry#503fd(opaque: true; maintainState: false), OverlayEntry#f3544(opaque: false; maintainState: true)]))
                                                                                          └_Theater(skipCount: 0, dependencies: [Directionality], renderObject: _RenderTheater#35aa6)
                                                                                           ├_OverlayEntryWidget-[LabeledGlobalKey<_OverlayEntryWidgetState>#ea0de](state: _OverlayEntryWidgetState#1355b)
                                                                                           │└TickerMode(state: _TickerModeState#d032b(requested mode: enabled))
                                                                                           │ └_EffectiveTickerMode(effective mode: enabled)
                                                                                           │  └_RenderTheaterMarker
                                                                                           │   └Builder
                                                                                           │    └IgnorePointer(ignoring: false, renderObject: RenderIgnorePointer#6f701)
                                                                                           │     └ModalBarrier
                                                                                           │      └BlockSemantics(blocking: true, renderObject: RenderBlockSemantics#653c0)
                                                                                           │       └ExcludeSemantics(excluding: true, renderObject: RenderExcludeSemantics#e2795)
                                                                                           │        └_ModalBarrierGestureDetector
                                                                                           │         └RawGestureDetector(state: RawGestureDetectorState#31cf0(gestures: [any tap], behavior: opaque))
                                                                                           │          └_GestureSemantics(renderObject: RenderSemanticsGestureHandler#07799)
                                                                                           │           └Listener(listeners: [down, panZoomStart], behavior: opaque, renderObject: RenderPointerListener#fb712)
                                                                                           │            └Semantics(container: false, properties: SemanticsProperties, renderObject: RenderSemanticsAnnotations#80cf4)
                                                                                           │             └MouseRegion(listeners: <none>, cursor: SystemMouseCursor(basic), renderObject: RenderMouseRegion#05f53)
                                                                                           │              └ConstrainedBox(BoxConstraints(biggest), renderObject: RenderConstrainedBox#5d6b9)
                                                                                           └_OverlayEntryWidget-[LabeledGlobalKey<_OverlayEntryWidgetState>#3e9a9](state: _OverlayEntryWidgetState#72746)
                                                                                            └TickerMode(state: _TickerModeState#72f05(requested mode: enabled))
                                                                                             └_EffectiveTickerMode(effective mode: enabled)
                                                                                              └_RenderTheaterMarker
                                                                                               └Builder
                                                                                                └Semantics(container: false, properties: SemanticsProperties, sortKey: OrdinalSortKey#5384b(order: 0.0), renderObject: RenderSemanticsAnnotations#6574d)
                                                                                                 └_ModalScope<dynamic>-[LabeledGlobalKey<_ModalScopeState<dynamic>>#52229](state: _ModalScopeState<dynamic>#6cc08)
                                                                                                  └AnimatedBuilder(listenable: ValueNotifier<String?>#0670b(null), state: _AnimatedState#210ea)
                                                                                                   └RestorationScope(dependencies: [UnmanagedRestorationScope], state: _RestorationScopeState#5f960)
                                                                                                    └UnmanagedRestorationScope
                                                                                                     └_ModalScopeStatus(active)
                                                                                                      └Offstage(offstage: false, renderObject: RenderOffstage#134e0)
                                                                                                       └PageStorage
                                                                                                        └Builder
                                                                                                         └Actions(dispatcher: null, actions: {DismissIntent: _DismissModalAction#cf9c9}, state: _ActionsState#1b706)
                                                                                                          └_ActionsScope
                                                                                                           └PrimaryScrollController(ScrollController#c97d7(one client, offset 0.0))
                                                                                                            └_FocusScopeWithExternalFocusNode(debugLabel: "_ModalScopeState<dynamic> Focus Scope", focusNode: FocusScopeNode#b61e4(_ModalScopeState<dynamic> Focus Scope [PRIMARY FOCUS]), dependencies: [_FocusInheritedScope], state: _FocusScopeState#d31fd)
                                                                                                             └Semantics(container: false, properties: SemanticsProperties, renderObject: RenderSemanticsAnnotations#0ec11)
                                                                                                              └_FocusInheritedScope
                                                                                                               └RepaintBoundary(renderObject: RenderRepaintBoundary#c0dc5)
                                                                                                                └ListenableBuilder(listenable: Listenable.merge([AnimationController#6d288(⏭ 1.000; paused; for MaterialPageRoute<dynamic>(/))➩ProxyAnimation, kAlwaysDismissedAnimation➩ProxyAnimation➩ProxyAnimation]), dependencies: [InheritedCupertinoTheme, _InheritedTheme, _LocalizationsScope-[GlobalKey#a90c3]], state: _AnimatedState#3bc27)
                                                                                                                 └_PageTransitionsThemeTransitions<dynamic>(dependencies: [InheritedCupertinoTheme, _InheritedTheme, _LocalizationsScope-[GlobalKey#a90c3]], state: _PageTransitionsThemeTransitionsState<dynamic>#186ea)
                                                                                                                  └_PredictiveBackGestureDetector(state: _PredictiveBackGestureDetectorState#42f00)
                                                                                                                   └_FadeForwardsPageTransition(dependencies: [_ModalScopeStatus])
                                                                                                                    └DualTransitionBuilder(state: _DualTransitionBuilderState#d31ab)
                                                                                                                     └FadeTransition(opacity: kAlwaysCompleteAnimation➩ProxyAnimation➩CurveTween(curve: Interval(0.0⋯0.75))➩Tween<double>(0.0 → 1.0)➩1.0, renderObject: RenderAnimatedOpacity#8d0f4)
                                                                                                                      └SlideTransition(listenable: kAlwaysCompleteAnimation➩ProxyAnimation➩CurveTween(curve: ThreePointCubic )➩Tween<Offset>(Offset(0.3, 0.0) → Offset(0.0, 0.0))➩Offset(0.0, 0.0), state: _AnimatedState#23f66)
                                                                                                                       └FractionalTranslation(renderObject: RenderFractionalTranslation#486cb)
                                                                                                                        └IgnorePointer(ignoring: false, renderObject: RenderIgnorePointer#21547)
                                                                                                                         └FadeTransition(opacity: AnimationController#6d288(⏭ 1.000; paused; for MaterialPageRoute<dynamic>(/))➩ProxyAnimation➪ReverseAnimation➩ProxyAnimation➩CurveTween(curve: Interval(0.0⋯0.25))➩Tween<double>(1.0 → 0.0)➩1.0, renderObject: RenderAnimatedOpacity#a9d0d)
                                                                                                                          └SlideTransition(listenable: AnimationController#6d288(⏭ 1.000; paused; for MaterialPageRoute<dynamic>(/))➩ProxyAnimation➪ReverseAnimation➩ProxyAnimation➩CurveTween(curve: ThreePointCubic )➩Tween<Offset>(Offset(0.0, 0.0) → Offset(0.3, 0.0))➩Offset(0.0, 0.0), state: _AnimatedState#f1436)
                                                                                                                           └FractionalTranslation(renderObject: RenderFractionalTranslation#5e773)
                                                                                                                            └ColoredBox(color: Color(alpha: 0.0000, red: 0.0000, green: 0.0000, blue: 0.0000, colorSpace: ColorSpace.sRGB), renderObject: _RenderColoredBox#3b25f)
                                                                                                                             └DualTransitionBuilder(state: _DualTransitionBuilderState#24f58)
                                                                                                                              └FadeTransition(opacity: kAlwaysCompleteAnimation➩ProxyAnimation➩CurveTween(curve: Interval(0.0⋯0.75))➩Tween<double>(0.0 → 1.0)➩1.0, renderObject: RenderAnimatedOpacity#122b8)
                                                                                                                               └SlideTransition(listenable: kAlwaysCompleteAnimation➩ProxyAnimation➩CurveTween(curve: ThreePointCubic )➩Tween<Offset>(Offset(-0.3, 0.0) → Offset(0.0, 0.0))➩Offset(0.0, 0.0), state: _AnimatedState#5db87)
                                                                                                                                └FractionalTranslation(renderObject: RenderFractionalTranslation#c9e63)
                                                                                                                                 └FadeTransition(opacity: kAlwaysDismissedAnimation➩ProxyAnimation➩ProxyAnimation➪ReverseAnimation➪ReverseAnimation➩ProxyAnimation➩CurveTween(curve: Interval(0.0⋯0.25))➩Tween<double>(1.0 → 0.0)➩1.0, renderObject: RenderAnimatedOpacity#134e6)
                                                                                                                                  └SlideTransition(listenable: kAlwaysDismissedAnimation➩ProxyAnimation➩ProxyAnimation➪ReverseAnimation➪ReverseAnimation➩ProxyAnimation➩CurveTween(curve: ThreePointCubic )➩Tween<Offset>(Offset(0.0, 0.0) → Offset(-0.3, 0.0))➩Offset(0.0, 0.0), state: _AnimatedState#e0e48)
                                                                                                                                   └FractionalTranslation(renderObject: RenderFractionalTranslation#78d29)
                                                                                                                                    └ListenableBuilder(listenable: ValueNotifier<bool>#4e044(false), state: _AnimatedState#64cbd)
                                                                                                                                     └IgnorePointer(ignoring: false, renderObject: RenderIgnorePointer#3dc30)
                                                                                                                                      └RepaintBoundary-[GlobalKey#5c8ce](renderObject: RenderRepaintBoundary#d862f)
                                                                                                                                       └Builder
                                                                                                                                        └Semantics(container: false, properties: SemanticsProperties, renderObject: RenderSemanticsAnnotations#8b7ed)
                                                                                                                                         └SettingsScreen(state: _SettingsScreenState#de5b7)
                                                                                                                                          └Scaffold(dependencies: [Directionality, InheritedCupertinoTheme, MediaQuery, UnmanagedRestorationScope, _InheritedTheme, _LocalizationsScope-[GlobalKey#a90c3], _ScaffoldMessengerScope], state: ScaffoldState#077ca(tickers: tracking 3 tickers))
                                                                                                                                           └_ScaffoldScope
                                                                                                                                            └ScrollNotificationObserver(state: ScrollNotificationObserverState#38add)
                                                                                                                                             └NotificationListener<ScrollMetricsNotification>
                                                                                                                                              └NotificationListener<ScrollNotification>
                                                                                                                                               └_ScrollNotificationObserverScope
                                                                                                                                                └Material(type: canvas, color: Color(alpha: 1.0000, red: 0.9961, green: 0.9686, blue: 1.0000, colorSpace: ColorSpace.sRGB), dependencies: [InheritedCupertinoTheme, _InheritedTheme, _LocalizationsScope-[GlobalKey#a90c3]], state: _MaterialState#8b257)
                                                                                                                                                 └AnimatedPhysicalModel(duration: 200ms, shape: rectangle, borderRadius: null, elevation: 0.0, color: Color(alpha: 1.0000, red: 0.9961, green: 0.9686, blue: 1.0000, colorSpace: ColorSpace.sRGB), animateColor: false, shadowColor: Color(alpha: 1.0000, red: 0.0000, green: 0.0000, blue: 0.0000, colorSpace: ColorSpace.sRGB), animateShadowColor: true, state: _AnimatedPhysicalModelState#a28e7(ticker inactive))
                                                                                                                                                  └PhysicalModel(shape: rectangle, borderRadius: BorderRadius.zero, elevation: 0.0, color: Color(alpha: 1.0000, red: 0.9961, green: 0.9686, blue: 1.0000, colorSpace: ColorSpace.sRGB), shadowColor: Color(alpha: 1.0000, red: 0.0000, green: 0.0000, blue: 0.0000, colorSpace: ColorSpace.sRGB), renderObject: RenderPhysicalModel#61e71)
                                                                                                                                                   └NotificationListener<LayoutChangedNotification>
                                                                                                                                                    └_InkFeatures-[GlobalKey#5e9a7 ink renderer](renderObject: _RenderInkFeatures#55b16)
                                                                                                                                                     └AnimatedDefaultTextStyle(duration: 200ms, debugLabel: (englishLike bodyMedium 2021).merge((blackMountainView bodyMedium).apply), inherit: false, color: Color(alpha: 1.0000, red: 0.1137, green: 0.1059, blue: 0.1255, colorSpace: ColorSpace.sRGB), family: Roboto, size: 14.0, weight: 400, letterSpacing: 0.3, baseline: alphabetic, height: 1.4x, leadingDistribution: even, decoration: Color(alpha: 1.0000, red: 0.1137, green: 0.1059, blue: 0.1255, colorSpace: ColorSpace.sRGB) TextDecoration.none, softWrap: wrapping at box width, overflow: clip, state: _AnimatedDefaultTextStyleState#8c90c(ticker inactive))
                                                                                                                                                      └DefaultTextStyle(debugLabel: (englishLike bodyMedium 2021).merge((blackMountainView bodyMedium).apply), inherit: false, color: Color(alpha: 1.0000, red: 0.1137, green: 0.1059, blue: 0.1255, colorSpace: ColorSpace.sRGB), family: Roboto, size: 14.0, weight: 400, letterSpacing: 0.3, baseline: alphabetic, height: 1.4x, leadingDistribution: even, decoration: Color(alpha: 1.0000, red: 0.1137, green: 0.1059, blue: 0.1255, colorSpace: ColorSpace.sRGB) TextDecoration.none, softWrap: wrapping at box width, overflow: clip)
                                                                                                                                                       └AnimatedBuilder(listenable: AnimationController#8546a(⏭ 1.000; paused), state: _AnimatedState#23217)
                                                                                                                                                        └Actions(dispatcher: null, actions: {DismissIntent: _DismissDrawerAction#e4309}, state: _ActionsState#57d23)
                                                                                                                                                         └_ActionsScope
                                                                                                                                                          └CustomMultiChildLayout(renderObject: RenderCustomMultiChildLayoutBox#a651c)
                                                                                                                                                           ├LayoutId-[<_ScaffoldSlot.body>](id: _ScaffoldSlot.body)
                                                                                                                                                           │└MediaQuery(MediaQueryData(size: Size(800.0, 600.0), devicePixelRatio: 3.0, textScaler: SystemTextScaler (no scaling), platformBrightness: Brightness.light, padding: EdgeInsets.zero, viewPadding: EdgeInsets.zero, viewInsets: EdgeInsets.zero, systemGestureInsets: EdgeInsets.zero, alwaysUse24HourFormat: false, accessibleNavigation: false, highContrast: false, onOffSwitchLabels: false, disableAnimations: false, invertColors: false, boldText: false, navigationMode: traditional, gestureSettings: DeviceGestureSettings(touchSlop: null), displayFeatures: [], supportsShowingSystemContextMenu: false))
                                                                                                                                                           │ └_BodyBuilder
                                                                                                                                                           │  └KeyedSubtree-[GlobalKey#7702b]
                                                                                                                                                           │   └Consumer2<SettingsProvider, DeviceProvider>(dependencies: [InheritedCupertinoTheme, _InheritedProviderScope<DeviceProvider?>, _InheritedProviderScope<SettingsProvider?>, _InheritedTheme, _LocalizationsScope-[GlobalKey#a90c3]])
                                                                                                                                                           │    └ListView(scrollDirection: vertical, AlwaysScrollableScrollPhysics, dependencies: [InheritedCupertinoTheme, MediaQuery, PrimaryScrollController, ScrollConfiguration, _InheritedTheme, _LocalizationsScope-[GlobalKey#a90c3]])
                                                                                                                                                           │     └PrimaryScrollController(no controller)
                                                                                                                                                           │      └Scrollable(axisDirection: down, physics: AlwaysScrollableScrollPhysics, restorationId: null, dependencies: [InheritedCupertinoTheme, MediaQuery, ScrollConfiguration, UnmanagedRestorationScope, _InheritedTheme, _LocalizationsScope-[GlobalKey#a90c3]], state: ScrollableState#8faed(position: ScrollPositionWithSingleContext#47802(offset: 0.0, range: 0.0..88.0, viewport: 544.0, ScrollableState, AlwaysScrollableScrollPhysics -> ClampingScrollPhysics -> RangeMaintainingScrollPhysics, IdleScrollActivity#2413e, ScrollDirection.idle), effective physics: AlwaysScrollableScrollPhysics -> ClampingScrollPhysics -> RangeMaintainingScrollPhysics))
                                                                                                                                                           │       └StretchingOverscrollIndicator(axisDirection: down, state: _StretchingOverscrollIndicatorState#8826b(tickers: tracking 1 ticker))
                                                                                                                                                           │        └NotificationListener<ScrollNotification>
                                                                                                                                                           │         └AnimatedBuilder(listenable: _StretchController(), dependencies: [MediaQuery], state: _AnimatedState#350db)
                                                                                                                                                           │          └ClipRect(renderObject: RenderClipRect#94604 relayoutBoundary=up1)
                                                                                                                                                           │           └StretchEffect(dependencies: [Directionality])
                                                                                                                                                           │            └Transform(dependencies: [Directionality], renderObject: RenderTransform#59402 relayoutBoundary=up2)
                                                                                                                                                           │             └NotificationListener<ScrollMetricsNotification>
                                                                                                                                                           │              └_ScrollSemantics-[GlobalKey#6a41f](renderObject: _RenderScrollSemantics#78cc7 relayoutBoundary=up3)
                                                                                                                                                           │               └_ScrollableScope
                                                                                                                                                           │                └Listener(listeners: [signal], behavior: deferToChild, renderObject: RenderPointerListener#7ff26 relayoutBoundary=up4)
                                                                                                                                                           │                 └RawGestureDetector-[LabeledGlobalKey<RawGestureDetectorState>#219d8](state: RawGestureDetectorState#d8ab6(gestures: [vertical drag], behavior: opaque))
                                                                                                                                                           │                  └_GestureSemantics(renderObject: RenderSemanticsGestureHandler#26657 relayoutBoundary=up5)
                                                                                                                                                           │                   └Listener(listeners: [down, panZoomStart], behavior: opaque, renderObject: RenderPointerListener#55cd7 relayoutBoundary=up6)
                                                                                                                                                           │                    └Semantics(container: false, properties: SemanticsProperties, renderObject: RenderSemanticsAnnotations#28d59 relayoutBoundary=up7)
                                                                                                                                                           │                     └IgnorePointer-[GlobalKey#c5c0f](ignoring: false, renderObject: RenderIgnorePointer#1a0d5 relayoutBoundary=up8)
                                                                                                                                                           │                      └Viewport(axisDirection: down, anchor: 0.0, offset: ScrollPositionWithSingleContext#47802(offset: 0.0, range: 0.0..88.0, viewport: 544.0, ScrollableState, AlwaysScrollableScrollPhysics -> ClampingScrollPhysics -> RangeMaintainingScrollPhysics, IdleScrollActivity#2413e, ScrollDirection.idle), cacheExtent: null, cacheExtentStyle: CacheExtentStyle.pixel, dependencies: [Directionality], renderObject: RenderViewport#0de72)
                                                                                                                                                           │                       └SliverPadding(padding: EdgeInsets.zero, dependencies: [Directionality], renderObject: RenderSliverPadding#0e3de relayoutBoundary=up1)
                                                                                                                                                           │                        └MediaQuery(MediaQueryData(size: Size(800.0, 600.0), devicePixelRatio: 3.0, textScaler: SystemTextScaler (no scaling), platformBrightness: Brightness.light, padding: EdgeInsets.zero, viewPadding: EdgeInsets.zero, viewInsets: EdgeInsets.zero, systemGestureInsets: EdgeInsets.zero, alwaysUse24HourFormat: false, accessibleNavigation: false, highContrast: false, onOffSwitchLabels: false, disableAnimations: false, invertColors: false, boldText: false, navigationMode: traditional, gestureSettings: DeviceGestureSettings(touchSlop: null), displayFeatures: [], supportsShowingSystemContextMenu: false))
                                                                                                                                                           │                         └SliverList(delegate: SliverChildListDelegate#43834(estimated child count: 12), renderObject: RenderSliverList#261f7 relayoutBoundary=up2)
                                                                                                                                                           │                          ├KeyedSubtree
                                                                                                                                                           │                          │└AutomaticKeepAlive(state: _AutomaticKeepAliveState#08e0d(handles: no notifications ever received))
                                                                                                                                                           │                          │ └KeepAlive(keepAlive: false)
                                                                                                                                                           │                          │  └NotificationListener<KeepAliveNotification>
                                                                                                                                                           │                          │   └_SelectionKeepAlive(state: _SelectionKeepAliveState#24372)
                                                                                                                                                           │                          │    └IndexedSemantics(index: 0, renderObject: RenderIndexedSemantics#9150f relayoutBoundary=up3)
                                                                                                                                                           │                          │     └RepaintBoundary(renderObject: RenderRepaintBoundary#30014 relayoutBoundary=up4)
                                                                                                                                                           │                          │      └Padding(padding: EdgeInsets(16.0, 16.0, 16.0, 8.0), dependencies: [Directionality], renderObject: RenderPadding#91361 relayoutBoundary=up5)
                                                                                                                                                           │                          │       └Text("DISCOVERY", debugLabel: ((englishLike labelSmall 2021).merge((blackMountainView labelSmall).apply)).copyWith, inherit: false, color: Color(alpha: 1.0000, red: 0.4039, green: 0.3137, blue: 0.6431, colorSpace: ColorSpace.sRGB), family: Roboto, size: 11.0, weight: 700, letterSpacing: 1.2, baseline: alphabetic, height: 1.4x, leadingDistribution: even, decoration: Color(alpha: 1.0000, red: 0.1137, green: 0.1059, blue: 0.1255, colorSpace: ColorSpace.sRGB) TextDecoration.none, dependencies: [DefaultSelectionStyle, DefaultTextStyle, MediaQuery])
                                                                                                                                                           │                          │        └RichText(softWrap: wrapping at box width, maxLines: unlimited, text: "DISCOVERY", dependencies: [Directionality, _LocalizationsScope-[GlobalKey#a90c3]], renderObject: RenderParagraph#2cff3 relayoutBoundary=up6)
                                                                                                                                                           │                          ├KeyedSubtree
                                                                                                                                                           │                          │└AutomaticKeepAlive(state: _AutomaticKeepAliveState#2cc52(handles: no notifications ever received))
                                                                                                                                                           │                          │ └KeepAlive(keepAlive: false)
                                                                                                                                                           │                          │  └NotificationListener<KeepAliveNotification>
                                                                                                                                                           │                          │   └_SelectionKeepAlive(state: _SelectionKeepAliveState#449aa)
                                                                                                                                                           │                          │    └IndexedSemantics(index: 1, renderObject: RenderIndexedSemantics#35b86 relayoutBoundary=up3)
                                                                                                                                                           │                          │     └RepaintBoundary(renderObject: RenderRepaintBoundary#406ca relayoutBoundary=up4)
                                                                                                                                                           │                          │      └ListTile(onTap: Closure: () => void, dependencies: [Directionality, InheritedCupertinoTheme, _InheritedTheme, _LocalizationsScope-[GlobalKey#a90c3]])
                                                                                                                                                           │                          │       └InkWell
                                                                                                                                                           │                          │        └_InkResponseStateWidget(gestures: [tap], mouseCursor: SystemMouseCursor(click), clipped to BoxShape.rectangle, dependencies: [InheritedCupertinoTheme, MediaQuery, _InheritedTheme, _LocalizationsScope-[GlobalKey#a90c3]], state: _InkResponseState#7625d)
                                                                                                                                                           │                          │         └_ParentInkResponseProvider
                                                                                                                                                           │                          │          └Actions(dispatcher: null, actions: {ActivateIntent: CallbackAction<ActivateIntent>#4e365, ButtonActivateIntent: CallbackAction<ButtonActivateIntent>#4f088}, state: _ActionsState#7e2bb)
                                                                                                                                                           │                          │           └_ActionsScope
                                                                                                                                                           │                          │            └Focus(dependencies: [_FocusInheritedScope], state: _FocusState#91b1e)
                                                                                                                                                           │                          │             └_FocusInheritedScope
                                                                                                                                                           │                          │              └Semantics(container: false, properties: SemanticsProperties, renderObject: RenderSemanticsAnnotations#4ad53 relayoutBoundary=up5)
                                                                                                                                                           │                          │               └MouseRegion(listeners: [enter, exit], cursor: SystemMouseCursor(click), renderObject: RenderMouseRegion#4711d relayoutBoundary=up6)
                                                                                                                                                           │                          │                └Builder(dependencies: [DefaultSelectionStyle])
                                                                                                                                                           │                          │                 └DefaultSelectionStyle
                                                                                                                                                           │                          │                  └Semantics(container: false, properties: SemanticsProperties, renderObject: RenderSemanticsAnnotations#91c12 relayoutBoundary=up7)
                                                                                                                                                           │                          │                   └GestureDetector(startBehavior: start, dependencies: [MediaQuery, ScrollConfiguration])
                                                                                                                                                           │                          │                    └RawGestureDetector(state: RawGestureDetectorState#d5177(gestures: [tap], excludeFromSemantics: true, behavior: opaque))
                                                                                                                                                           │                          │                     └Listener(listeners: [down, panZoomStart], behavior: opaque, renderObject: RenderPointerListener#d3013 relayoutBoundary=up8)
                                                                                                                                                           │                          │                      └Semantics(container: false, properties: SemanticsProperties, selected: false, renderObject: RenderSemanticsAnnotations#9b2c6 relayoutBoundary=up9)
                                                                                                                                                           │                          │                       └Ink(bg: ShapeDecoration(color: Color(alpha: 0.0000, red: 0.0000, green: 0.0000, blue: 0.0000, colorSpace: ColorSpace.sRGB), shape: Border.all(BorderSide(width: 0.0, style: none))), state: _InkState#07e42)
                                                                                                                                                           │                          │                        └Padding-[GlobalKey#89632](padding: EdgeInsets.zero, dependencies: [Directionality], renderObject: RenderPadding#b99a0 relayoutBoundary=up10)
                                                                                                                                                           │                          │                         └Builder(dependencies: [Directionality, MediaQuery, _LocalizationsScope-[GlobalKey#a90c3]])
                                                                                                                                                           │                          │                          └SafeArea(avoid left padding, avoid right padding, dependencies: [MediaQuery])
                                                                                                                                                           │                          │                           └Padding(padding: EdgeInsets(16.0, 0.0, 24.0, 0.0), dependencies: [Directionality], renderObject: RenderPadding#7f11c relayoutBoundary=up11)
                                                                                                                                                           │                          │                            └MediaQuery(MediaQueryData(size: Size(800.0, 600.0), devicePixelRatio: 3.0, textScaler: SystemTextScaler (no scaling), platformBrightness: Brightness.light, padding: EdgeInsets.zero, viewPadding: EdgeInsets.zero, viewInsets: EdgeInsets.zero, systemGestureInsets: EdgeInsets.zero, alwaysUse24HourFormat: false, accessibleNavigation: false, highContrast: false, onOffSwitchLabels: false, disableAnimations: false, invertColors: false, boldText: false, navigationMode: traditional, gestureSettings: DeviceGestureSettings(touchSlop: null), displayFeatures: [], supportsShowingSystemContextMenu: false))
                                                                                                                                                           │                          │                             └Builder(dependencies: [IconTheme])
                                                                                                                                                           │                          │                              └IconTheme(color: Color(alpha: 1.0000, red: 0.2863, green: 0.2706, blue: 0.3098, colorSpace: ColorSpace.sRGB))
                                                                                                                                                           │                          │                               └IconButtonTheme
                                                                                                                                                           │                          │                                └_ListTile(renderObject: _RenderListTile#3af7f relayoutBoundary=up12)
                                                                                                                                                           │                          │                                 ├AnimatedDefaultTextStyle(duration: 200ms, debugLabel: (((englishLike labelSmall 2021).merge((blackMountainView labelSmall).apply)).copyWith).copyWith, inherit: false, color: Color(alpha: 1.0000, red: 0.2863, green: 0.2706, blue: 0.3098, colorSpace: ColorSpace.sRGB), family: Roboto, size: 11.0, weight: 500, letterSpacing: 0.5, baseline: alphabetic, height: 1.4x, leadingDistribution: even, decoration: Color(alpha: 1.0000, red: 0.1137, green: 0.1059, blue: 0.1255, colorSpace: ColorSpace.sRGB) TextDecoration.none, softWrap: wrapping at box width, overflow: clip, state: _AnimatedDefaultTextStyleState#f2244(ticker inactive))
                                                                                                                                                           │                          │                                 │└DefaultTextStyle(debugLabel: (((englishLike labelSmall 2021).merge((blackMountainView labelSmall).apply)).copyWith).copyWith, inherit: false, color: Color(alpha: 1.0000, red: 0.2863, green: 0.2706, blue: 0.3098, colorSpace: ColorSpace.sRGB), family: Roboto, size: 11.0, weight: 500, letterSpacing: 0.5, baseline: alphabetic, height: 1.4x, leadingDistribution: even, decoration: Color(alpha: 1.0000, red: 0.1137, green: 0.1059, blue: 0.1255, colorSpace: ColorSpace.sRGB) TextDecoration.none, softWrap: wrapping at box width, overflow: clip)
                                                                                                                                                           │                          │                                 │ └Icon(IconData(U+0F44A), dependencies: [Directionality, IconTheme])
                                                                                                                                                           │                          │                                 │  └Semantics(container: false, properties: SemanticsProperties, renderObject: RenderSemanticsAnnotations#09088 relayoutBoundary=up13)
                                                                                                                                                           │                          │                                 │   └ExcludeSemantics(excluding: true, renderObject: RenderExcludeSemantics#624b4 relayoutBoundary=up14)
                                                                                                                                                           │                          │                                 │    └SizedBox(width: 24.0, height: 24.0, renderObject: RenderConstrainedBox#19e94 relayoutBoundary=up15)
                                                                                                                                                           │                          │                                 │     └Center(alignment: Alignment.center, dependencies: [Directionality], renderObject: RenderPositionedBox#93c63)
                                                                                                                                                           │                          │                                 │      └RichText(textDirection: ltr, softWrap: wrapping at box width, overflow: visible, maxLines: unlimited, text: "", dependencies: [_LocalizationsScope-[GlobalKey#a90c3]], renderObject: RenderParagraph#c0b66 relayoutBoundary=up1)
                                                                                                                                                           │                          │                                 ├AnimatedDefaultTextStyle(duration: 200ms, debugLabel: (((englishLike bodyLarge 2021).merge((blackMountainView bodyLarge).apply)).copyWith).copyWith, inherit: false, color: Color(alpha: 1.0000, red: 0.1137, green: 0.1059, blue: 0.1255, colorSpace: ColorSpace.sRGB), family: Roboto, size: 16.0, weight: 400, letterSpacing: 0.5, baseline: alphabetic, height: 1.5x, leadingDistribution: even, decoration: Color(alpha: 1.0000, red: 0.1137, green: 0.1059, blue: 0.1255, colorSpace: ColorSpace.sRGB) TextDecoration.none, softWrap: wrapping at box width, overflow: clip, state: _AnimatedDefaultTextStyleState#f13ed(ticker inactive))
                                                                                                                                                           │                          │                                 │└DefaultTextStyle(debugLabel: (((englishLike bodyLarge 2021).merge((blackMountainView bodyLarge).apply)).copyWith).copyWith, inherit: false, color: Color(alpha: 1.0000, red: 0.1137, green: 0.1059, blue: 0.1255, colorSpace: ColorSpace.sRGB), family: Roboto, size: 16.0, weight: 400, letterSpacing: 0.5, baseline: alphabetic, height: 1.5x, leadingDistribution: even, decoration: Color(alpha: 1.0000, red: 0.1137, green: 0.1059, blue: 0.1255, colorSpace: ColorSpace.sRGB) TextDecoration.none, softWrap: wrapping at box width, overflow: clip)
                                                                                                                                                           │                          │                                 │ └Text("Discovery Timeout", dependencies: [DefaultSelectionStyle, DefaultTextStyle, MediaQuery])
                                                                                                                                                           │                          │                                 │  └RichText(softWrap: wrapping at box width, maxLines: unlimited, text: "Discovery Timeout", dependencies: [Directionality, _LocalizationsScope-[GlobalKey#a90c3]], renderObject: RenderParagraph#a6bf2 relayoutBoundary=up13)
                                                                                                                                                           │                          │                                 ├AnimatedDefaultTextStyle(duration: 200ms, debugLabel: (((englishLike bodyMedium 2021).merge((blackMountainView bodyMedium).apply)).copyWith).copyWith, inherit: false, color: Color(alpha: 1.0000, red: 0.2863, green: 0.2706, blue: 0.3098, colorSpace: ColorSpace.sRGB), family: Roboto, size: 14.0, weight: 400, letterSpacing: 0.3, baseline: alphabetic, height: 1.4x, leadingDistribution: even, decoration: Color(alpha: 1.0000, red: 0.1137, green: 0.1059, blue: 0.1255, colorSpace: ColorSpace.sRGB) TextDecoration.none, softWrap: wrapping at box width, overflow: clip, state: _AnimatedDefaultTextStyleState#7c3dd(ticker inactive))
                                                                                                                                                           │                          │                                 │└DefaultTextStyle(debugLabel: (((englishLike bodyMedium 2021).merge((blackMountainView bodyMedium).apply)).copyWith).copyWith, inherit: false, color: Color(alpha: 1.0000, red: 0.2863, green: 0.2706, blue: 0.3098, colorSpace: ColorSpace.sRGB), family: Roboto, size: 14.0, weight: 400, letterSpacing: 0.3, baseline: alphabetic, height: 1.4x, leadingDistribution: even, decoration: Color(alpha: 1.0000, red: 0.1137, green: 0.1059, blue: 0.1255, colorSpace: ColorSpace.sRGB) TextDecoration.none, softWrap: wrapping at box width, overflow: clip)
                                                                                                                                                           │                          │                                 │ └Text("15 seconds", dependencies: [DefaultSelectionStyle, DefaultTextStyle, MediaQuery])
                                                                                                                                                           │                          │                                 │  └RichText(softWrap: wrapping at box width, maxLines: unlimited, text: "15 seconds", dependencies: [Directionality, _LocalizationsScope-[GlobalKey#a90c3]], renderObject: RenderParagraph#647cf relayoutBoundary=up13)
                                                                                                                                                           │                          │                                 └AnimatedDefaultTextStyle(duration: 200ms, debugLabel: (((englishLike labelSmall 2021).merge((blackMountainView labelSmall).apply)).copyWith).copyWith, inherit: false, color: Color(alpha: 1.0000, red: 0.2863, green: 0.2706, blue: 0.3098, colorSpace: ColorSpace.sRGB), family: Roboto, size: 11.0, weight: 500, letterSpacing: 0.5, baseline: alphabetic, height: 1.4x, leadingDistribution: even, decoration: Color(alpha: 1.0000, red: 0.1137, green: 0.1059, blue: 0.1255, colorSpace: ColorSpace.sRGB) TextDecoration.none, softWrap: wrapping at box width, overflow: clip, state: _AnimatedDefaultTextStyleState#28d30(ticker inactive))
                                                                                                                                                           │                          │                                  └DefaultTextStyle(debugLabel: (((englishLike labelSmall 2021).merge((blackMountainView labelSmall).apply)).copyWith).copyWith, inherit: false, color: Color(alpha: 1.0000, red: 0.2863, green: 0.2706, blue: 0.3098, colorSpace: ColorSpace.sRGB), family: Roboto, size: 11.0, weight: 500, letterSpacing: 0.5, baseline: alphabetic, height: 1.4x, leadingDistribution: even, decoration: Color(alpha: 1.0000, red: 0.1137, green: 0.1059, blue: 0.1255, colorSpace: ColorSpace.sRGB) TextDecoration.none, softWrap: wrapping at box width, overflow: clip)
                                                                                                                                                           │                          │                                   └Icon(IconData(U+0E15F), dependencies: [Directionality, IconTheme])
                                                                                                                                                           │                          │                                    └Semantics(container: false, properties: SemanticsProperties, renderObject: RenderSemanticsAnnotations#abbbf relayoutBoundary=up13)
                                                                                                                                                           │                          │                                     └ExcludeSemantics(excluding: true, renderObject: RenderExcludeSemantics#bf89e relayoutBoundary=up14)
                                                                                                                                                           │                          │                                      └SizedBox(width: 24.0, height: 24.0, renderObject: RenderConstrainedBox#c5f95 relayoutBoundary=up15)
                                                                                                                                                           │                          │                                       └Center(alignment: Alignment.center, dependencies: [Directionality], renderObject: RenderPositionedBox#bf03b)
                                                                                                                                                           │                          │                                        └RichText(textDirection: ltr, softWrap: wrapping at box width, overflow: visible, maxLines: unlimited, text: "", dependencies: [_LocalizationsScope-[GlobalKey#a90c3]], renderObject: RenderParagraph#0d548 relayoutBoundary=up1)
                                                                                                                                                           │                          ├KeyedSubtree
                                                                                                                                                           │                          │└AutomaticKeepAlive(state: _AutomaticKeepAliveState#98884(handles: no notifications ever received))
                                                                                                                                                           │                          │ └KeepAlive(keepAlive: false)
                                                                                                                                                           │                          │  └NotificationListener<KeepAliveNotification>
                                                                                                                                                           │                          │   └_SelectionKeepAlive(state: _SelectionKeepAliveState#5035a)
                                                                                                                                                           │                          │    └IndexedSemantics(index: 2, renderObject: RenderIndexedSemantics#05f47 relayoutBoundary=up3)
                                                                                                                                                           │                          │     └RepaintBoundary(renderObject: RenderRepaintBoundary#47688 relayoutBoundary=up4)
                                                                                                                                                           │                          │      └ListTile(onTap: Closure: () => void, dependencies: [Directionality, InheritedCupertinoTheme, _InheritedTheme, _LocalizationsScope-[GlobalKey#a90c3]])
                                                                                                                                                           │                          │       └InkWell
                                                                                                                                                           │                          │        └_InkResponseStateWidget(gestures: [tap], mouseCursor: SystemMouseCursor(click), clipped to BoxShape.rectangle, dependencies: [InheritedCupertinoTheme, MediaQuery, _InheritedTheme, _LocalizationsScope-[GlobalKey#a90c3]], state: _InkResponseState#db0ec)
                                                                                                                                                           │                          │         └_ParentInkResponseProvider
                                                                                                                                                           │                          │          └Actions(dispatcher: null, actions: {ActivateIntent: CallbackAction<ActivateIntent>#a2d98, ButtonActivateIntent: CallbackAction<ButtonActivateIntent>#1379d}, state: _ActionsState#9121b)
                                                                                                                                                           │                          │           └_ActionsScope
                                                                                                                                                           │                          │            └Focus(dependencies: [_FocusInheritedScope], state: _FocusState#4477e)
                                                                                                                                                           │                          │             └_FocusInheritedScope
                                                                                                                                                           │                          │              └Semantics(container: false, properties: SemanticsProperties, renderObject: RenderSemanticsAnnotations#b7343 relayoutBoundary=up5)
                                                                                                                                                           │                          │               └MouseRegion(listeners: [enter, exit], cursor: SystemMouseCursor(click), renderObject: RenderMouseRegion#eef92 relayoutBoundary=up6)
                                                                                                                                                           │                          │                └Builder(dependencies: [DefaultSelectionStyle])
                                                                                                                                                           │                          │                 └DefaultSelectionStyle
                                                                                                                                                           │                          │                  └Semantics(container: false, properties: SemanticsProperties, renderObject: RenderSemanticsAnnotations#484b6 relayoutBoundary=up7)
                                                                                                                                                           │                          │                   └GestureDetector(startBehavior: start, dependencies: [MediaQuery, ScrollConfiguration])
                                                                                                                                                           │                          │                    └RawGestureDetector(state: RawGestureDetectorState#2171f(gestures: [tap], excludeFromSemantics: true, behavior: opaque))
                                                                                                                                                           │                          │                     └Listener(listeners: [down, panZoomStart], behavior: opaque, renderObject: RenderPointerListener#09bbf relayoutBoundary=up8)
                                                                                                                                                           │                          │                      └Semantics(container: false, properties: SemanticsProperties, selected: false, renderObject: RenderSemanticsAnnotations#ea34d relayoutBoundary=up9)
                                                                                                                                                           │                          │                       └Ink(bg: ShapeDecoration(color: Color(alpha: 0.0000, red: 0.0000, green: 0.0000, blue: 0.0000, colorSpace: ColorSpace.sRGB), shape: Border.all(BorderSide(width: 0.0, style: none))), state: _InkState#ef493)
                                                                                                                                                           │                          │                        └Padding-[GlobalKey#0d2d8](padding: EdgeInsets.zero, dependencies: [Directionality], renderObject: RenderPadding#b7b34 relayoutBoundary=up10)
                                                                                                                                                           │                          │                         └Builder(dependencies: [Directionality, MediaQuery, _LocalizationsScope-[GlobalKey#a90c3]])
                                                                                                                                                           │                          │                          └SafeArea(avoid left padding, avoid right padding, dependencies: [MediaQuery])
                                                                                                                                                           │                          │                           └Padding(padding: EdgeInsets(16.0, 0.0, 24.0, 0.0), dependencies: [Directionality], renderObject: RenderPadding#eeab0 relayoutBoundary=up11)
                                                                                                                                                           │                          │                            └MediaQuery(MediaQueryData(size: Size(800.0, 600.0), devicePixelRatio: 3.0, textScaler: SystemTextScaler (no scaling), platformBrightness: Brightness.light, padding: EdgeInsets.zero, viewPadding: EdgeInsets.zero, viewInsets: EdgeInsets.zero, systemGestureInsets: EdgeInsets.zero, alwaysUse24HourFormat: false, accessibleNavigation: false, highContrast: false, onOffSwitchLabels: false, disableAnimations: false, invertColors: false, boldText: false, navigationMode: traditional, gestureSettings: DeviceGestureSettings(touchSlop: null), displayFeatures: [], supportsShowingSystemContextMenu: false))
                                                                                                                                                           │                          │                             └Builder(dependencies: [IconTheme])
                                                                                                                                                           │                          │                              └IconTheme(color: Color(alpha: 1.0000, red: 0.2863, green: 0.2706, blue: 0.3098, colorSpace: ColorSpace.sRGB))
                                                                                                                                                           │                          │                               └IconButtonTheme
                                                                                                                                                           │                          │                                └_ListTile(renderObject: _RenderListTile#c2cea relayoutBoundary=up12)
                                                                                                                                                           │                          │                                 ├AnimatedDefaultTextStyle(duration: 200ms, debugLabel: (((englishLike labelSmall 2021).merge((blackMountainView labelSmall).apply)).copyWith).copyWith, inherit: false, color: Color(alpha: 1.0000, red: 0.2863, green: 0.2706, blue: 0.3098, colorSpace: ColorSpace.sRGB), family: Roboto, size: 11.0, weight: 500, letterSpacing: 0.5, baseline: alphabetic, height: 1.4x, leadingDistribution: even, decoration: Color(alpha: 1.0000, red: 0.1137, green: 0.1059, blue: 0.1255, colorSpace: ColorSpace.sRGB) TextDecoration.none, softWrap: wrapping at box width, overflow: clip, state: _AnimatedDefaultTextStyleState#76d74(ticker inactive))
                                                                                                                                                           │                          │                                 │└DefaultTextStyle(debugLabel: (((englishLike labelSmall 2021).merge((blackMountainView labelSmall).apply)).copyWith).copyWith, inherit: false, color: Color(alpha: 1.0000, red: 0.2863, green: 0.2706, blue: 0.3098, colorSpace: ColorSpace.sRGB), family: Roboto, size: 11.0, weight: 500, letterSpacing: 0.5, baseline: alphabetic, height: 1.4x, leadingDistribution: even, decoration: Color(alpha: 1.0000, red: 0.1137, green: 0.1059, blue: 0.1255, colorSpace: ColorSpace.sRGB) TextDecoration.none, softWrap: wrapping at box width, overflow: clip)
                                                                                                                                                           │                          │                                 │ └Icon(IconData(U+F06BF), dependencies: [Directionality, IconTheme])
                                                                                                                                                           │                          │                                 │  └Semantics(container: false, properties: SemanticsProperties, renderObject: RenderSemanticsAnnotations#11316 relayoutBoundary=up13)
                                                                                                                                                           │                          │                                 │   └ExcludeSemantics(excluding: true, renderObject: RenderExcludeSemantics#f0a1d relayoutBoundary=up14)
                                                                                                                                                           │                          │                                 │    └SizedBox(width: 24.0, height: 24.0, renderObject: RenderConstrainedBox#384b8 relayoutBoundary=up15)
                                                                                                                                                           │                          │                                 │     └Center(alignment: Alignment.center, dependencies: [Directionality], renderObject: RenderPositionedBox#0e8af)
                                                                                                                                                           │                          │                                 │      └RichText(textDirection: ltr, softWrap: wrapping at box width, overflow: visible, maxLines: unlimited, text: "󰚿", dependencies: [_LocalizationsScope-[GlobalKey#a90c3]], renderObject: RenderParagraph#6d8dd relayoutBoundary=up1)
                                                                                                                                                           │                          │                                 ├AnimatedDefaultTextStyle(duration: 200ms, debugLabel: (((englishLike bodyLarge 2021).merge((blackMountainView bodyLarge).apply)).copyWith).copyWith, inherit: false, color: Color(alpha: 1.0000, red: 0.1137, green: 0.1059, blue: 0.1255, colorSpace: ColorSpace.sRGB), family: Roboto, size: 16.0, weight: 400, letterSpacing: 0.5, baseline: alphabetic, height: 1.5x, leadingDistribution: even, decoration: Color(alpha: 1.0000, red: 0.1137, green: 0.1059, blue: 0.1255, colorSpace: ColorSpace.sRGB) TextDecoration.none, softWrap: wrapping at box width, overflow: clip, state: _AnimatedDefaultTextStyleState#6af5a(ticker inactive))
                                                                                                                                                           │                          │                                 │└DefaultTextStyle(debugLabel: (((englishLike bodyLarge 2021).merge((blackMountainView bodyLarge).apply)).copyWith).copyWith, inherit: false, color: Color(alpha: 1.0000, red: 0.1137, green: 0.1059, blue: 0.1255, colorSpace: ColorSpace.sRGB), family: Roboto, size: 16.0, weight: 400, letterSpacing: 0.5, baseline: alphabetic, height: 1.5x, leadingDistribution: even, decoration: Color(alpha: 1.0000, red: 0.1137, green: 0.1059, blue: 0.1255, colorSpace: ColorSpace.sRGB) TextDecoration.none, softWrap: wrapping at box width, overflow: clip)
                                                                                                                                                           │                          │                                 │ └Text("Request Timeout", dependencies: [DefaultSelectionStyle, DefaultTextStyle, MediaQuery])
                                                                                                                                                           │                          │                                 │  └RichText(softWrap: wrapping at box width, maxLines: unlimited, text: "Request Timeout", dependencies: [Directionality, _LocalizationsScope-[GlobalKey#a90c3]], renderObject: RenderParagraph#15920 relayoutBoundary=up13)
                                                                                                                                                           │                          │                                 ├AnimatedDefaultTextStyle(duration: 200ms, debugLabel: (((englishLike bodyMedium 2021).merge((blackMountainView bodyMedium).apply)).copyWith).copyWith, inherit: false, color: Color(alpha: 1.0000, red: 0.2863, green: 0.2706, blue: 0.3098, colorSpace: ColorSpace.sRGB), family: Roboto, size: 14.0, weight: 400, letterSpacing: 0.3, baseline: alphabetic, height: 1.4x, leadingDistribution: even, decoration: Color(alpha: 1.0000, red: 0.1137, green: 0.1059, blue: 0.1255, colorSpace: ColorSpace.sRGB) TextDecoration.none, softWrap: wrapping at box width, overflow: clip, state: _AnimatedDefaultTextStyleState#22e61(ticker inactive))
                                                                                                                                                           │                          │                                 │└DefaultTextStyle(debugLabel: (((englishLike bodyMedium 2021).merge((blackMountainView bodyMedium).apply)).copyWith).copyWith, inherit: false, color: Color(alpha: 1.0000, red: 0.2863, green: 0.2706, blue: 0.3098, colorSpace: ColorSpace.sRGB), family: Roboto, size: 14.0, weight: 400, letterSpacing: 0.3, baseline: alphabetic, height: 1.4x, leadingDistribution: even, decoration: Color(alpha: 1.0000, red: 0.1137, green: 0.1059, blue: 0.1255, colorSpace: ColorSpace.sRGB) TextDecoration.none, softWrap: wrapping at box width, overflow: clip)
                                                                                                                                                           │                          │                                 │ └Text("3 seconds per request", dependencies: [DefaultSelectionStyle, DefaultTextStyle, MediaQuery])
                                                                                                                                                           │                          │                                 │  └RichText(softWrap: wrapping at box width, maxLines: unlimited, text: "3 seconds per request", dependencies: [Directionality, _LocalizationsScope-[GlobalKey#a90c3]], renderObject: RenderParagraph#425fc relayoutBoundary=up13)
                                                                                                                                                           │                          │                                 └AnimatedDefaultTextStyle(duration: 200ms, debugLabel: (((englishLike labelSmall 2021).merge((blackMountainView labelSmall).apply)).copyWith).copyWith, inherit: false, color: Color(alpha: 1.0000, red: 0.2863, green: 0.2706, blue: 0.3098, colorSpace: ColorSpace.sRGB), family: Roboto, size: 11.0, weight: 500, letterSpacing: 0.5, baseline: alphabetic, height: 1.4x, leadingDistribution: even, decoration: Color(alpha: 1.0000, red: 0.1137, green: 0.1059, blue: 0.1255, colorSpace: ColorSpace.sRGB) TextDecoration.none, softWrap: wrapping at box width, overflow: clip, state: _AnimatedDefaultTextStyleState#c2654(ticker inactive))
                                                                                                                                                           │                          │                                  └DefaultTextStyle(debugLabel: (((englishLike labelSmall 2021).merge((blackMountainView labelSmall).apply)).copyWith).copyWith, inherit: false, color: Color(alpha: 1.0000, red: 0.2863, green: 0.2706, blue: 0.3098, colorSpace: ColorSpace.sRGB), family: Roboto, size: 11.0, weight: 500, letterSpacing: 0.5, baseline: alphabetic, height: 1.4x, leadingDistribution: even, decoration: Color(alpha: 1.0000, red: 0.1137, green: 0.1059, blue: 0.1255, colorSpace: ColorSpace.sRGB) TextDecoration.none, softWrap: wrapping at box width, overflow: clip)
                                                                                                                                                           │                          │                                   └Icon(IconData(U+0E15F), dependencies: [Directionality, IconTheme])
                                                                                                                                                           │                          │                                    └Semantics(container: false, properties: SemanticsProperties, renderObject: RenderSemanticsAnnotations#1ad10 relayoutBoundary=up13)
                                                                                                                                                           │                          │                                     └ExcludeSemantics(excluding: true, renderObject: RenderExcludeSemantics#304bd relayoutBoundary=up14)
                                                                                                                                                           │                          │                                      └SizedBox(width: 24.0, height: 24.0, renderObject: RenderConstrainedBox#269b6 relayoutBoundary=up15)
                                                                                                                                                           │                          │                                       └Center(alignment: Alignment.center, dependencies: [Directionality], renderObject: RenderPositionedBox#bfcc2)
                                                                                                                                                           │                          │                                        └RichText(textDirection: ltr, softWrap: wrapping at box width, overflow: visible, maxLines: unlimited, text: "", dependencies: [_LocalizationsScope-[GlobalKey#a90c3]], renderObject: RenderParagraph#7c2c8 relayoutBoundary=up1)
                                                                                                                                                           │                          ├KeyedSubtree
                                                                                                                                                           │                          │└AutomaticKeepAlive(state: _AutomaticKeepAliveState#85204(handles: no notifications ever received))
                                                                                                                                                           │                          │ └KeepAlive(keepAlive: false)
                                                                                                                                                           │                          │  └NotificationListener<KeepAliveNotification>
                                                                                                                                                           │                          │   └_SelectionKeepAlive(state: _SelectionKeepAliveState#67466)
                                                                                                                                                           │                          │    └IndexedSemantics(index: 3, renderObject: RenderIndexedSemantics#32aeb relayoutBoundary=up3)
                                                                                                                                                           │                          │     └RepaintBoundary(renderObject: RenderRepaintBoundary#ac9ba relayoutBoundary=up4)
                                                                                                                                                           │                          │      └SwitchListTile(dependencies: [InheritedCupertinoTheme, _InheritedTheme, _LocalizationsScope-[GlobalKey#a90c3]])
                                                                                                                                                           │                          │       └MergeSemantics(renderObject: RenderMergeSemantics#8b7f3 relayoutBoundary=up5)
                                                                                                                                                           │                          │        └ListTile(selectedColor: Color(alpha: 1.0000, red: 0.3843, green: 0.3569, blue: 0.4431, colorSpace: ColorSpace.sRGB), onTap: Closure: () => void, dependencies: [Directionality, InheritedCupertinoTheme, _InheritedTheme, _LocalizationsScope-[GlobalKey#a90c3]])
                                                                                                                                                           │                          │         └InkWell
                                                                                                                                                           │                          │          └_InkResponseStateWidget(gestures: [tap], mouseCursor: SystemMouseCursor(click), clipped to BoxShape.rectangle, dependencies: [InheritedCupertinoTheme, MediaQuery, _InheritedTheme, _LocalizationsScope-[GlobalKey#a90c3]], state: _InkResponseState#18da7)
                                                                                                                                                           │                          │           └_ParentInkResponseProvider
                                                                                                                                                           │                          │            └Actions(dispatcher: null, actions: {ActivateIntent: CallbackAction<ActivateIntent>#a7614, ButtonActivateIntent: CallbackAction<ButtonActivateIntent>#1c0a5}, state: _ActionsState#7dc1d)
                                                                                                                                                           │                          │             └_ActionsScope
                                                                                                                                                           │                          │              └Focus(dependencies: [_FocusInheritedScope], state: _FocusState#8c76a)
                                                                                                                                                           │                          │               └_FocusInheritedScope
                                                                                                                                                           │                          │                └Semantics(container: false, properties: SemanticsProperties, renderObject: RenderSemanticsAnnotations#1a777 relayoutBoundary=up6)
                                                                                                                                                           │                          │                 └MouseRegion(listeners: [enter, exit], cursor: SystemMouseCursor(click), renderObject: RenderMouseRegion#d6dc2 relayoutBoundary=up7)
                                                                                                                                                           │                          │                  └Builder(dependencies: [DefaultSelectionStyle])
                                                                                                                                                           │                          │                   └DefaultSelectionStyle
                                                                                                                                                           │                          │                    └Semantics(container: false, properties: SemanticsProperties, renderObject: RenderSemanticsAnnotations#d4eb2 relayoutBoundary=up8)
                                                                                                                                                           │                          │                     └GestureDetector(startBehavior: start, dependencies: [MediaQuery, ScrollConfiguration])
                                                                                                                                                           │                          │                      └RawGestureDetector(state: RawGestureDetectorState#9c82d(gestures: [tap], excludeFromSemantics: true, behavior: opaque))
                                                                                                                                                           │                          │                       └Listener(listeners: [down, panZoomStart], behavior: opaque, renderObject: RenderPointerListener#b6b5d relayoutBoundary=up9)
                                                                                                                                                           │                          │                        └Semantics(container: false, properties: SemanticsProperties, selected: false, renderObject: RenderSemanticsAnnotations#d94b0 relayoutBoundary=up10)
                                                                                                                                                           │                          │                         └Ink(bg: ShapeDecoration(color: Color(alpha: 0.0000, red: 0.0000, green: 0.0000, blue: 0.0000, colorSpace: ColorSpace.sRGB), shape: Border.all(BorderSide(width: 0.0, style: none))), state: _InkState#e8910)
                                                                                                                                                           │                          │                          └Padding-[GlobalKey#6d67e](padding: EdgeInsets.zero, dependencies: [Directionality], renderObject: RenderPadding#719f6 relayoutBoundary=up11)
                                                                                                                                                           │                          │                           └Builder(dependencies: [Directionality, MediaQuery, _LocalizationsScope-[GlobalKey#a90c3]])
                                                                                                                                                           │                          │                            └SafeArea(avoid left padding, avoid right padding, dependencies: [MediaQuery])
                                                                                                                                                           │                          │                             └Padding(padding: EdgeInsets(16.0, 0.0, 24.0, 0.0), dependencies: [Directionality], renderObject: RenderPadding#4c7ec relayoutBoundary=up12)
                                                                                                                                                           │                          │                              └MediaQuery(MediaQueryData(size: Size(800.0, 600.0), devicePixelRatio: 3.0, textScaler: SystemTextScaler (no scaling), platformBrightness: Brightness.light, padding: EdgeInsets.zero, viewPadding: EdgeInsets.zero, viewInsets: EdgeInsets.zero, systemGestureInsets: EdgeInsets.zero, alwaysUse24HourFormat: false, accessibleNavigation: false, highContrast: false, onOffSwitchLabels: false, disableAnimations: false, invertColors: false, boldText: false, navigationMode: traditional, gestureSettings: DeviceGestureSettings(touchSlop: null), displayFeatures: [], supportsShowingSystemContextMenu: false))
                                                                                                                                                           │                          │                               └Builder(dependencies: [IconTheme])
                                                                                                                                                           │                          │                                └IconTheme(color: Color(alpha: 1.0000, red: 0.2863, green: 0.2706, blue: 0.3098, colorSpace: ColorSpace.sRGB))
                                                                                                                                                           │                          │                                 └IconButtonTheme
                                                                                                                                                           │                          │                                  └_ListTile(renderObject: _RenderListTile#9c911 relayoutBoundary=up13)
                                                                                                                                                           │                          │                                   ├AnimatedDefaultTextStyle(duration: 200ms, debugLabel: (((englishLike labelSmall 2021).merge((blackMountainView labelSmall).apply)).copyWith).copyWith, inherit: false, color: Color(alpha: 1.0000, red: 0.2863, green: 0.2706, blue: 0.3098, colorSpace: ColorSpace.sRGB), family: Roboto, size: 11.0, weight: 500, letterSpacing: 0.5, baseline: alphabetic, height: 1.4x, leadingDistribution: even, decoration: Color(alpha: 1.0000, red: 0.1137, green: 0.1059, blue: 0.1255, colorSpace: ColorSpace.sRGB) TextDecoration.none, softWrap: wrapping at box width, overflow: clip, state: _AnimatedDefaultTextStyleState#7a677(ticker inactive))
                                                                                                                                                           │                          │                                   │└DefaultTextStyle(debugLabel: (((englishLike labelSmall 2021).merge((blackMountainView labelSmall).apply)).copyWith).copyWith, inherit: false, color: Color(alpha: 1.0000, red: 0.2863, green: 0.2706, blue: 0.3098, colorSpace: ColorSpace.sRGB), family: Roboto, size: 11.0, weight: 500, letterSpacing: 0.5, baseline: alphabetic, height: 1.4x, leadingDistribution: even, decoration: Color(alpha: 1.0000, red: 0.1137, green: 0.1059, blue: 0.1255, colorSpace: ColorSpace.sRGB) TextDecoration.none, softWrap: wrapping at box width, overflow: clip)
                                                                                                                                                           │                          │                                   │ └Icon(IconData(U+0E0C1), dependencies: [Directionality, IconTheme])
                                                                                                                                                           │                          │                                   │  └Semantics(container: false, properties: SemanticsProperties, renderObject: RenderSemanticsAnnotations#1688f relayoutBoundary=up14)
                                                                                                                                                           │                          │                                   │   └ExcludeSemantics(excluding: true, renderObject: RenderExcludeSemantics#d084d relayoutBoundary=up15)
                                                                                                                                                           │                          │                                   │    └SizedBox(width: 24.0, height: 24.0, renderObject: RenderConstrainedBox#601e2 relayoutBoundary=up16)
                                                                                                                                                           │                          │                                   │     └Center(alignment: Alignment.center, dependencies: [Directionality], renderObject: RenderPositionedBox#c0dac)
                                                                                                                                                           │                          │                                   │      └RichText(textDirection: ltr, softWrap: wrapping at box width, overflow: visible, maxLines: unlimited, text: "", dependencies: [_LocalizationsScope-[GlobalKey#a90c3]], renderObject: RenderParagraph#74cb7 relayoutBoundary=up1)
                                                                                                                                                           │                          │                                   ├AnimatedDefaultTextStyle(duration: 200ms, debugLabel: (((englishLike bodyLarge 2021).merge((blackMountainView bodyLarge).apply)).copyWith).copyWith, inherit: false, color: Color(alpha: 1.0000, red: 0.1137, green: 0.1059, blue: 0.1255, colorSpace: ColorSpace.sRGB), family: Roboto, size: 16.0, weight: 400, letterSpacing: 0.5, baseline: alphabetic, height: 1.5x, leadingDistribution: even, decoration: Color(alpha: 1.0000, red: 0.1137, green: 0.1059, blue: 0.1255, colorSpace: ColorSpace.sRGB) TextDecoration.none, softWrap: wrapping at box width, overflow: clip, state: _AnimatedDefaultTextStyleState#e9322(ticker inactive))
                                                                                                                                                           │                          │                                   │└DefaultTextStyle(debugLabel: (((englishLike bodyLarge 2021).merge((blackMountainView bodyLarge).apply)).copyWith).copyWith, inherit: false, color: Color(alpha: 1.0000, red: 0.1137, green: 0.1059, blue: 0.1255, colorSpace: ColorSpace.sRGB), family: Roboto, size: 16.0, weight: 400, letterSpacing: 0.5, baseline: alphabetic, height: 1.5x, leadingDistribution: even, decoration: Color(alpha: 1.0000, red: 0.1137, green: 0.1059, blue: 0.1255, colorSpace: ColorSpace.sRGB) TextDecoration.none, softWrap: wrapping at box width, overflow: clip)
                                                                                                                                                           │                          │                                   │ └Text("Auto-refresh", dependencies: [DefaultSelectionStyle, DefaultTextStyle, MediaQuery])
                                                                                                                                                           │                          │                                   │  └RichText(softWrap: wrapping at box width, maxLines: unlimited, text: "Auto-refresh", dependencies: [Directionality, _LocalizationsScope-[GlobalKey#a90c3]], renderObject: RenderParagraph#fb599 relayoutBoundary=up14)
                                                                                                                                                           │                          │                                   ├AnimatedDefaultTextStyle(duration: 200ms, debugLabel: (((englishLike bodyMedium 2021).merge((blackMountainView bodyMedium).apply)).copyWith).copyWith, inherit: false, color: Color(alpha: 1.0000, red: 0.2863, green: 0.2706, blue: 0.3098, colorSpace: ColorSpace.sRGB), family: Roboto, size: 14.0, weight: 400, letterSpacing: 0.3, baseline: alphabetic, height: 1.4x, leadingDistribution: even, decoration: Color(alpha: 1.0000, red: 0.1137, green: 0.1059, blue: 0.1255, colorSpace: ColorSpace.sRGB) TextDecoration.none, softWrap: wrapping at box width, overflow: clip, state: _AnimatedDefaultTextStyleState#a0461(ticker inactive))
                                                                                                                                                           │                          │                                   │└DefaultTextStyle(debugLabel: (((englishLike bodyMedium 2021).merge((blackMountainView bodyMedium).apply)).copyWith).copyWith, inherit: false, color: Color(alpha: 1.0000, red: 0.2863, green: 0.2706, blue: 0.3098, colorSpace: ColorSpace.sRGB), family: Roboto, size: 14.0, weight: 400, letterSpacing: 0.3, baseline: alphabetic, height: 1.4x, leadingDistribution: even, decoration: Color(alpha: 1.0000, red: 0.1137, green: 0.1059, blue: 0.1255, colorSpace: ColorSpace.sRGB) TextDecoration.none, softWrap: wrapping at box width, overflow: clip)
                                                                                                                                                           │                          │                                   │ └Text("Off - Use manual refresh button", dependencies: [DefaultSelectionStyle, DefaultTextStyle, MediaQuery])
                                                                                                                                                           │                          │                                   │  └RichText(softWrap: wrapping at box width, maxLines: unlimited, text: "Off - Use manual refresh button", dependencies: [Directionality, _LocalizationsScope-[GlobalKey#a90c3]], renderObject: RenderParagraph#99f75 relayoutBoundary=up14)
                                                                                                                                                           │                          │                                   └AnimatedDefaultTextStyle(duration: 200ms, debugLabel: (((englishLike labelSmall 2021).merge((blackMountainView labelSmall).apply)).copyWith).copyWith, inherit: false, color: Color(alpha: 1.0000, red: 0.2863, green: 0.2706, blue: 0.3098, colorSpace: ColorSpace.sRGB), family: Roboto, size: 11.0, weight: 500, letterSpacing: 0.5, baseline: alphabetic, height: 1.4x, leadingDistribution: even, decoration: Color(alpha: 1.0000, red: 0.1137, green: 0.1059, blue: 0.1255, colorSpace: ColorSpace.sRGB) TextDecoration.none, softWrap: wrapping at box width, overflow: clip, state: _AnimatedDefaultTextStyleState#10c78(ticker inactive))
                                                                                                                                                           │                          │                                    └DefaultTextStyle(debugLabel: (((englishLike labelSmall 2021).merge((blackMountainView labelSmall).apply)).copyWith).copyWith, inherit: false, color: Color(alpha: 1.0000, red: 0.2863, green: 0.2706, blue: 0.3098, colorSpace: ColorSpace.sRGB), family: Roboto, size: 11.0, weight: 500, letterSpacing: 0.5, baseline: alphabetic, height: 1.4x, leadingDistribution: even, decoration: Color(alpha: 1.0000, red: 0.1137, green: 0.1059, blue: 0.1255, colorSpace: ColorSpace.sRGB) TextDecoration.none, softWrap: wrapping at box width, overflow: clip)
                                                                                                                                                           │                          │                                     └ExcludeFocus
                                                                                                                                                           │                          │                                      └Focus(DESCENDANTS UNFOCUSABLE, dependencies: [_FocusInheritedScope], state: _FocusState#f8508)
                                                                                                                                                           │                          │                                       └_FocusInheritedScope
                                                                                                                                                           │                          │                                        └Switch(value: off, dependencies: [InheritedCupertinoTheme, _InheritedTheme, _LocalizationsScope-[GlobalKey#a90c3]])
                                                                                                                                                           │                          │                                         └_MaterialSwitch(dependencies: [Directionality, IconTheme, InheritedCupertinoTheme, MediaQuery, _InheritedTheme, _LocalizationsScope-[GlobalKey#a90c3]], state: _MaterialSwitchState#08914(tickers: tracking 4 tickers))
                                                                                                                                                           │                          │                                          └Semantics(container: false, properties: SemanticsProperties, renderObject: RenderSemanticsAnnotations#e31bd relayoutBoundary=up14)
                                                                                                                                                           │                          │                                           └GestureDetector(startBehavior: start, dependencies: [InheritedCupertinoTheme, MediaQuery, ScrollConfiguration, _InheritedTheme, _LocalizationsScope-[GlobalKey#a90c3]])
                                                                                                                                                           │                          │                                            └RawGestureDetector(state: RawGestureDetectorState#e339f(gestures: [horizontal drag], excludeFromSemantics: true))
                                                                                                                                                           │                          │                                             └Listener(listeners: [down, panZoomStart], behavior: deferToChild, renderObject: RenderPointerListener#60b8f relayoutBoundary=up15)
                                                                                                                                                           │                          │                                              └Opacity(opacity: 1.0, renderObject: RenderOpacity#1362d relayoutBoundary=up16)
                                                                                                                                                           │                          │                                               └FocusableActionDetector(dependencies: [MediaQuery], state: _FocusableActionDetectorState#54526)
                                                                                                                                                           │                          │                                                └Actions(dispatcher: null, actions: {ActivateIntent: CallbackAction<ActivateIntent>#4e2a1}, state: _ActionsState#0c169)
                                                                                                                                                           │                          │                                                 └_ActionsScope
                                                                                                                                                           │                          │                                                  └MouseRegion-[GlobalKey#b4081](listeners: [enter, exit], cursor: SystemMouseCursor(click), renderObject: RenderMouseRegion#4c99d relayoutBoundary=up17)
                                                                                                                                                           │                          │                                                   └Focus(dependencies: [_FocusInheritedScope], state: _FocusState#3bd43)
                                                                                                                                                           │                          │                                                    └_FocusInheritedScope
                                                                                                                                                           │                          │                                                     └Semantics(container: false, properties: SemanticsProperties, renderObject: RenderSemanticsAnnotations#76c2e relayoutBoundary=up18)
                                                                                                                                                           │                          │                                                      └GestureDetector(startBehavior: start, dependencies: [MediaQuery, ScrollConfiguration])
                                                                                                                                                           │                          │                                                       └RawGestureDetector(state: RawGestureDetectorState#4d5c1(gestures: [tap]))
                                                                                                                                                           │                          │                                                        └_GestureSemantics(renderObject: RenderSemanticsGestureHandler#1b0ce relayoutBoundary=up19)
                                                                                                                                                           │                          │                                                         └Listener(listeners: [down, panZoomStart], behavior: deferToChild, renderObject: RenderPointerListener#a2c9a relayoutBoundary=up20)
                                                                                                                                                           │                          │                                                          └Semantics(container: false, properties: SemanticsProperties, renderObject: RenderSemanticsAnnotations#db396 relayoutBoundary=up21)
                                                                                                                                                           │                          │                                                           └CustomPaint(renderObject: RenderCustomPaint#2d740 relayoutBoundary=up22)
                                                                                                                                                           │                          ├KeyedSubtree
                                                                                                                                                           │                          │└AutomaticKeepAlive(state: _AutomaticKeepAliveState#dad7c(handles: no notifications ever received))
                                                                                                                                                           │                          │ └KeepAlive(keepAlive: false)
                                                                                                                                                           │                          │  └NotificationListener<KeepAliveNotification>
                                                                                                                                                           │                          │   └_SelectionKeepAlive(state: _SelectionKeepAliveState#12002)
                                                                                                                                                           │                          │    └IndexedSemantics(index: 4, renderObject: RenderIndexedSemantics#a62ad relayoutBoundary=up3)
                                                                                                                                                           │                          │     └RepaintBoundary(renderObject: RenderRepaintBoundary#acf99 relayoutBoundary=up4)
                                                                                                                                                           │                          │      └Divider(dependencies: [InheritedCupertinoTheme, _InheritedTheme, _LocalizationsScope-[GlobalKey#a90c3]])
                                                                                                                                                           │                          │       └SizedBox(height: 16.0, renderObject: RenderConstrainedBox#23c83 relayoutBoundary=up5)
                                                                                                                                                           │                          │        └Center(alignment: Alignment.center, dependencies: [Directionality], renderObject: RenderPositionedBox#83b3d)
                                                                                                                                                           │                          │         └Container(bg: BoxDecoration(border: Border(bottom: BorderSide(color: Color(alpha: 1.0000, red: 0.7922, green: 0.7686, blue: 0.8157, colorSpace: ColorSpace.sRGB)))), constraints: BoxConstraints(0.0<=w<=Infinity, h=1.0), margin: EdgeInsets.zero)
                                                                                                                                                           │                          │          └Padding(padding: EdgeInsets.zero, dependencies: [Directionality], renderObject: RenderPadding#5904b relayoutBoundary=up1)
                                                                                                                                                           │                          │           └ConstrainedBox(BoxConstraints(0.0<=w<=Infinity, h=1.0), renderObject: RenderConstrainedBox#8b4a2 relayoutBoundary=up2)
                                                                                                                                                           │                          │            └DecoratedBox(bg: BoxDecoration(border: Border(bottom: BorderSide(color: Color(alpha: 1.0000, red: 0.7922, green: 0.7686, blue: 0.8157, colorSpace: ColorSpace.sRGB)))), dependencies: [Directionality, MediaQuery, _LocalizationsScope-[GlobalKey#a90c3]], renderObject: RenderDecoratedBox#1ecf7 relayoutBoundary=up3)
                                                                                                                                                           │                          │             └Padding(padding: EdgeInsets(0.0, 0.0, 0.0, 1.0), dependencies: [Directionality], renderObject: RenderPadding#6be36 relayoutBoundary=up4)
                                                                                                                                                           │                          │              └LimitedBox(maxWidth: 0.0, maxHeight: 0.0, renderObject: RenderLimitedBox#3f427 relayoutBoundary=up5)
                                                                                                                                                           │                          │               └ConstrainedBox(BoxConstraints(biggest), renderObject: RenderConstrainedBox#874ce relayoutBoundary=up6)
                                                                                                                                                           │                          ├KeyedSubtree
                                                                                                                                                           │                          │└AutomaticKeepAlive(state: _AutomaticKeepAliveState#17ed7(handles: no notifications ever received))
                                                                                                                                                           │                          │ └KeepAlive(keepAlive: false)
                                                                                                                                                           │                          │  └NotificationListener<KeepAliveNotification>
                                                                                                                                                           │                          │   └_SelectionKeepAlive(state: _SelectionKeepAliveState#5785d)
                                                                                                                                                           │                          │    └IndexedSemantics(index: 5, renderObject: RenderIndexedSemantics#6272a relayoutBoundary=up3)
                                                                                                                                                           │                          │     └RepaintBoundary(renderObject: RenderRepaintBoundary#9f7b4 relayoutBoundary=up4)
                                                                                                                                                           │                          │      └Padding(padding: EdgeInsets(16.0, 16.0, 16.0, 8.0), dependencies: [Directionality], renderObject: RenderPadding#836d2 relayoutBoundary=up5)
                                                                                                                                                           │                          │       └Text("ABOUT", debugLabel: ((englishLike labelSmall 2021).merge((blackMountainView labelSmall).apply)).copyWith, inherit: false, color: Color(alpha: 1.0000, red: 0.4039, green: 0.3137, blue: 0.6431, colorSpace: ColorSpace.sRGB), family: Roboto, size: 11.0, weight: 700, letterSpacing: 1.2, baseline: alphabetic, height: 1.4x, leadingDistribution: even, decoration: Color(alpha: 1.0000, red: 0.1137, green: 0.1059, blue: 0.1255, colorSpace: ColorSpace.sRGB) TextDecoration.none, dependencies: [DefaultSelectionStyle, DefaultTextStyle, MediaQuery])
                                                                                                                                                           │                          │        └RichText(softWrap: wrapping at box width, maxLines: unlimited, text: "ABOUT", dependencies: [Directionality, _LocalizationsScope-[GlobalKey#a90c3]], renderObject: RenderParagraph#8e458 relayoutBoundary=up6)
                                                                                                                                                           │                          ├KeyedSubtree
                                                                                                                                                           │                          │└AutomaticKeepAlive(state: _AutomaticKeepAliveState#388df(handles: no notifications ever received))
                                                                                                                                                           │                          │ └KeepAlive(keepAlive: false)
                                                                                                                                                           │                          │  └NotificationListener<KeepAliveNotification>
                                                                                                                                                           │                          │   └_SelectionKeepAlive(state: _SelectionKeepAliveState#dd595)
                                                                                                                                                           │                          │    └IndexedSemantics(index: 6, renderObject: RenderIndexedSemantics#d49be relayoutBoundary=up3)
                                                                                                                                                           │                          │     └RepaintBoundary(renderObject: RenderRepaintBoundary#47e61 relayoutBoundary=up4)
                                                                                                                                                           │                          │      └ListTile(onTap: Closure: () => void, dependencies: [Directionality, InheritedCupertinoTheme, _InheritedTheme, _LocalizationsScope-[GlobalKey#a90c3]])
                                                                                                                                                           │                          │       └InkWell
                                                                                                                                                           │                          │        └_InkResponseStateWidget(gestures: [tap], mouseCursor: SystemMouseCursor(click), clipped to BoxShape.rectangle, dependencies: [InheritedCupertinoTheme, MediaQuery, _InheritedTheme, _LocalizationsScope-[GlobalKey#a90c3]], state: _InkResponseState#1a31e)
                                                                                                                                                           │                          │         └_ParentInkResponseProvider
                                                                                                                                                           │                          │          └Actions(dispatcher: null, actions: {ActivateIntent: CallbackAction<ActivateIntent>#2e3b9, ButtonActivateIntent: CallbackAction<ButtonActivateIntent>#fe0eb}, state: _ActionsState#ec098)
                                                                                                                                                           │                          │           └_ActionsScope
                                                                                                                                                           │                          │            └Focus(dependencies: [_FocusInheritedScope], state: _FocusState#4e68e)
                                                                                                                                                           │                          │             └_FocusInheritedScope
                                                                                                                                                           │                          │              └Semantics(container: false, properties: SemanticsProperties, renderObject: RenderSemanticsAnnotations#0f997 relayoutBoundary=up5)
                                                                                                                                                           │                          │               └MouseRegion(listeners: [enter, exit], cursor: SystemMouseCursor(click), renderObject: RenderMouseRegion#6ed11 relayoutBoundary=up6)
                                                                                                                                                           │                          │                └Builder(dependencies: [DefaultSelectionStyle])
                                                                                                                                                           │                          │                 └DefaultSelectionStyle
                                                                                                                                                           │                          │                  └Semantics(container: false, properties: SemanticsProperties, renderObject: RenderSemanticsAnnotations#02d37 relayoutBoundary=up7)
                                                                                                                                                           │                          │                   └GestureDetector(startBehavior: start, dependencies: [MediaQuery, ScrollConfiguration])
                                                                                                                                                           │                          │                    └RawGestureDetector(state: RawGestureDetectorState#1dd82(gestures: [tap], excludeFromSemantics: true, behavior: opaque))
                                                                                                                                                           │                          │                     └Listener(listeners: [down, panZoomStart], behavior: opaque, renderObject: RenderPointerListener#3af39 relayoutBoundary=up8)
                                                                                                                                                           │                          │                      └Semantics(container: false, properties: SemanticsProperties, selected: false, renderObject: RenderSemanticsAnnotations#4b213 relayoutBoundary=up9)
                                                                                                                                                           │                          │                       └Ink(bg: ShapeDecoration(color: Color(alpha: 0.0000, red: 0.0000, green: 0.0000, blue: 0.0000, colorSpace: ColorSpace.sRGB), shape: Border.all(BorderSide(width: 0.0, style: none))), state: _InkState#c32cd)
                                                                                                                                                           │                          │                        └Padding-[GlobalKey#c87dc](padding: EdgeInsets.zero, dependencies: [Directionality], renderObject: RenderPadding#967fe relayoutBoundary=up10)
                                                                                                                                                           │                          │                         └Builder(dependencies: [Directionality, MediaQuery, _LocalizationsScope-[GlobalKey#a90c3]])
                                                                                                                                                           │                          │                          └SafeArea(avoid left padding, avoid right padding, dependencies: [MediaQuery])
                                                                                                                                                           │                          │                           └Padding(padding: EdgeInsets(16.0, 0.0, 24.0, 0.0), dependencies: [Directionality], renderObject: RenderPadding#cd080 relayoutBoundary=up11)
                                                                                                                                                           │                          │                            └MediaQuery(MediaQueryData(size: Size(800.0, 600.0), devicePixelRatio: 3.0, textScaler: SystemTextScaler (no scaling), platformBrightness: Brightness.light, padding: EdgeInsets.zero, viewPadding: EdgeInsets.zero, viewInsets: EdgeInsets.zero, systemGestureInsets: EdgeInsets.zero, alwaysUse24HourFormat: false, accessibleNavigation: false, highContrast: false, onOffSwitchLabels: false, disableAnimations: false, invertColors: false, boldText: false, navigationMode: traditional, gestureSettings: DeviceGestureSettings(touchSlop: null), displayFeatures: [], supportsShowingSystemContextMenu: false))
                                                                                                                                                           │                          │                             └Builder(dependencies: [IconTheme])
                                                                                                                                                           │                          │                              └IconTheme(color: Color(alpha: 1.0000, red: 0.2863, green: 0.2706, blue: 0.3098, colorSpace: ColorSpace.sRGB))
                                                                                                                                                           │                          │                               └IconButtonTheme
                                                                                                                                                           │                          │                                └_ListTile(renderObject: _RenderListTile#16498 relayoutBoundary=up12)
                                                                                                                                                           │                          │                                 ├AnimatedDefaultTextStyle(duration: 200ms, debugLabel: (((englishLike labelSmall 2021).merge((blackMountainView labelSmall).apply)).copyWith).copyWith, inherit: false, color: Color(alpha: 1.0000, red: 0.2863, green: 0.2706, blue: 0.3098, colorSpace: ColorSpace.sRGB), family: Roboto, size: 11.0, weight: 500, letterSpacing: 0.5, baseline: alphabetic, height: 1.4x, leadingDistribution: even, decoration: Color(alpha: 1.0000, red: 0.1137, green: 0.1059, blue: 0.1255, colorSpace: ColorSpace.sRGB) TextDecoration.none, softWrap: wrapping at box width, overflow: clip, state: _AnimatedDefaultTextStyleState#34fba(ticker inactive))
                                                                                                                                                           │                          │                                 │└DefaultTextStyle(debugLabel: (((englishLike labelSmall 2021).merge((blackMountainView labelSmall).apply)).copyWith).copyWith, inherit: false, color: Color(alpha: 1.0000, red: 0.2863, green: 0.2706, blue: 0.3098, colorSpace: ColorSpace.sRGB), family: Roboto, size: 11.0, weight: 500, letterSpacing: 0.5, baseline: alphabetic, height: 1.4x, leadingDistribution: even, decoration: Color(alpha: 1.0000, red: 0.1137, green: 0.1059, blue: 0.1255, colorSpace: ColorSpace.sRGB) TextDecoration.none, softWrap: wrapping at box width, overflow: clip)
                                                                                                                                                           │                          │                                 │ └Icon(IconData(U+0E33D), dependencies: [Directionality, IconTheme])
                                                                                                                                                           │                          │                                 │  └Semantics(container: false, properties: SemanticsProperties, renderObject: RenderSemanticsAnnotations#55563 relayoutBoundary=up13)
                                                                                                                                                           │                          │                                 │   └ExcludeSemantics(excluding: true, renderObject: RenderExcludeSemantics#9f977 relayoutBoundary=up14)
                                                                                                                                                           │                          │                                 │    └SizedBox(width: 24.0, height: 24.0, renderObject: RenderConstrainedBox#50f51 relayoutBoundary=up15)
                                                                                                                                                           │                          │                                 │     └Center(alignment: Alignment.center, dependencies: [Directionality], renderObject: RenderPositionedBox#eba31)
                                                                                                                                                           │                          │                                 │      └RichText(textDirection: ltr, softWrap: wrapping at box width, overflow: visible, maxLines: unlimited, text: "", dependencies: [_LocalizationsScope-[GlobalKey#a90c3]], renderObject: RenderParagraph#463ff relayoutBoundary=up1)
                                                                                                                                                           │                          │                                 └AnimatedDefaultTextStyle(duration: 200ms, debugLabel: (((englishLike bodyLarge 2021).merge((blackMountainView bodyLarge).apply)).copyWith).copyWith, inherit: false, color: Color(alpha: 1.0000, red: 0.1137, green: 0.1059, blue: 0.1255, colorSpace: ColorSpace.sRGB), family: Roboto, size: 16.0, weight: 400, letterSpacing: 0.5, baseline: alphabetic, height: 1.5x, leadingDistribution: even, decoration: Color(alpha: 1.0000, red: 0.1137, green: 0.1059, blue: 0.1255, colorSpace: ColorSpace.sRGB) TextDecoration.none, softWrap: wrapping at box width, overflow: clip, state: _AnimatedDefaultTextStyleState#3f7ac(ticker inactive))
                                                                                                                                                           │                          │                                  └DefaultTextStyle(debugLabel: (((englishLike bodyLarge 2021).merge((blackMountainView bodyLarge).apply)).copyWith).copyWith, inherit: false, color: Color(alpha: 1.0000, red: 0.1137, green: 0.1059, blue: 0.1255, colorSpace: ColorSpace.sRGB), family: Roboto, size: 16.0, weight: 400, letterSpacing: 0.5, baseline: alphabetic, height: 1.5x, leadingDistribution: even, decoration: Color(alpha: 1.0000, red: 0.1137, green: 0.1059, blue: 0.1255, colorSpace: ColorSpace.sRGB) TextDecoration.none, softWrap: wrapping at box width, overflow: clip)
                                                                                                                                                           │                          │                                   └Text("About Bit Switch", dependencies: [DefaultSelectionStyle, DefaultTextStyle, MediaQuery])
                                                                                                                                                           │                          │                                    └RichText(softWrap: wrapping at box width, maxLines: unlimited, text: "About Bit Switch", dependencies: [Directionality, _LocalizationsScope-[GlobalKey#a90c3]], renderObject: RenderParagraph#0dbc7 relayoutBoundary=up13)
                                                                                                                                                           │                          ├KeyedSubtree
                                                                                                                                                           │                          │└AutomaticKeepAlive(state: _AutomaticKeepAliveState#65081(handles: no notifications ever received))
                                                                                                                                                           │                          │ └KeepAlive(keepAlive: false)
                                                                                                                                                           │                          │  └NotificationListener<KeepAliveNotification>
                                                                                                                                                           │                          │   └_SelectionKeepAlive(state: _SelectionKeepAliveState#ff271)
                                                                                                                                                           │                          │    └IndexedSemantics(index: 7, renderObject: RenderIndexedSemantics#446fb relayoutBoundary=up3)
                                                                                                                                                           │                          │     └RepaintBoundary(renderObject: RenderRepaintBoundary#59588 relayoutBoundary=up4)
                                                                                                                                                           │                          │      └ListTile(dependencies: [Directionality, InheritedCupertinoTheme, _InheritedTheme, _LocalizationsScope-[GlobalKey#a90c3]])
                                                                                                                                                           │                          │       └InkWell
                                                                                                                                                           │                          │        └_InkResponseStateWidget(gestures: <none>, mouseCursor: SystemMouseCursor(basic), clipped to BoxShape.rectangle, dependencies: [InheritedCupertinoTheme, MediaQuery, _InheritedTheme, _LocalizationsScope-[GlobalKey#a90c3]], state: _InkResponseState#4fd54)
                                                                                                                                                           │                          │         └_ParentInkResponseProvider
                                                                                                                                                           │                          │          └Actions(dispatcher: null, actions: {ActivateIntent: CallbackAction<ActivateIntent>#56b37, ButtonActivateIntent: CallbackAction<ButtonActivateIntent>#5b069}, state: _ActionsState#fb94f)
                                                                                                                                                           │                          │           └_ActionsScope
                                                                                                                                                           │                          │            └Focus(dependencies: [_FocusInheritedScope], state: _FocusState#909bc)
                                                                                                                                                           │                          │             └_FocusInheritedScope
                                                                                                                                                           │                          │              └Semantics(container: false, properties: SemanticsProperties, renderObject: RenderSemanticsAnnotations#a6b47 relayoutBoundary=up5)
                                                                                                                                                           │                          │               └MouseRegion(listeners: [enter, exit], cursor: SystemMouseCursor(basic), renderObject: RenderMouseRegion#f0c2c relayoutBoundary=up6)
                                                                                                                                                           │                          │                └Builder(dependencies: [DefaultSelectionStyle])
                                                                                                                                                           │                          │                 └DefaultSelectionStyle
                                                                                                                                                           │                          │                  └Semantics(container: false, properties: SemanticsProperties, renderObject: RenderSemanticsAnnotations#f708f relayoutBoundary=up7)
                                                                                                                                                           │                          │                   └GestureDetector(startBehavior: start, dependencies: [MediaQuery, ScrollConfiguration])
                                                                                                                                                           │                          │                    └RawGestureDetector(state: RawGestureDetectorState#35e7e(gestures: <none>, excludeFromSemantics: true, behavior: opaque))
                                                                                                                                                           │                          │                     └Listener(listeners: [down, panZoomStart], behavior: opaque, renderObject: RenderPointerListener#f8167 relayoutBoundary=up8)
                                                                                                                                                           │                          │                      └Semantics(container: false, properties: SemanticsProperties, selected: false, renderObject: RenderSemanticsAnnotations#e0fa4 relayoutBoundary=up9)
                                                                                                                                                           │                          │                       └Ink(bg: ShapeDecoration(color: Color(alpha: 0.0000, red: 0.0000, green: 0.0000, blue: 0.0000, colorSpace: ColorSpace.sRGB), shape: Border.all(BorderSide(width: 0.0, style: none))), state: _InkState#10f47)
                                                                                                                                                           │                          │                        └Padding-[GlobalKey#57072](padding: EdgeInsets.zero, dependencies: [Directionality], renderObject: RenderPadding#03be6 relayoutBoundary=up10)
                                                                                                                                                           │                          │                         └Builder(dependencies: [Directionality, MediaQuery, _LocalizationsScope-[GlobalKey#a90c3]])
                                                                                                                                                           │                          │                          └SafeArea(avoid left padding, avoid right padding, dependencies: [MediaQuery])
                                                                                                                                                           │                          │                           └Padding(padding: EdgeInsets(16.0, 0.0, 24.0, 0.0), dependencies: [Directionality], renderObject: RenderPadding#39d1f relayoutBoundary=up11)
                                                                                                                                                           │                          │                            └MediaQuery(MediaQueryData(size: Size(800.0, 600.0), devicePixelRatio: 3.0, textScaler: SystemTextScaler (no scaling), platformBrightness: Brightness.light, padding: EdgeInsets.zero, viewPadding: EdgeInsets.zero, viewInsets: EdgeInsets.zero, systemGestureInsets: EdgeInsets.zero, alwaysUse24HourFormat: false, accessibleNavigation: false, highContrast: false, onOffSwitchLabels: false, disableAnimations: false, invertColors: false, boldText: false, navigationMode: traditional, gestureSettings: DeviceGestureSettings(touchSlop: null), displayFeatures: [], supportsShowingSystemContextMenu: false))
                                                                                                                                                           │                          │                             └Builder(dependencies: [IconTheme])
                                                                                                                                                           │                          │                              └IconTheme(color: Color(alpha: 1.0000, red: 0.2863, green: 0.2706, blue: 0.3098, colorSpace: ColorSpace.sRGB))
                                                                                                                                                           │                          │                               └IconButtonTheme
                                                                                                                                                           │                          │                                └_ListTile(renderObject: _RenderListTile#c0d90 relayoutBoundary=up12)
                                                                                                                                                           │                          │                                 ├AnimatedDefaultTextStyle(duration: 200ms, debugLabel: (((englishLike labelSmall 2021).merge((blackMountainView labelSmall).apply)).copyWith).copyWith, inherit: false, color: Color(alpha: 1.0000, red: 0.2863, green: 0.2706, blue: 0.3098, colorSpace: ColorSpace.sRGB), family: Roboto, size: 11.0, weight: 500, letterSpacing: 0.5, baseline: alphabetic, height: 1.4x, leadingDistribution: even, decoration: Color(alpha: 1.0000, red: 0.1137, green: 0.1059, blue: 0.1255, colorSpace: ColorSpace.sRGB) TextDecoration.none, softWrap: wrapping at box width, overflow: clip, state: _AnimatedDefaultTextStyleState#20fb3(ticker inactive))
                                                                                                                                                           │                          │                                 │└DefaultTextStyle(debugLabel: (((englishLike labelSmall 2021).merge((blackMountainView labelSmall).apply)).copyWith).copyWith, inherit: false, color: Color(alpha: 1.0000, red: 0.2863, green: 0.2706, blue: 0.3098, colorSpace: ColorSpace.sRGB), family: Roboto, size: 11.0, weight: 500, letterSpacing: 0.5, baseline: alphabetic, height: 1.4x, leadingDistribution: even, decoration: Color(alpha: 1.0000, red: 0.1137, green: 0.1059, blue: 0.1255, colorSpace: ColorSpace.sRGB) TextDecoration.none, softWrap: wrapping at box width, overflow: clip)
                                                                                                                                                           │                          │                                 │ └Icon(IconData(U+0E176), dependencies: [Directionality, IconTheme])
                                                                                                                                                           │                          │                                 │  └Semantics(container: false, properties: SemanticsProperties, renderObject: RenderSemanticsAnnotations#1465c relayoutBoundary=up13)
                                                                                                                                                           │                          │                                 │   └ExcludeSemantics(excluding: true, renderObject: RenderExcludeSemantics#600c0 relayoutBoundary=up14)
                                                                                                                                                           │                          │                                 │    └SizedBox(width: 24.0, height: 24.0, renderObject: RenderConstrainedBox#b08d6 relayoutBoundary=up15)
                                                                                                                                                           │                          │                                 │     └Center(alignment: Alignment.center, dependencies: [Directionality], renderObject: RenderPositionedBox#48d58)
                                                                                                                                                           │                          │                                 │      └RichText(textDirection: ltr, softWrap: wrapping at box width, overflow: visible, maxLines: unlimited, text: "", dependencies: [_LocalizationsScope-[GlobalKey#a90c3]], renderObject: RenderParagraph#5941c relayoutBoundary=up1)
                                                                                                                                                           │                          │                                 ├AnimatedDefaultTextStyle(duration: 200ms, debugLabel: (((englishLike bodyLarge 2021).merge((blackMountainView bodyLarge).apply)).copyWith).copyWith, inherit: false, color: Color(alpha: 1.0000, red: 0.1137, green: 0.1059, blue: 0.1255, colorSpace: ColorSpace.sRGB), family: Roboto, size: 16.0, weight: 400, letterSpacing: 0.5, baseline: alphabetic, height: 1.5x, leadingDistribution: even, decoration: Color(alpha: 1.0000, red: 0.1137, green: 0.1059, blue: 0.1255, colorSpace: ColorSpace.sRGB) TextDecoration.none, softWrap: wrapping at box width, overflow: clip, state: _AnimatedDefaultTextStyleState#2226c(ticker inactive))
                                                                                                                                                           │                          │                                 │└DefaultTextStyle(debugLabel: (((englishLike bodyLarge 2021).merge((blackMountainView bodyLarge).apply)).copyWith).copyWith, inherit: false, color: Color(alpha: 1.0000, red: 0.1137, green: 0.1059, blue: 0.1255, colorSpace: ColorSpace.sRGB), family: Roboto, size: 16.0, weight: 400, letterSpacing: 0.5, baseline: alphabetic, height: 1.5x, leadingDistribution: even, decoration: Color(alpha: 1.0000, red: 0.1137, green: 0.1059, blue: 0.1255, colorSpace: ColorSpace.sRGB) TextDecoration.none, softWrap: wrapping at box width, overflow: clip)
                                                                                                                                                           │                          │                                 │ └Text("Version", dependencies: [DefaultSelectionStyle, DefaultTextStyle, MediaQuery])
                                                                                                                                                           │                          │                                 │  └RichText(softWrap: wrapping at box width, maxLines: unlimited, text: "Version", dependencies: [Directionality, _LocalizationsScope-[GlobalKey#a90c3]], renderObject: RenderParagraph#38564 relayoutBoundary=up13)
                                                                                                                                                           │                          │                                 └AnimatedDefaultTextStyle(duration: 200ms, debugLabel: (((englishLike bodyMedium 2021).merge((blackMountainView bodyMedium).apply)).copyWith).copyWith, inherit: false, color: Color(alpha: 1.0000, red: 0.2863, green: 0.2706, blue: 0.3098, colorSpace: ColorSpace.sRGB), family: Roboto, size: 14.0, weight: 400, letterSpacing: 0.3, baseline: alphabetic, height: 1.4x, leadingDistribution: even, decoration: Color(alpha: 1.0000, red: 0.1137, green: 0.1059, blue: 0.1255, colorSpace: ColorSpace.sRGB) TextDecoration.none, softWrap: wrapping at box width, overflow: clip, state: _AnimatedDefaultTextStyleState#68719(ticker inactive))
                                                                                                                                                           │                          │                                  └DefaultTextStyle(debugLabel: (((englishLike bodyMedium 2021).merge((blackMountainView bodyMedium).apply)).copyWith).copyWith, inherit: false, color: Color(alpha: 1.0000, red: 0.2863, green: 0.2706, blue: 0.3098, colorSpace: ColorSpace.sRGB), family: Roboto, size: 14.0, weight: 400, letterSpacing: 0.3, baseline: alphabetic, height: 1.4x, leadingDistribution: even, decoration: Color(alpha: 1.0000, red: 0.1137, green: 0.1059, blue: 0.1255, colorSpace: ColorSpace.sRGB) TextDecoration.none, softWrap: wrapping at box width, overflow: clip)
                                                                                                                                                           │                          │                                   └Text("1.0.1", dependencies: [DefaultSelectionStyle, DefaultTextStyle, MediaQuery])
                                                                                                                                                           │                          │                                    └RichText(softWrap: wrapping at box width, maxLines: unlimited, text: "1.0.1", dependencies: [Directionality, _LocalizationsScope-[GlobalKey#a90c3]], renderObject: RenderParagraph#27dbb relayoutBoundary=up13)
                                                                                                                                                           │                          ├KeyedSubtree
                                                                                                                                                           │                          │└AutomaticKeepAlive(state: _AutomaticKeepAliveState#96e1b(handles: no notifications ever received))
                                                                                                                                                           │                          │ └KeepAlive(keepAlive: false)
                                                                                                                                                           │                          │  └NotificationListener<KeepAliveNotification>
                                                                                                                                                           │                          │   └_SelectionKeepAlive(state: _SelectionKeepAliveState#f235c)
                                                                                                                                                           │                          │    └IndexedSemantics(index: 8, renderObject: RenderIndexedSemantics#60935 relayoutBoundary=up3)
                                                                                                                                                           │                          │     └RepaintBoundary(renderObject: RenderRepaintBoundary#abf5e relayoutBoundary=up4)
                                                                                                                                                           │                          │      └ListTile(onTap: Closure: () => void, dependencies: [Directionality, InheritedCupertinoTheme, _InheritedTheme, _LocalizationsScope-[GlobalKey#a90c3]])
                                                                                                                                                           │                          │       └InkWell
                                                                                                                                                           │                          │        └_InkResponseStateWidget(gestures: [tap], mouseCursor: SystemMouseCursor(click), clipped to BoxShape.rectangle, dependencies: [InheritedCupertinoTheme, MediaQuery, _InheritedTheme, _LocalizationsScope-[GlobalKey#a90c3]], state: _InkResponseState#2126f)
                                                                                                                                                           │                          │         └_ParentInkResponseProvider
                                                                                                                                                           │                          │          └Actions(dispatcher: null, actions: {ActivateIntent: CallbackAction<ActivateIntent>#d862f, ButtonActivateIntent: CallbackAction<ButtonActivateIntent>#fceb7}, state: _ActionsState#08a51)
                                                                                                                                                           │                          │           └_ActionsScope
                                                                                                                                                           │                          │            └Focus(dependencies: [_FocusInheritedScope], state: _FocusState#70597)
                                                                                                                                                           │                          │             └_FocusInheritedScope
                                                                                                                                                           │                          │              └Semantics(container: false, properties: SemanticsProperties, renderObject: RenderSemanticsAnnotations#53ce1 relayoutBoundary=up5)
                                                                                                                                                           │                          │               └MouseRegion(listeners: [enter, exit], cursor: SystemMouseCursor(click), renderObject: RenderMouseRegion#9a049 relayoutBoundary=up6)
                                                                                                                                                           │                          │                └Builder(dependencies: [DefaultSelectionStyle])
                                                                                                                                                           │                          │                 └DefaultSelectionStyle
                                                                                                                                                           │                          │                  └Semantics(container: false, properties: SemanticsProperties, renderObject: RenderSemanticsAnnotations#fff50 relayoutBoundary=up7)
                                                                                                                                                           │                          │                   └GestureDetector(startBehavior: start, dependencies: [MediaQuery, ScrollConfiguration])
                                                                                                                                                           │                          │                    └RawGestureDetector(state: RawGestureDetectorState#36fe4(gestures: [tap], excludeFromSemantics: true, behavior: opaque))
                                                                                                                                                           │                          │                     └Listener(listeners: [down, panZoomStart], behavior: opaque, renderObject: RenderPointerListener#17f5b relayoutBoundary=up8)
                                                                                                                                                           │                          │                      └Semantics(container: false, properties: SemanticsProperties, selected: false, renderObject: RenderSemanticsAnnotations#d0d8a relayoutBoundary=up9)
                                                                                                                                                           │                          │                       └Ink(bg: ShapeDecoration(color: Color(alpha: 0.0000, red: 0.0000, green: 0.0000, blue: 0.0000, colorSpace: ColorSpace.sRGB), shape: Border.all(BorderSide(width: 0.0, style: none))), state: _InkState#10121)
                                                                                                                                                           │                          │                        └Padding-[GlobalKey#58aff](padding: EdgeInsets.zero, dependencies: [Directionality], renderObject: RenderPadding#3901d relayoutBoundary=up10)
                                                                                                                                                           │                          │                         └Builder(dependencies: [Directionality, MediaQuery, _LocalizationsScope-[GlobalKey#a90c3]])
                                                                                                                                                           │                          │                          └SafeArea(avoid left padding, avoid right padding, dependencies: [MediaQuery])
                                                                                                                                                           │                          │                           └Padding(padding: EdgeInsets(16.0, 0.0, 24.0, 0.0), dependencies: [Directionality], renderObject: RenderPadding#6330e relayoutBoundary=up11)
                                                                                                                                                           │                          │                            └MediaQuery(MediaQueryData(size: Size(800.0, 600.0), devicePixelRatio: 3.0, textScaler: SystemTextScaler (no scaling), platformBrightness: Brightness.light, padding: EdgeInsets.zero, viewPadding: EdgeInsets.zero, viewInsets: EdgeInsets.zero, systemGestureInsets: EdgeInsets.zero, alwaysUse24HourFormat: false, accessibleNavigation: false, highContrast: false, onOffSwitchLabels: false, disableAnimations: false, invertColors: false, boldText: false, navigationMode: traditional, gestureSettings: DeviceGestureSettings(touchSlop: null), displayFeatures: [], supportsShowingSystemContextMenu: false))
                                                                                                                                                           │                          │                             └Builder(dependencies: [IconTheme])
                                                                                                                                                           │                          │                              └IconTheme(color: Color(alpha: 1.0000, red: 0.2863, green: 0.2706, blue: 0.3098, colorSpace: ColorSpace.sRGB))
                                                                                                                                                           │                          │                               └IconButtonTheme
                                                                                                                                                           │                          │                                └_ListTile(renderObject: _RenderListTile#8aed0 relayoutBoundary=up12)
                                                                                                                                                           │                          │                                 ├AnimatedDefaultTextStyle(duration: 200ms, debugLabel: (((englishLike labelSmall 2021).merge((blackMountainView labelSmall).apply)).copyWith).copyWith, inherit: false, color: Color(alpha: 1.0000, red: 0.2863, green: 0.2706, blue: 0.3098, colorSpace: ColorSpace.sRGB), family: Roboto, size: 11.0, weight: 500, letterSpacing: 0.5, baseline: alphabetic, height: 1.4x, leadingDistribution: even, decoration: Color(alpha: 1.0000, red: 0.1137, green: 0.1059, blue: 0.1255, colorSpace: ColorSpace.sRGB) TextDecoration.none, softWrap: wrapping at box width, overflow: clip, state: _AnimatedDefaultTextStyleState#d1c99(ticker inactive))
                                                                                                                                                           │                          │                                 │└DefaultTextStyle(debugLabel: (((englishLike labelSmall 2021).merge((blackMountainView labelSmall).apply)).copyWith).copyWith, inherit: false, color: Color(alpha: 1.0000, red: 0.2863, green: 0.2706, blue: 0.3098, colorSpace: ColorSpace.sRGB), family: Roboto, size: 11.0, weight: 500, letterSpacing: 0.5, baseline: alphabetic, height: 1.4x, leadingDistribution: even, decoration: Color(alpha: 1.0000, red: 0.1137, green: 0.1059, blue: 0.1255, colorSpace: ColorSpace.sRGB) TextDecoration.none, softWrap: wrapping at box width, overflow: clip)
                                                                                                                                                           │                          │                                 │ └Icon(IconData(U+0E33D), dependencies: [Directionality, IconTheme])
                                                                                                                                                           │                          │                                 │  └Semantics(container: false, properties: SemanticsProperties, renderObject: RenderSemanticsAnnotations#d6e13 relayoutBoundary=up13)
                                                                                                                                                           │                          │                                 │   └ExcludeSemantics(excluding: true, renderObject: RenderExcludeSemantics#87be2 relayoutBoundary=up14)
                                                                                                                                                           │                          │                                 │    └SizedBox(width: 24.0, height: 24.0, renderObject: RenderConstrainedBox#0c78f relayoutBoundary=up15)
                                                                                                                                                           │                          │                                 │     └Center(alignment: Alignment.center, dependencies: [Directionality], renderObject: RenderPositionedBox#4cd8e)
                                                                                                                                                           │                          │                                 │      └RichText(textDirection: ltr, softWrap: wrapping at box width, overflow: visible, maxLines: unlimited, text: "", dependencies: [_LocalizationsScope-[GlobalKey#a90c3]], renderObject: RenderParagraph#54552 relayoutBoundary=up1)
                                                                                                                                                           │                          │                                 └AnimatedDefaultTextStyle(duration: 200ms, debugLabel: (((englishLike bodyLarge 2021).merge((blackMountainView bodyLarge).apply)).copyWith).copyWith, inherit: false, color: Color(alpha: 1.0000, red: 0.1137, green: 0.1059, blue: 0.1255, colorSpace: ColorSpace.sRGB), family: Roboto, size: 16.0, weight: 400, letterSpacing: 0.5, baseline: alphabetic, height: 1.5x, leadingDistribution: even, decoration: Color(alpha: 1.0000, red: 0.1137, green: 0.1059, blue: 0.1255, colorSpace: ColorSpace.sRGB) TextDecoration.none, softWrap: wrapping at box width, overflow: clip, state: _AnimatedDefaultTextStyleState#14a7b(ticker inactive))
                                                                                                                                                           │                          │                                  └DefaultTextStyle(debugLabel: (((englishLike bodyLarge 2021).merge((blackMountainView bodyLarge).apply)).copyWith).copyWith, inherit: false, color: Color(alpha: 1.0000, red: 0.1137, green: 0.1059, blue: 0.1255, colorSpace: ColorSpace.sRGB), family: Roboto, size: 16.0, weight: 400, letterSpacing: 0.5, baseline: alphabetic, height: 1.5x, leadingDistribution: even, decoration: Color(alpha: 1.0000, red: 0.1137, green: 0.1059, blue: 0.1255, colorSpace: ColorSpace.sRGB) TextDecoration.none, softWrap: wrapping at box width, overflow: clip)
                                                                                                                                                           │                          │                                   └Text("Network Diagnostics", dependencies: [DefaultSelectionStyle, DefaultTextStyle, MediaQuery])
                                                                                                                                                           │                          │                                    └RichText(softWrap: wrapping at box width, maxLines: unlimited, text: "Network Diagnostics", dependencies: [Directionality, _LocalizationsScope-[GlobalKey#a90c3]], renderObject: RenderParagraph#cfdc8 relayoutBoundary=up13)
                                                                                                                                                           │                          ├KeyedSubtree
                                                                                                                                                           │                          │└AutomaticKeepAlive(state: _AutomaticKeepAliveState#f85ee(handles: no notifications ever received))
                                                                                                                                                           │                          │ └KeepAlive(keepAlive: false)
                                                                                                                                                           │                          │  └NotificationListener<KeepAliveNotification>
                                                                                                                                                           │                          │   └_SelectionKeepAlive(state: _SelectionKeepAliveState#5190b)
                                                                                                                                                           │                          │    └IndexedSemantics(index: 9, renderObject: RenderIndexedSemantics#6476b relayoutBoundary=up3)
                                                                                                                                                           │                          │     └RepaintBoundary(renderObject: RenderRepaintBoundary#c2f06 relayoutBoundary=up4)
                                                                                                                                                           │                          │      └Divider(dependencies: [InheritedCupertinoTheme, _InheritedTheme, _LocalizationsScope-[GlobalKey#a90c3]])
                                                                                                                                                           │                          │       └SizedBox(height: 16.0, renderObject: RenderConstrainedBox#91686 relayoutBoundary=up5)
                                                                                                                                                           │                          │        └Center(alignment: Alignment.center, dependencies: [Directionality], renderObject: RenderPositionedBox#5af27)
                                                                                                                                                           │                          │         └Container(bg: BoxDecoration(border: Border(bottom: BorderSide(color: Color(alpha: 1.0000, red: 0.7922, green: 0.7686, blue: 0.8157, colorSpace: ColorSpace.sRGB)))), constraints: BoxConstraints(0.0<=w<=Infinity, h=1.0), margin: EdgeInsets.zero)
                                                                                                                                                           │                          │          └Padding(padding: EdgeInsets.zero, dependencies: [Directionality], renderObject: RenderPadding#093a3 relayoutBoundary=up1)
                                                                                                                                                           │                          │           └ConstrainedBox(BoxConstraints(0.0<=w<=Infinity, h=1.0), renderObject: RenderConstrainedBox#34ab2 relayoutBoundary=up2)
                                                                                                                                                           │                          │            └DecoratedBox(bg: BoxDecoration(border: Border(bottom: BorderSide(color: Color(alpha: 1.0000, red: 0.7922, green: 0.7686, blue: 0.8157, colorSpace: ColorSpace.sRGB)))), dependencies: [Directionality, MediaQuery, _LocalizationsScope-[GlobalKey#a90c3]], renderObject: RenderDecoratedBox#95684 relayoutBoundary=up3)
                                                                                                                                                           │                          │             └Padding(padding: EdgeInsets(0.0, 0.0, 0.0, 1.0), dependencies: [Directionality], renderObject: RenderPadding#561bd relayoutBoundary=up4)
                                                                                                                                                           │                          │              └LimitedBox(maxWidth: 0.0, maxHeight: 0.0, renderObject: RenderLimitedBox#14d97 relayoutBoundary=up5)
                                                                                                                                                           │                          │               └ConstrainedBox(BoxConstraints(biggest), renderObject: RenderConstrainedBox#f5cac relayoutBoundary=up6)
                                                                                                                                                           │                          ├KeyedSubtree
                                                                                                                                                           │                          │└AutomaticKeepAlive(state: _AutomaticKeepAliveState#1d114(handles: no notifications ever received))
                                                                                                                                                           │                          │ └KeepAlive(keepAlive: false)
                                                                                                                                                           │                          │  └NotificationListener<KeepAliveNotification>
                                                                                                                                                           │                          │   └_SelectionKeepAlive(state: _SelectionKeepAliveState#68862)
                                                                                                                                                           │                          │    └IndexedSemantics(index: 10, renderObject: RenderIndexedSemantics#ce45a relayoutBoundary=up3)
                                                                                                                                                           │                          │     └RepaintBoundary(renderObject: RenderRepaintBoundary#3ace8 relayoutBoundary=up4)
                                                                                                                                                           │                          │      └Padding(padding: EdgeInsets(16.0, 16.0, 16.0, 8.0), dependencies: [Directionality], renderObject: RenderPadding#6f24e relayoutBoundary=up5)
                                                                                                                                                           │                          │       └Text("DEBUG", debugLabel: ((englishLike labelSmall 2021).merge((blackMountainView labelSmall).apply)).copyWith, inherit: false, color: Color(alpha: 1.0000, red: 0.4039, green: 0.3137, blue: 0.6431, colorSpace: ColorSpace.sRGB), family: Roboto, size: 11.0, weight: 700, letterSpacing: 1.2, baseline: alphabetic, height: 1.4x, leadingDistribution: even, decoration: Color(alpha: 1.0000, red: 0.1137, green: 0.1059, blue: 0.1255, colorSpace: ColorSpace.sRGB) TextDecoration.none, dependencies: [DefaultSelectionStyle, DefaultTextStyle, MediaQuery])
                                                                                                                                                           │                          │        └RichText(softWrap: wrapping at box width, maxLines: unlimited, text: "DEBUG", dependencies: [Directionality, _LocalizationsScope-[GlobalKey#a90c3]], renderObject: RenderParagraph#c86ba relayoutBoundary=up6)
                                                                                                                                                           │                          └KeyedSubtree
                                                                                                                                                           │                           └AutomaticKeepAlive(state: _AutomaticKeepAliveState#dc4b1(handles: no notifications ever received))
                                                                                                                                                           │                            └KeepAlive(keepAlive: false)
                                                                                                                                                           │                             └NotificationListener<KeepAliveNotification>
                                                                                                                                                           │                              └_SelectionKeepAlive(state: _SelectionKeepAliveState#c1d64)
                                                                                                                                                           │                               └IndexedSemantics(index: 11, renderObject: RenderIndexedSemantics#8071d relayoutBoundary=up3 NEEDS-PAINT)
                                                                                                                                                           │                                └RepaintBoundary(renderObject: RenderRepaintBoundary#85be1 relayoutBoundary=up4 NEEDS-PAINT)
                                                                                                                                                           │                                 └SwitchListTile(dependencies: [InheritedCupertinoTheme, _InheritedTheme, _LocalizationsScope-[GlobalKey#a90c3]])
                                                                                                                                                           │                                  └MergeSemantics(renderObject: RenderMergeSemantics#17c95 relayoutBoundary=up5 NEEDS-PAINT)
                                                                                                                                                           │                                   └ListTile(selectedColor: Color(alpha: 1.0000, red: 0.3843, green: 0.3569, blue: 0.4431, colorSpace: ColorSpace.sRGB), onTap: Closure: () => void, dependencies: [Directionality, InheritedCupertinoTheme, _InheritedTheme, _LocalizationsScope-[GlobalKey#a90c3]])
                                                                                                                                                           │                                    └InkWell
                                                                                                                                                           │                                     └_InkResponseStateWidget(gestures: [tap], mouseCursor: SystemMouseCursor(click), clipped to BoxShape.rectangle, dependencies: [InheritedCupertinoTheme, MediaQuery, _InheritedTheme, _LocalizationsScope-[GlobalKey#a90c3]], state: _InkResponseState#10aa2)
                                                                                                                                                           │                                      └_ParentInkResponseProvider
                                                                                                                                                           │                                       └Actions(dispatcher: null, actions: {ActivateIntent: CallbackAction<ActivateIntent>#7dd48, ButtonActivateIntent: CallbackAction<ButtonActivateIntent>#f7701}, state: _ActionsState#f63b5)
                                                                                                                                                           │                                        └_ActionsScope
                                                                                                                                                           │                                         └Focus(dependencies: [_FocusInheritedScope], state: _FocusState#0362a)
                                                                                                                                                           │                                          └_FocusInheritedScope
                                                                                                                                                           │                                           └Semantics(container: false, properties: SemanticsProperties, renderObject: RenderSemanticsAnnotations#9a67c relayoutBoundary=up6 NEEDS-PAINT)
                                                                                                                                                           │                                            └MouseRegion(listeners: [enter, exit], cursor: SystemMouseCursor(click), renderObject: RenderMouseRegion#1cf83 relayoutBoundary=up7 NEEDS-PAINT)
                                                                                                                                                           │                                             └Builder(dependencies: [DefaultSelectionStyle])
                                                                                                                                                           │                                              └DefaultSelectionStyle
                                                                                                                                                           │                                               └Semantics(container: false, properties: SemanticsProperties, renderObject: RenderSemanticsAnnotations#bd39e relayoutBoundary=up8 NEEDS-PAINT)
                                                                                                                                                           │                                                └GestureDetector(startBehavior: start, dependencies: [MediaQuery, ScrollConfiguration])
                                                                                                                                                           │                                                 └RawGestureDetector(state: RawGestureDetectorState#36ad1(gestures: [tap], excludeFromSemantics: true, behavior: opaque))
                                                                                                                                                           │                                                  └Listener(listeners: [down, panZoomStart], behavior: opaque, renderObject: RenderPointerListener#c2e95 relayoutBoundary=up9 NEEDS-PAINT)
                                                                                                                                                           │                                                   └Semantics(container: false, properties: SemanticsProperties, selected: false, renderObject: RenderSemanticsAnnotations#6d9e7 relayoutBoundary=up10 NEEDS-PAINT)
                                                                                                                                                           │                                                    └Ink(bg: ShapeDecoration(color: Color(alpha: 0.0000, red: 0.0000, green: 0.0000, blue: 0.0000, colorSpace: ColorSpace.sRGB), shape: Border.all(BorderSide(width: 0.0, style: none))), state: _InkState#c56ff)
                                                                                                                                                           │                                                     └Padding-[GlobalKey#84c59](padding: EdgeInsets.zero, dependencies: [Directionality], renderObject: RenderPadding#9eca6 relayoutBoundary=up11 NEEDS-PAINT)
                                                                                                                                                           │                                                      └Builder(dependencies: [Directionality, MediaQuery, _LocalizationsScope-[GlobalKey#a90c3]])
                                                                                                                                                           │                                                       └SafeArea(avoid left padding, avoid right padding, dependencies: [MediaQuery])
                                                                                                                                                           │                                                        └Padding(padding: EdgeInsets(16.0, 0.0, 24.0, 0.0), dependencies: [Directionality], renderObject: RenderPadding#e5923 relayoutBoundary=up12 NEEDS-PAINT)
                                                                                                                                                           │                                                         └MediaQuery(MediaQueryData(size: Size(800.0, 600.0), devicePixelRatio: 3.0, textScaler: SystemTextScaler (no scaling), platformBrightness: Brightness.light, padding: EdgeInsets.zero, viewPadding: EdgeInsets.zero, viewInsets: EdgeInsets.zero, systemGestureInsets: EdgeInsets.zero, alwaysUse24HourFormat: false, accessibleNavigation: false, highContrast: false, onOffSwitchLabels: false, disableAnimations: false, invertColors: false, boldText: false, navigationMode: traditional, gestureSettings: DeviceGestureSettings(touchSlop: null), displayFeatures: [], supportsShowingSystemContextMenu: false))
                                                                                                                                                           │                                                          └Builder(dependencies: [IconTheme])
                                                                                                                                                           │                                                           └IconTheme(color: Color(alpha: 1.0000, red: 0.2863, green: 0.2706, blue: 0.3098, colorSpace: ColorSpace.sRGB))
                                                                                                                                                           │                                                            └IconButtonTheme
                                                                                                                                                           │                                                             └_ListTile(renderObject: _RenderListTile#e6227 relayoutBoundary=up13 NEEDS-PAINT)
                                                                                                                                                           │                                                              ├AnimatedDefaultTextStyle(duration: 200ms, debugLabel: (((englishLike labelSmall 2021).merge((blackMountainView labelSmall).apply)).copyWith).copyWith, inherit: false, color: Color(alpha: 1.0000, red: 0.2863, green: 0.2706, blue: 0.3098, colorSpace: ColorSpace.sRGB), family: Roboto, size: 11.0, weight: 500, letterSpacing: 0.5, baseline: alphabetic, height: 1.4x, leadingDistribution: even, decoration: Color(alpha: 1.0000, red: 0.1137, green: 0.1059, blue: 0.1255, colorSpace: ColorSpace.sRGB) TextDecoration.none, softWrap: wrapping at box width, overflow: clip, state: _AnimatedDefaultTextStyleState#c800d(ticker inactive))
                                                                                                                                                           │                                                              │└DefaultTextStyle(debugLabel: (((englishLike labelSmall 2021).merge((blackMountainView labelSmall).apply)).copyWith).copyWith, inherit: false, color: Color(alpha: 1.0000, red: 0.2863, green: 0.2706, blue: 0.3098, colorSpace: ColorSpace.sRGB), family: Roboto, size: 11.0, weight: 500, letterSpacing: 0.5, baseline: alphabetic, height: 1.4x, leadingDistribution: even, decoration: Color(alpha: 1.0000, red: 0.1137, green: 0.1059, blue: 0.1255, colorSpace: ColorSpace.sRGB) TextDecoration.none, softWrap: wrapping at box width, overflow: clip)
                                                                                                                                                           │                                                              │ └Icon(IconData(U+0E115), dependencies: [Directionality, IconTheme])
                                                                                                                                                           │                                                              │  └Semantics(container: false, properties: SemanticsProperties, renderObject: RenderSemanticsAnnotations#faed5 relayoutBoundary=up14 NEEDS-PAINT)
                                                                                                                                                           │                                                              │   └ExcludeSemantics(excluding: true, renderObject: RenderExcludeSemantics#bebfb relayoutBoundary=up15 NEEDS-PAINT)
                                                                                                                                                           │                                                              │    └SizedBox(width: 24.0, height: 24.0, renderObject: RenderConstrainedBox#cc1f6 relayoutBoundary=up16 NEEDS-PAINT)
                                                                                                                                                           │                                                              │     └Center(alignment: Alignment.center, dependencies: [Directionality], renderObject: RenderPositionedBox#6dd07 NEEDS-PAINT)
                                                                                                                                                           │                                                              │      └RichText(textDirection: ltr, softWrap: wrapping at box width, overflow: visible, maxLines: unlimited, text: "", dependencies: [_LocalizationsScope-[GlobalKey#a90c3]], renderObject: RenderParagraph#2ac69 relayoutBoundary=up1 NEEDS-PAINT)
                                                                                                                                                           │                                                              ├AnimatedDefaultTextStyle(duration: 200ms, debugLabel: (((englishLike bodyLarge 2021).merge((blackMountainView bodyLarge).apply)).copyWith).copyWith, inherit: false, color: Color(alpha: 1.0000, red: 0.1137, green: 0.1059, blue: 0.1255, colorSpace: ColorSpace.sRGB), family: Roboto, size: 16.0, weight: 400, letterSpacing: 0.5, baseline: alphabetic, height: 1.5x, leadingDistribution: even, decoration: Color(alpha: 1.0000, red: 0.1137, green: 0.1059, blue: 0.1255, colorSpace: ColorSpace.sRGB) TextDecoration.none, softWrap: wrapping at box width, overflow: clip, state: _AnimatedDefaultTextStyleState#8c50b(ticker inactive))
                                                                                                                                                           │                                                              │└DefaultTextStyle(debugLabel: (((englishLike bodyLarge 2021).merge((blackMountainView bodyLarge).apply)).copyWith).copyWith, inherit: false, color: Color(alpha: 1.0000, red: 0.1137, green: 0.1059, blue: 0.1255, colorSpace: ColorSpace.sRGB), family: Roboto, size: 16.0, weight: 400, letterSpacing: 0.5, baseline: alphabetic, height: 1.5x, leadingDistribution: even, decoration: Color(alpha: 1.0000, red: 0.1137, green: 0.1059, blue: 0.1255, colorSpace: ColorSpace.sRGB) TextDecoration.none, softWrap: wrapping at box width, overflow: clip)
                                                                                                                                                           │                                                              │ └Text("Show Debug Mode", dependencies: [DefaultSelectionStyle, DefaultTextStyle, MediaQuery])
                                                                                                                                                           │                                                              │  └RichText(softWrap: wrapping at box width, maxLines: unlimited, text: "Show Debug Mode", dependencies: [Directionality, _LocalizationsScope-[GlobalKey#a90c3]], renderObject: RenderParagraph#af702 relayoutBoundary=up14 NEEDS-PAINT)
                                                                                                                                                           │                                                              ├AnimatedDefaultTextStyle(duration: 200ms, debugLabel: (((englishLike bodyMedium 2021).merge((blackMountainView bodyMedium).apply)).copyWith).copyWith, inherit: false, color: Color(alpha: 1.0000, red: 0.2863, green: 0.2706, blue: 0.3098, colorSpace: ColorSpace.sRGB), family: Roboto, size: 14.0, weight: 400, letterSpacing: 0.3, baseline: alphabetic, height: 1.4x, leadingDistribution: even, decoration: Color(alpha: 1.0000, red: 0.1137, green: 0.1059, blue: 0.1255, colorSpace: ColorSpace.sRGB) TextDecoration.none, softWrap: wrapping at box width, overflow: clip, state: _AnimatedDefaultTextStyleState#2cf98(ticker inactive))
                                                                                                                                                           │                                                              │└DefaultTextStyle(debugLabel: (((englishLike bodyMedium 2021).merge((blackMountainView bodyMedium).apply)).copyWith).copyWith, inherit: false, color: Color(alpha: 1.0000, red: 0.2863, green: 0.2706, blue: 0.3098, colorSpace: ColorSpace.sRGB), family: Roboto, size: 14.0, weight: 400, letterSpacing: 0.3, baseline: alphabetic, height: 1.4x, leadingDistribution: even, decoration: Color(alpha: 1.0000, red: 0.1137, green: 0.1059, blue: 0.1255, colorSpace: ColorSpace.sRGB) TextDecoration.none, softWrap: wrapping at box width, overflow: clip)
                                                                                                                                                           │                                                              │ └Text("Show debug icon in home screen for troubleshooting", dependencies: [DefaultSelectionStyle, DefaultTextStyle, MediaQuery])
                                                                                                                                                           │                                                              │  └RichText(softWrap: wrapping at box width, maxLines: unlimited, text: "Show debug icon in home screen for troubleshooting", dependencies: [Directionality, _LocalizationsScope-[GlobalKey#a90c3]], renderObject: RenderParagraph#00da4 relayoutBoundary=up14 NEEDS-PAINT)
                                                                                                                                                           │                                                              └AnimatedDefaultTextStyle(duration: 200ms, debugLabel: (((englishLike labelSmall 2021).merge((blackMountainView labelSmall).apply)).copyWith).copyWith, inherit: false, color: Color(alpha: 1.0000, red: 0.2863, green: 0.2706, blue: 0.3098, colorSpace: ColorSpace.sRGB), family: Roboto, size: 11.0, weight: 500, letterSpacing: 0.5, baseline: alphabetic, height: 1.4x, leadingDistribution: even, decoration: Color(alpha: 1.0000, red: 0.1137, green: 0.1059, blue: 0.1255, colorSpace: ColorSpace.sRGB) TextDecoration.none, softWrap: wrapping at box width, overflow: clip, state: _AnimatedDefaultTextStyleState#0bfdb(ticker inactive))
                                                                                                                                                           │                                                               └DefaultTextStyle(debugLabel: (((englishLike labelSmall 2021).merge((blackMountainView labelSmall).apply)).copyWith).copyWith, inherit: false, color: Color(alpha: 1.0000, red: 0.2863, green: 0.2706, blue: 0.3098, colorSpace: ColorSpace.sRGB), family: Roboto, size: 11.0, weight: 500, letterSpacing: 0.5, baseline: alphabetic, height: 1.4x, leadingDistribution: even, decoration: Color(alpha: 1.0000, red: 0.1137, green: 0.1059, blue: 0.1255, colorSpace: ColorSpace.sRGB) TextDecoration.none, softWrap: wrapping at box width, overflow: clip)
                                                                                                                                                           │                                                                └ExcludeFocus
                                                                                                                                                           │                                                                 └Focus(DESCENDANTS UNFOCUSABLE, dependencies: [_FocusInheritedScope], state: _FocusState#76340)
                                                                                                                                                           │                                                                  └_FocusInheritedScope
                                                                                                                                                           │                                                                   └Switch(value: off, dependencies: [InheritedCupertinoTheme, _InheritedTheme, _LocalizationsScope-[GlobalKey#a90c3]])
                                                                                                                                                           │                                                                    └_MaterialSwitch(dependencies: [Directionality, IconTheme, InheritedCupertinoTheme, MediaQuery, _InheritedTheme, _LocalizationsScope-[GlobalKey#a90c3]], state: _MaterialSwitchState#b4a2a(tickers: tracking 4 tickers))
                                                                                                                                                           │                                                                     └Semantics(container: false, properties: SemanticsProperties, renderObject: RenderSemanticsAnnotations#7d867 relayoutBoundary=up14 NEEDS-PAINT)
                                                                                                                                                           │                                                                      └GestureDetector(startBehavior: start, dependencies: [InheritedCupertinoTheme, MediaQuery, ScrollConfiguration, _InheritedTheme, _LocalizationsScope-[GlobalKey#a90c3]])
                                                                                                                                                           │                                                                       └RawGestureDetector(state: RawGestureDetectorState#1070e(gestures: [horizontal drag], excludeFromSemantics: true))
                                                                                                                                                           │                                                                        └Listener(listeners: [down, panZoomStart], behavior: deferToChild, renderObject: RenderPointerListener#f6f37 relayoutBoundary=up15 NEEDS-PAINT)
                                                                                                                                                           │                                                                         └Opacity(opacity: 1.0, renderObject: RenderOpacity#7f22b relayoutBoundary=up16 NEEDS-PAINT)
                                                                                                                                                           │                                                                          └FocusableActionDetector(dependencies: [MediaQuery], state: _FocusableActionDetectorState#50e31)
                                                                                                                                                           │                                                                           └Actions(dispatcher: null, actions: {ActivateIntent: CallbackAction<ActivateIntent>#6f19b}, state: _ActionsState#fb438)
                                                                                                                                                           │                                                                            └_ActionsScope
                                                                                                                                                           │                                                                             └MouseRegion-[GlobalKey#5f52c](listeners: [enter, exit], cursor: SystemMouseCursor(click), renderObject: RenderMouseRegion#ad0c4 relayoutBoundary=up17 NEEDS-PAINT)
                                                                                                                                                           │                                                                              └Focus(dependencies: [_FocusInheritedScope], state: _FocusState#ba60b)
                                                                                                                                                           │                                                                               └_FocusInheritedScope
                                                                                                                                                           │                                                                                └Semantics(container: false, properties: SemanticsProperties, renderObject: RenderSemanticsAnnotations#ef767 relayoutBoundary=up18 NEEDS-PAINT)
                                                                                                                                                           │                                                                                 └GestureDetector(startBehavior: start, dependencies: [MediaQuery, ScrollConfiguration])
                                                                                                                                                           │                                                                                  └RawGestureDetector(state: RawGestureDetectorState#e05ec(gestures: [tap]))
                                                                                                                                                           │                                                                                   └_GestureSemantics(renderObject: RenderSemanticsGestureHandler#e120d relayoutBoundary=up19 NEEDS-PAINT)
                                                                                                                                                           │                                                                                    └Listener(listeners: [down, panZoomStart], behavior: deferToChild, renderObject: RenderPointerListener#4e389 relayoutBoundary=up20 NEEDS-PAINT)
                                                                                                                                                           │                                                                                     └Semantics(container: false, properties: SemanticsProperties, renderObject: RenderSemanticsAnnotations#1eb44 relayoutBoundary=up21 NEEDS-PAINT)
                                                                                                                                                           │                                                                                      └CustomPaint(renderObject: RenderCustomPaint#2e98c relayoutBoundary=up22 NEEDS-PAINT)
                                                                                                                                                           ├LayoutId-[<_ScaffoldSlot.appBar>](id: _ScaffoldSlot.appBar)
                                                                                                                                                           │└MediaQuery(MediaQueryData(size: Size(800.0, 600.0), devicePixelRatio: 3.0, textScaler: SystemTextScaler (no scaling), platformBrightness: Brightness.light, padding: EdgeInsets.zero, viewPadding: EdgeInsets.zero, viewInsets: EdgeInsets.zero, systemGestureInsets: EdgeInsets.zero, alwaysUse24HourFormat: false, accessibleNavigation: false, highContrast: false, onOffSwitchLabels: false, disableAnimations: false, invertColors: false, boldText: false, navigationMode: traditional, gestureSettings: DeviceGestureSettings(touchSlop: null), displayFeatures: [], supportsShowingSystemContextMenu: false))
                                                                                                                                                           │ └ConstrainedBox(BoxConstraints(0.0<=w<=Infinity, 0.0<=h<=56.0), renderObject: RenderConstrainedBox#eeb0f relayoutBoundary=up1)
                                                                                                                                                           │  └FlexibleSpaceBarSettings
                                                                                                                                                           │   └AppBar(dependencies: [FlexibleSpaceBarSettings, InheritedCupertinoTheme, _InheritedTheme, _LocalizationsScope-[GlobalKey#a90c3], _ModalScopeStatus, _ScrollNotificationObserverScope], state: _AppBarState#19743)
                                                                                                                                                           │    └Semantics(container: true, properties: SemanticsProperties, renderObject: RenderSemanticsAnnotations#9330b relayoutBoundary=up2)
                                                                                                                                                           │     └AnnotatedRegion<SystemUiOverlayStyle>(renderObject: RenderAnnotatedRegion<SystemUiOverlayStyle>#a2905 relayoutBoundary=up3)
                                                                                                                                                           │      └Material(type: canvas, color: Color(alpha: 1.0000, red: 0.9961, green: 0.9686, blue: 1.0000, colorSpace: ColorSpace.sRGB), shadowColor: Color(alpha: 0.0000, red: 0.0000, green: 0.0000, blue: 0.0000, colorSpace: ColorSpace.sRGB), surfaceTintColor: Color(alpha: 1.0000, red: 0.4039, green: 0.3137, blue: 0.6431, colorSpace: ColorSpace.sRGB), dependencies: [InheritedCupertinoTheme, _InheritedTheme, _LocalizationsScope-[GlobalKey#a90c3]], state: _MaterialState#bdaba)
                                                                                                                                                           │       └AnimatedPhysicalModel(duration: 200ms, shape: rectangle, borderRadius: null, elevation: 0.0, color: Color(alpha: 1.0000, red: 0.9961, green: 0.9686, blue: 1.0000, colorSpace: ColorSpace.sRGB), animateColor: false, shadowColor: Color(alpha: 0.0000, red: 0.0000, green: 0.0000, blue: 0.0000, colorSpace: ColorSpace.sRGB), animateShadowColor: true, state: _AnimatedPhysicalModelState#1c335(ticker inactive))
                                                                                                                                                           │        └PhysicalModel(shape: rectangle, borderRadius: BorderRadius.zero, elevation: 0.0, color: Color(alpha: 1.0000, red: 0.9961, green: 0.9686, blue: 1.0000, colorSpace: ColorSpace.sRGB), shadowColor: Color(alpha: 0.0000, red: 0.0000, green: 0.0000, blue: 0.0000, colorSpace: ColorSpace.sRGB), renderObject: RenderPhysicalModel#05e81 relayoutBoundary=up4)
                                                                                                                                                           │         └NotificationListener<LayoutChangedNotification>
                                                                                                                                                           │          └_InkFeatures-[GlobalKey#6ebed ink renderer](renderObject: _RenderInkFeatures#87e2c relayoutBoundary=up5)
                                                                                                                                                           │           └AnimatedDefaultTextStyle(duration: 200ms, debugLabel: (englishLike bodyMedium 2021).merge((blackMountainView bodyMedium).apply), inherit: false, color: Color(alpha: 1.0000, red: 0.1137, green: 0.1059, blue: 0.1255, colorSpace: ColorSpace.sRGB), family: Roboto, size: 14.0, weight: 400, letterSpacing: 0.3, baseline: alphabetic, height: 1.4x, leadingDistribution: even, decoration: Color(alpha: 1.0000, red: 0.1137, green: 0.1059, blue: 0.1255, colorSpace: ColorSpace.sRGB) TextDecoration.none, softWrap: wrapping at box width, overflow: clip, state: _AnimatedDefaultTextStyleState#bdca5(ticker inactive))
                                                                                                                                                           │            └DefaultTextStyle(debugLabel: (englishLike bodyMedium 2021).merge((blackMountainView bodyMedium).apply), inherit: false, color: Color(alpha: 1.0000, red: 0.1137, green: 0.1059, blue: 0.1255, colorSpace: ColorSpace.sRGB), family: Roboto, size: 14.0, weight: 400, letterSpacing: 0.3, baseline: alphabetic, height: 1.4x, leadingDistribution: even, decoration: Color(alpha: 1.0000, red: 0.1137, green: 0.1059, blue: 0.1255, colorSpace: ColorSpace.sRGB) TextDecoration.none, softWrap: wrapping at box width, overflow: clip)
                                                                                                                                                           │             └Semantics(container: false, properties: SemanticsProperties, renderObject: RenderSemanticsAnnotations#da425 relayoutBoundary=up6)
                                                                                                                                                           │              └Align(alignment: Alignment.topCenter, dependencies: [Directionality], renderObject: RenderPositionedBox#61641 relayoutBoundary=up7)
                                                                                                                                                           │               └SafeArea(avoid left padding, avoid top padding, avoid right padding, dependencies: [MediaQuery])
                                                                                                                                                           │                └Padding(padding: EdgeInsets.zero, dependencies: [Directionality], renderObject: RenderPadding#e5cf8 relayoutBoundary=up8)
                                                                                                                                                           │                 └MediaQuery(MediaQueryData(size: Size(800.0, 600.0), devicePixelRatio: 3.0, textScaler: SystemTextScaler (no scaling), platformBrightness: Brightness.light, padding: EdgeInsets.zero, viewPadding: EdgeInsets.zero, viewInsets: EdgeInsets.zero, systemGestureInsets: EdgeInsets.zero, alwaysUse24HourFormat: false, accessibleNavigation: false, highContrast: false, onOffSwitchLabels: false, disableAnimations: false, invertColors: false, boldText: false, navigationMode: traditional, gestureSettings: DeviceGestureSettings(touchSlop: null), displayFeatures: [], supportsShowingSystemContextMenu: false))
                                                                                                                                                           │                  └ClipRect(renderObject: RenderClipRect#a6e87 relayoutBoundary=up9)
                                                                                                                                                           │                   └CustomSingleChildLayout(renderObject: RenderCustomSingleChildLayoutBox#a12c6 relayoutBoundary=up10)
                                                                                                                                                           │                    └Builder(dependencies: [IconTheme])
                                                                                                                                                           │                     └IconTheme(size: 24.0, color: Color(alpha: 1.0000, red: 0.1137, green: 0.1059, blue: 0.1255, colorSpace: ColorSpace.sRGB))
                                                                                                                                                           │                      └DefaultTextStyle(debugLabel: ((englishLike bodyMedium 2021).merge((blackMountainView bodyMedium).apply)).copyWith, inherit: false, color: Color(alpha: 1.0000, red: 0.1137, green: 0.1059, blue: 0.1255, colorSpace: ColorSpace.sRGB), family: Roboto, size: 14.0, weight: 400, letterSpacing: 0.3, baseline: alphabetic, height: 1.4x, leadingDistribution: even, decoration: Color(alpha: 1.0000, red: 0.1137, green: 0.1059, blue: 0.1255, colorSpace: ColorSpace.sRGB) TextDecoration.none, softWrap: wrapping at box width, overflow: clip)
                                                                                                                                                           │                       └NavigationToolbar(dependencies: [Directionality])
                                                                                                                                                           │                        └CustomMultiChildLayout(renderObject: RenderCustomMultiChildLayoutBox#49431 relayoutBoundary=up11)
                                                                                                                                                           │                         └LayoutId-[<_ToolbarSlot.middle>](id: _ToolbarSlot.middle)
                                                                                                                                                           │                          └Builder(dependencies: [MediaQuery])
                                                                                                                                                           │                           └MediaQuery(MediaQueryData(size: Size(800.0, 600.0), devicePixelRatio: 3.0, textScaler: SystemTextScaler (no scaling) clamped [0.0, 1.34], platformBrightness: Brightness.light, padding: EdgeInsets.zero, viewPadding: EdgeInsets.zero, viewInsets: EdgeInsets.zero, systemGestureInsets: EdgeInsets.zero, alwaysUse24HourFormat: false, accessibleNavigation: false, highContrast: false, onOffSwitchLabels: false, disableAnimations: false, invertColors: false, boldText: false, navigationMode: traditional, gestureSettings: DeviceGestureSettings(touchSlop: null), displayFeatures: [], supportsShowingSystemContextMenu: false))
                                                                                                                                                           │                            └DefaultTextStyle(debugLabel: ((englishLike titleLarge 2021).merge((blackMountainView titleLarge).apply)).copyWith, inherit: false, color: Color(alpha: 1.0000, red: 0.1137, green: 0.1059, blue: 0.1255, colorSpace: ColorSpace.sRGB), family: Roboto, size: 22.0, weight: 400, letterSpacing: 0.0, baseline: alphabetic, height: 1.3x, leadingDistribution: even, decoration: Color(alpha: 1.0000, red: 0.1137, green: 0.1059, blue: 0.1255, colorSpace: ColorSpace.sRGB) TextDecoration.none, softWrap: no wrapping except at line break characters, overflow: ellipsis)
                                                                                                                                                           │                             └Semantics(container: false, properties: SemanticsProperties, renderObject: RenderSemanticsAnnotations#a81a7 relayoutBoundary=up12)
                                                                                                                                                           │                              └_AppBarTitleBox(dependencies: [Directionality], renderObject: _RenderAppBarTitleBox#ef3d0 relayoutBoundary=up13)
                                                                                                                                                           │                               └Text("Settings", dependencies: [DefaultSelectionStyle, DefaultTextStyle, MediaQuery])
                                                                                                                                                           │                                └RichText(softWrap: no wrapping except at line break characters, overflow: ellipsis, textScaler: SystemTextScaler (no scaling) clamped [0.0, 1.34], maxLines: unlimited, text: "Settings", dependencies: [Directionality, _LocalizationsScope-[GlobalKey#a90c3]], renderObject: RenderParagraph#e0bbb relayoutBoundary=up14)
                                                                                                                                                           └LayoutId-[<_ScaffoldSlot.floatingActionButton>](id: _ScaffoldSlot.floatingActionButton)
                                                                                                                                                            └MediaQuery(MediaQueryData(size: Size(800.0, 600.0), devicePixelRatio: 3.0, textScaler: SystemTextScaler (no scaling), platformBrightness: Brightness.light, padding: EdgeInsets.zero, viewPadding: EdgeInsets.zero, viewInsets: EdgeInsets.zero, systemGestureInsets: EdgeInsets.zero, alwaysUse24HourFormat: false, accessibleNavigation: false, highContrast: false, onOffSwitchLabels: false, disableAnimations: false, invertColors: false, boldText: false, navigationMode: traditional, gestureSettings: DeviceGestureSettings(touchSlop: null), displayFeatures: [], supportsShowingSystemContextMenu: false))
                                                                                                                                                             └_FloatingActionButtonTransition(state: _FloatingActionButtonTransitionState#da809(tickers: tracking 1 ticker))
                                                                                                                                                              └Stack(alignment: Alignment.centerRight, fit: loose, dependencies: [Directionality], renderObject: RenderStack#c058a relayoutBoundary=up1)
                                                                                                                                                               └ScaleTransition(listenable: AnimationMin<double>(_AnimationSwap<double>(AnimationController#8546a(⏭ 1.000; paused)➩CurveTween(curve: FlippedCurve(Interval(0.5⋯1.0)➩Cubic(0.25, 0.10, 0.25, 1.00)))➩1.0➪ReverseAnimation, AnimationController#8546a(⏭ 1.000; paused)➩CurveTween(curve: Interval(0.5⋯1.0)➩Cubic(0.25, 0.10, 0.25, 1.00))➩1.0), AnimationController#56afe(⏮ 0.000; paused)➩Cubic(0.42, 0.00, 1.00, 1.00)), state: _AnimatedState#b301b)
                                                                                                                                                                └Transform(dependencies: [Directionality], renderObject: RenderTransform#9b799 relayoutBoundary=up2)
                                                                                                                                                                 └RotationTransition(listenable: AnimationController#56afe(⏮ 0.000; paused)➩CurveTween(curve: Cubic(0.42, 0.00, 1.00, 1.00))➩Tween<double>(0.875 → 1.0)➩0.875➩TrainHoppingAnimation(next: _AnimationSwap<double>(AnimationController#8546a(⏭ 1.000; paused)➩Tween<double>(0.75 → 1.0)➩1.0, AnimationController#8546a(⏭ 1.000; paused)➩CurveTween(curve: Threshold)➩1.0➪ReverseAnimation)), state: _AnimatedState#dce3e)
                                                                                                                                                                  └Transform(dependencies: [Directionality], renderObject: RenderTransform#33984 relayoutBoundary=up3 NEEDS-PAINT)


00:16 +253 -1: /Users/zackdawood/Documents/Dev/GitHub/bit-switch/test/core/ssdp_client_test.dart: SsdpClient discover emits device for direct UDP response and deduplicates                            00:16 +254 -1: /Users/zackdawood/Documents/Dev/GitHub/bit-switch/test/core/ssdp_client_test.dart: SsdpClient discover emits device for direct UDP response and deduplicates                            00:16 +255 -1: /Users/zackdawood/Documents/Dev/GitHub/bit-switch/test/core/ssdp_client_test.dart: SsdpClient discover emits device for direct UDP response and deduplicates                            00:16 +256 -1: /Users/zackdawood/Documents/Dev/GitHub/bit-switch/test/core/ssdp_client_test.dart: SsdpClient discover emits device for direct UDP response and deduplicates                            00:16 +257 -1: /Users/zackdawood/Documents/Dev/GitHub/bit-switch/test/core/ssdp_client_test.dart: SsdpClient discover emits device for direct UDP response and deduplicates                            00:16 +258 -1: /Users/zackdawood/Documents/Dev/GitHub/bit-switch/test/core/ssdp_client_test.dart: SsdpClient discover emits device for direct UDP response and deduplicates                            00:16 +259 -1: /Users/zackdawood/Documents/Dev/GitHub/bit-switch/test/core/ssdp_client_test.dart: SsdpClient discover emits device for direct UDP response and deduplicates                            00:16 +260 -1: /Users/zackdawood/Documents/Dev/GitHub/bit-switch/test/core/ssdp_client_test.dart: SsdpClient discover emits device for direct UDP response and deduplicates                            00:16 +260 -1: /Users/zackdawood/Documents/Dev/GitHub/bit-switch/test/providers/pairing_provider_test.dart: PairingProvider confirmConnectedToDeviceAp finds device and fetches networks               
[Pairing] confirmConnectedToDeviceAp: currentSsid=WeMo.AP homeNetworkSsid=null
[Pairing] _discoverDeviceOnAp: probing 10.22.22.1 ports [49153, 49152, 49154, 49151, 49155, 49156, 49157, 49158, 49159]
[Pairing] probeHost result: found WeMo at 192.168.1.1:80
[Pairing] Device found: WeMo at 192.168.1.1:80
[Pairing] _fetchAvailableNetworks: device=WeMo host=192.168.1.1:80
00:16 +260 -1: /Users/zackdawood/Documents/Dev/GitHub/bit-switch/test/core/ssdp_client_test.dart: SsdpClient discover emits device for direct UDP response and deduplicates                            00:16 +261 -1: /Users/zackdawood/Documents/Dev/GitHub/bit-switch/test/core/ssdp_client_test.dart: SsdpClient discover emits device for direct UDP response and deduplicates                            00:16 +262 -1: /Users/zackdawood/Documents/Dev/GitHub/bit-switch/test/core/ssdp_client_test.dart: SsdpClient discover emits device for direct UDP response and deduplicates                            00:16 +263 -1: /Users/zackdawood/Documents/Dev/GitHub/bit-switch/test/core/ssdp_client_test.dart: SsdpClient discover emits device for direct UDP response and deduplicates                            00:16 +264 -1: /Users/zackdawood/Documents/Dev/GitHub/bit-switch/test/core/ssdp_client_test.dart: SsdpClient discover emits device for direct UDP response and deduplicates                            00:16 +265 -1: /Users/zackdawood/Documents/Dev/GitHub/bit-switch/test/core/ssdp_client_test.dart: SsdpClient discover emits device for direct UDP response and deduplicates                            00:16 +266 -1: /Users/zackdawood/Documents/Dev/GitHub/bit-switch/test/core/ssdp_client_test.dart: SsdpClient discover emits device for direct UDP response and deduplicates                            00:16 +267 -1: /Users/zackdawood/Documents/Dev/GitHub/bit-switch/test/core/ssdp_client_test.dart: SsdpClient discover emits device for direct UDP response and deduplicates                            00:16 +268 -1: /Users/zackdawood/Documents/Dev/GitHub/bit-switch/test/core/ssdp_client_test.dart: SsdpClient discover emits device for direct UDP response and deduplicates                            00:16 +269 -1: /Users/zackdawood/Documents/Dev/GitHub/bit-switch/test/core/ssdp_client_test.dart: SsdpClient discover emits device for direct UDP response and deduplicates                            00:16 +270 -1: /Users/zackdawood/Documents/Dev/GitHub/bit-switch/test/core/ssdp_client_test.dart: SsdpClient discover emits device for direct UDP response and deduplicates                            00:16 +271 -1: /Users/zackdawood/Documents/Dev/GitHub/bit-switch/test/core/ssdp_client_test.dart: SsdpClient discover emits device for direct UDP response and deduplicates                            00:16 +272 -1: /Users/zackdawood/Documents/Dev/GitHub/bit-switch/test/core/ssdp_client_test.dart: SsdpClient discover emits device for direct UDP response and deduplicates                            00:16 +273 -1: /Users/zackdawood/Documents/Dev/GitHub/bit-switch/test/core/ssdp_client_test.dart: SsdpClient discover emits device for direct UDP response and deduplicates                            00:16 +274 -1: /Users/zackdawood/Documents/Dev/GitHub/bit-switch/test/core/ssdp_client_test.dart: SsdpClient discover emits device for direct UDP response and deduplicates                            00:16 +275 -1: /Users/zackdawood/Documents/Dev/GitHub/bit-switch/test/core/ssdp_client_test.dart: SsdpClient discover emits device for direct UDP response and deduplicates                            00:16 +276 -1: /Users/zackdawood/Documents/Dev/GitHub/bit-switch/test/core/ssdp_client_test.dart: SsdpClient discover emits device for direct UDP response and deduplicates                            00:16 +277 -1: /Users/zackdawood/Documents/Dev/GitHub/bit-switch/test/core/ssdp_client_test.dart: SsdpClient discover emits device for direct UDP response and deduplicates                            00:16 +278 -1: /Users/zackdawood/Documents/Dev/GitHub/bit-switch/test/core/ssdp_client_test.dart: SsdpClient discover emits device for direct UDP response and deduplicates                            00:16 +279 -1: /Users/zackdawood/Documents/Dev/GitHub/bit-switch/test/core/ssdp_client_test.dart: SsdpClient discover emits device for direct UDP response and deduplicates                            00:16 +280 -1: /Users/zackdawood/Documents/Dev/GitHub/bit-switch/test/core/ssdp_client_test.dart: SsdpClient discover emits device for direct UDP response and deduplicates                            00:16 +281 -1: /Users/zackdawood/Documents/Dev/GitHub/bit-switch/test/core/ssdp_client_test.dart: SsdpClient discover emits device for direct UDP response and deduplicates                            00:16 +282 -1: /Users/zackdawood/Documents/Dev/GitHub/bit-switch/test/core/ssdp_client_test.dart: SsdpClient discover emits device for direct UDP response and deduplicates                            00:16 +283 -1: /Users/zackdawood/Documents/Dev/GitHub/bit-switch/test/core/ssdp_client_test.dart: SsdpClient discover emits device for direct UDP response and deduplicates                            00:16 +284 -1: /Users/zackdawood/Documents/Dev/GitHub/bit-switch/test/core/ssdp_client_test.dart: SsdpClient discover emits device for direct UDP response and deduplicates                            00:16 +285 -1: /Users/zackdawood/Documents/Dev/GitHub/bit-switch/test/core/ssdp_client_test.dart: SsdpClient discover emits device for direct UDP response and deduplicates                            00:16 +286 -1: /Users/zackdawood/Documents/Dev/GitHub/bit-switch/test/core/ssdp_client_test.dart: SsdpClient discover emits device for direct UDP response and deduplicates                            00:16 +287 -1: /Users/zackdawood/Documents/Dev/GitHub/bit-switch/test/core/ssdp_client_test.dart: SsdpClient discover emits device for direct UDP response and deduplicates                            00:16 +288 -1: /Users/zackdawood/Documents/Dev/GitHub/bit-switch/test/core/ssdp_client_test.dart: SsdpClient discover emits device for direct UDP response and deduplicates                            00:17 +288 -1: /Users/zackdawood/Documents/Dev/GitHub/bit-switch/test/core/ssdp_client_test.dart: SsdpClient discover emits device for direct UDP response and deduplicates                            00:17 +288 -1: /Users/zackdawood/Documents/Dev/GitHub/bit-switch/test/services/wifi_detection_service_test.dart: WifiDetectionService requestLocationPermission returns a tri-state (true/false/null)  
[WiFiService] Desktop platform - no permission needed
00:17 +289 -1: /Users/zackdawood/Documents/Dev/GitHub/bit-switch/test/core/ssdp_client_test.dart: SsdpClient discover emits device for direct UDP response and deduplicates                            00:17 +289 -1: /Users/zackdawood/Documents/Dev/GitHub/bit-switch/test/services/wifi_detection_service_test.dart: WifiDetectionService requestLocationPermission returns true on desktop platforms      
[WiFiService] Desktop platform - no permission needed
00:17 +290 -1: /Users/zackdawood/Documents/Dev/GitHub/bit-switch/test/core/ssdp_client_test.dart: SsdpClient discover emits device for direct UDP response and deduplicates                            00:17 +290 -1: /Users/zackdawood/Documents/Dev/GitHub/bit-switch/test/services/wifi_detection_service_test.dart: WifiDetectionService requestLocationPermission caches permission result on subsequent calls
[WiFiService] Desktop platform - no permission needed
[WiFiService] Permission already granted (cached)
00:17 +291 -1: /Users/zackdawood/Documents/Dev/GitHub/bit-switch/test/core/ssdp_client_test.dart: SsdpClient discover emits device for direct UDP response and deduplicates                            00:17 +291 -1: /Users/zackdawood/Documents/Dev/GitHub/bit-switch/test/services/wifi_detection_service_test.dart: WifiDetectionService hasLocationPermission returns a boolean value                    
[WiFiService] Desktop platform - permission granted by default
00:17 +292 -1: /Users/zackdawood/Documents/Dev/GitHub/bit-switch/test/core/ssdp_client_test.dart: SsdpClient discover emits device for direct UDP response and deduplicates                            00:17 +292 -1: /Users/zackdawood/Documents/Dev/GitHub/bit-switch/test/services/wifi_detection_service_test.dart: WifiDetectionService hasLocationPermission returns true on desktop platforms          
[WiFiService] Desktop platform - permission granted by default
00:17 +293 -1: /Users/zackdawood/Documents/Dev/GitHub/bit-switch/test/core/ssdp_client_test.dart: SsdpClient discover emits device for direct UDP response and deduplicates                            00:17 +293 -1: /Users/zackdawood/Documents/Dev/GitHub/bit-switch/test/services/wifi_detection_service_test.dart: WifiDetectionService hasLocationPermission does not throw exceptions on error         
[WiFiService] Desktop platform - permission granted by default
00:17 +294 -1: /Users/zackdawood/Documents/Dev/GitHub/bit-switch/test/core/ssdp_client_test.dart: SsdpClient discover emits device for direct UDP response and deduplicates                            00:17 +294 -1: /Users/zackdawood/Documents/Dev/GitHub/bit-switch/test/services/wifi_detection_service_test.dart: WifiDetectionService getCurrentSsid returns either null or a String                   
[WiFiService] getCurrentSsid called (requestPermission: true)
[WiFiService] Calling NetworkInfo.getWifiName()...
[WiFiService] getWifiName() returned: TestSSID
[WiFiService] Returning SSID: TestSSID
00:17 +295 -1: /Users/zackdawood/Documents/Dev/GitHub/bit-switch/test/core/ssdp_client_test.dart: SsdpClient discover emits device for direct UDP response and deduplicates                            00:17 +295 -1: /Users/zackdawood/Documents/Dev/GitHub/bit-switch/test/services/wifi_detection_service_test.dart: WifiDetectionService getCurrentSsid handles requestPermission parameter               
[WiFiService] getCurrentSsid called (requestPermission: false)
[WiFiService] Calling NetworkInfo.getWifiName()...
[WiFiService] getWifiName() returned: TestSSID
[WiFiService] Returning SSID: TestSSID
00:17 +296 -1: /Users/zackdawood/Documents/Dev/GitHub/bit-switch/test/core/ssdp_client_test.dart: SsdpClient discover emits device for direct UDP response and deduplicates                            00:17 +296 -1: /Users/zackdawood/Documents/Dev/GitHub/bit-switch/test/services/wifi_detection_service_test.dart: WifiDetectionService getCurrentSsid handles requestPermission=true parameter          
[WiFiService] getCurrentSsid called (requestPermission: true)
[WiFiService] Calling NetworkInfo.getWifiName()...
[WiFiService] getWifiName() returned: TestSSID
[WiFiService] Returning SSID: TestSSID
00:17 +297 -1: /Users/zackdawood/Documents/Dev/GitHub/bit-switch/test/core/ssdp_client_test.dart: SsdpClient discover emits device for direct UDP response and deduplicates                            00:17 +297 -1: /Users/zackdawood/Documents/Dev/GitHub/bit-switch/test/services/wifi_detection_service_test.dart: WifiDetectionService getCurrentSsid cleans SSID by removing quotes                    
[WiFiService] getCurrentSsid called (requestPermission: true)
[WiFiService] Calling NetworkInfo.getWifiName()...
[WiFiService] getWifiName() returned: TestSSID
[WiFiService] Returning SSID: TestSSID
00:17 +298 -1: /Users/zackdawood/Documents/Dev/GitHub/bit-switch/test/core/ssdp_client_test.dart: SsdpClient discover emits device for direct UDP response and deduplicates                            00:17 +298 -1: /Users/zackdawood/Documents/Dev/GitHub/bit-switch/test/services/wifi_detection_service_test.dart: WifiDetectionService getCurrentSsid returns null for unknown ssid                     
[WiFiService] getCurrentSsid called (requestPermission: true)
[WiFiService] Calling NetworkInfo.getWifiName()...
[WiFiService] getWifiName() returned: TestSSID
[WiFiService] Returning SSID: TestSSID
00:17 +299 -1: /Users/zackdawood/Documents/Dev/GitHub/bit-switch/test/core/ssdp_client_test.dart: SsdpClient discover emits device for direct UDP response and deduplicates                            00:17 +300 -1: /Users/zackdawood/Documents/Dev/GitHub/bit-switch/test/core/ssdp_client_test.dart: SsdpClient discover emits device for direct UDP response and deduplicates                            00:17 +301 -1: /Users/zackdawood/Documents/Dev/GitHub/bit-switch/test/core/ssdp_client_test.dart: SsdpClient discover emits device for direct UDP response and deduplicates                            00:17 +302 -1: /Users/zackdawood/Documents/Dev/GitHub/bit-switch/test/core/ssdp_client_test.dart: SsdpClient discover emits device for direct UDP response and deduplicates                            00:17 +303 -1: /Users/zackdawood/Documents/Dev/GitHub/bit-switch/test/core/ssdp_client_test.dart: SsdpClient discover emits device for direct UDP response and deduplicates                            00:17 +304 -1: /Users/zackdawood/Documents/Dev/GitHub/bit-switch/test/core/ssdp_client_test.dart: SsdpClient discover emits device for direct UDP response and deduplicates                            00:17 +305 -1: /Users/zackdawood/Documents/Dev/GitHub/bit-switch/test/core/ssdp_client_test.dart: SsdpClient discover emits device for direct UDP response and deduplicates                            00:17 +306 -1: /Users/zackdawood/Documents/Dev/GitHub/bit-switch/test/core/ssdp_client_test.dart: SsdpClient discover emits device for direct UDP response and deduplicates                            00:17 +307 -1: /Users/zackdawood/Documents/Dev/GitHub/bit-switch/test/core/ssdp_client_test.dart: SsdpClient discover emits device for direct UDP response and deduplicates                            00:17 +308 -1: /Users/zackdawood/Documents/Dev/GitHub/bit-switch/test/core/ssdp_client_test.dart: SsdpClient discover emits device for direct UDP response and deduplicates                            00:17 +309 -1: /Users/zackdawood/Documents/Dev/GitHub/bit-switch/test/core/ssdp_client_test.dart: SsdpClient discover emits device for direct UDP response and deduplicates                            00:17 +310 -1: /Users/zackdawood/Documents/Dev/GitHub/bit-switch/test/core/ssdp_client_test.dart: SsdpClient discover emits device for direct UDP response and deduplicates                            00:17 +311 -1: /Users/zackdawood/Documents/Dev/GitHub/bit-switch/test/core/ssdp_client_test.dart: SsdpClient discover emits device for direct UDP response and deduplicates                            00:17 +312 -1: /Users/zackdawood/Documents/Dev/GitHub/bit-switch/test/core/ssdp_client_test.dart: SsdpClient discover emits device for direct UDP response and deduplicates                            00:17 +312 -1: /Users/zackdawood/Documents/Dev/GitHub/bit-switch/test/services/wifi_detection_service_test.dart: WifiDetectionService platform-specific permission branches iOS permission flow: permanently denied returns null
[WiFiService] iOS location status: PermissionStatus.permanentlyDenied
[WiFiService] Permission permanently denied - user must enable in Settings
00:17 +313 -1: /Users/zackdawood/Documents/Dev/GitHub/bit-switch/test/core/ssdp_client_test.dart: SsdpClient discover emits device for direct UDP response and deduplicates                            00:17 +314 -1: /Users/zackdawood/Documents/Dev/GitHub/bit-switch/test/core/ssdp_client_test.dart: SsdpClient discover emits device for direct UDP response and deduplicates                            00:17 +314 -1: /Users/zackdawood/Documents/Dev/GitHub/bit-switch/test/services/wifi_detection_service_test.dart: WifiDetectionService platform-specific permission branches iOS permission flow: granted status short-circuits true
[WiFiService] iOS location status: PermissionStatus.granted
00:17 +315 -1: /Users/zackdawood/Documents/Dev/GitHub/bit-switch/test/core/ssdp_client_test.dart: SsdpClient discover emits device for direct UDP response and deduplicates                            00:17 +315 -1: /Users/zackdawood/Documents/Dev/GitHub/bit-switch/test/services/wifi_detection_service_test.dart: WifiDetectionService platform-specific permission branches iOS permission flow: request denied returns false
[WiFiService] iOS location status: PermissionStatus.denied
[WiFiService] Requesting iOS location permission...
00:17 +316 -1: /Users/zackdawood/Documents/Dev/GitHub/bit-switch/test/core/ssdp_client_test.dart: SsdpClient discover emits device for direct UDP response and deduplicates                            00:17 +316 -1: /Users/zackdawood/Documents/Dev/GitHub/bit-switch/test/services/wifi_detection_service_test.dart: WifiDetectionService platform-specific permission branches iOS permission flow: request denied returns false
[WiFiService] iOS location permission result: PermissionStatus.denied
00:17 +317 -1: /Users/zackdawood/Documents/Dev/GitHub/bit-switch/test/core/ssdp_client_test.dart: SsdpClient discover emits device for direct UDP response and deduplicates                            00:17 +318 -1: /Users/zackdawood/Documents/Dev/GitHub/bit-switch/test/core/ssdp_client_test.dart: SsdpClient discover emits device for direct UDP response and deduplicates                            00:17 +318 -1: /Users/zackdawood/Documents/Dev/GitHub/bit-switch/test/services/wifi_detection_service_test.dart: WifiDetectionService platform-specific permission branches Android permission flow: nearby granted returns true
[WiFiService] Requesting Android permissions...
[WiFiService] NEARBY_WIFI_DEVICES result: PermissionStatus.granted
00:17 +319 -1: /Users/zackdawood/Documents/Dev/GitHub/bit-switch/test/core/ssdp_client_test.dart: SsdpClient discover emits device for direct UDP response and deduplicates                            00:17 +320 -1: /Users/zackdawood/Documents/Dev/GitHub/bit-switch/test/core/ssdp_client_test.dart: SsdpClient discover emits device for direct UDP response and deduplicates                            00:17 +320 -1: /Users/zackdawood/Documents/Dev/GitHub/bit-switch/test/services/wifi_detection_service_test.dart: WifiDetectionService platform-specific permission branches Android permission flow: nearby permanently denied returns null
[WiFiService] Requesting Android permissions...
[WiFiService] NEARBY_WIFI_DEVICES result: PermissionStatus.permanentlyDenied
00:17 +321 -1: /Users/zackdawood/Documents/Dev/GitHub/bit-switch/test/core/ssdp_client_test.dart: SsdpClient discover emits device for direct UDP response and deduplicates                            00:17 +322 -1: /Users/zackdawood/Documents/Dev/GitHub/bit-switch/test/core/ssdp_client_test.dart: SsdpClient discover emits device for direct UDP response and deduplicates                            00:17 +322 -1: /Users/zackdawood/Documents/Dev/GitHub/bit-switch/test/services/wifi_detection_service_test.dart: WifiDetectionService platform-specific permission branches Android permission flow: fallback to location request
[WiFiService] Requesting Android permissions...
[WiFiService] NEARBY_WIFI_DEVICES result: PermissionStatus.denied
[WiFiService] Android location result: PermissionStatus.granted
00:17 +323 -1: /Users/zackdawood/Documents/Dev/GitHub/bit-switch/test/core/ssdp_client_test.dart: SsdpClient discover emits device for direct UDP response and deduplicates                            00:17 +324 -1: /Users/zackdawood/Documents/Dev/GitHub/bit-switch/test/core/ssdp_client_test.dart: SsdpClient discover emits device for direct UDP response and deduplicates                            00:17 +324 -1: /Users/zackdawood/Documents/Dev/GitHub/bit-switch/test/services/wifi_detection_service_test.dart: WifiDetectionService platform-specific permission branches hasLocationPermission Android uses nearby status first
[WiFiService] Android NEARBY_WIFI_DEVICES granted
00:17 +325 -1: /Users/zackdawood/Documents/Dev/GitHub/bit-switch/test/core/ssdp_client_test.dart: SsdpClient discover emits device for direct UDP response and deduplicates                            00:17 +326 -1: /Users/zackdawood/Documents/Dev/GitHub/bit-switch/test/core/ssdp_client_test.dart: SsdpClient discover emits device for direct UDP response and deduplicates                            00:17 +326 -1: /Users/zackdawood/Documents/Dev/GitHub/bit-switch/test/services/wifi_detection_service_test.dart: WifiDetectionService platform-specific permission branches hasLocationPermission Android uses location + service enabled
[WiFiService] Android location: PermissionStatus.granted, service: ServiceStatus.enabled
00:17 +327 -1: /Users/zackdawood/Documents/Dev/GitHub/bit-switch/test/core/ssdp_client_test.dart: SsdpClient discover emits device for direct UDP response and deduplicates                            00:17 +328 -1: /Users/zackdawood/Documents/Dev/GitHub/bit-switch/test/core/ssdp_client_test.dart: SsdpClient discover emits device for direct UDP response and deduplicates                            00:17 +328 -1: /Users/zackdawood/Documents/Dev/GitHub/bit-switch/test/services/wifi_detection_service_test.dart: WifiDetectionService platform-specific permission branches hasLocationPermission Android returns false when service disabled
[WiFiService] Android location: PermissionStatus.granted, service: ServiceStatus.disabled
00:17 +329 -1: /Users/zackdawood/Documents/Dev/GitHub/bit-switch/test/core/ssdp_client_test.dart: SsdpClient discover emits device for direct UDP response and deduplicates                            00:17 +329 -1: /Users/zackdawood/Documents/Dev/GitHub/bit-switch/test/services/wifi_detection_service_test.dart: WifiDetectionService platform-specific permission branches hasLocationPermission iOS returns granted state
[WiFiService] iOS permission status: true
00:17 +330 -1: /Users/zackdawood/Documents/Dev/GitHub/bit-switch/test/core/ssdp_client_test.dart: SsdpClient discover emits device for direct UDP response and deduplicates                            00:17 +330 -1: /Users/zackdawood/Documents/Dev/GitHub/bit-switch/test/services/wifi_detection_service_test.dart: WifiDetectionService getCurrentSsid branches returns cleaned SSID when quotes are present
[WiFiService] getCurrentSsid called (requestPermission: false)
[WiFiService] iOS permission status: true
[WiFiService] Permission check (no request): true
[WiFiService] Calling NetworkInfo.getWifiName()...
[WiFiService] getWifiName() returned: "MyWifi"
[WiFiService] Returning SSID: MyWifi
00:17 +331 -1: /Users/zackdawood/Documents/Dev/GitHub/bit-switch/test/core/ssdp_client_test.dart: SsdpClient discover emits device for direct UDP response and deduplicates                            00:17 +331 -1: /Users/zackdawood/Documents/Dev/GitHub/bit-switch/test/services/wifi_detection_service_test.dart: WifiDetectionService getCurrentSsid branches returns null for unknown SSID marker     
[WiFiService] getCurrentSsid called (requestPermission: false)
[WiFiService] iOS permission status: true
[WiFiService] Permission check (no request): true
[WiFiService] Calling NetworkInfo.getWifiName()...
[WiFiService] getWifiName() returned: <unknown ssid>
[WiFiService] Returning null (ssid was null or unknown)
00:17 +332 -1: /Users/zackdawood/Documents/Dev/GitHub/bit-switch/test/core/ssdp_client_test.dart: SsdpClient discover emits device for direct UDP response and deduplicates                            00:17 +332 -1: /Users/zackdawood/Documents/Dev/GitHub/bit-switch/test/services/wifi_detection_service_test.dart: WifiDetectionService getCurrentSsid branches returns null when permission is not granted
[WiFiService] getCurrentSsid called (requestPermission: false)
[WiFiService] iOS permission status: false
[WiFiService] Permission check (no request): false
00:17 +333 -1: /Users/zackdawood/Documents/Dev/GitHub/bit-switch/test/core/ssdp_client_test.dart: SsdpClient discover emits device for direct UDP response and deduplicates                            00:17 +333 -1: /Users/zackdawood/Documents/Dev/GitHub/bit-switch/test/services/wifi_detection_service_test.dart: WifiDetectionService getCurrentSsid branches returns null when permission request returns null
[WiFiService] getCurrentSsid called (requestPermission: true)
[WiFiService] Requesting permission (cached: false)
[WiFiService] iOS location status: PermissionStatus.denied
[WiFiService] Requesting iOS location permission...
[WiFiService] iOS location permission result: PermissionStatus.permanentlyDenied
[WiFiService] Permission not granted (result: null)
00:17 +334 -1: /Users/zackdawood/Documents/Dev/GitHub/bit-switch/test/core/ssdp_client_test.dart: SsdpClient discover emits device for direct UDP response and deduplicates                            00:17 +335 -1: /Users/zackdawood/Documents/Dev/GitHub/bit-switch/test/core/ssdp_client_test.dart: SsdpClient discover emits device for direct UDP response and deduplicates                            00:17 +336 -1: /Users/zackdawood/Documents/Dev/GitHub/bit-switch/test/providers/pairing_provider_test.dart: PairingProvider confirmConnectedToDeviceAp finds device and fetches networks               00:17 +337 -1: /Users/zackdawood/Documents/Dev/GitHub/bit-switch/test/providers/pairing_provider_test.dart: PairingProvider confirmConnectedToDeviceAp finds device and fetches networks               00:17 +338 -1: /Users/zackdawood/Documents/Dev/GitHub/bit-switch/test/providers/pairing_provider_test.dart: PairingProvider confirmConnectedToDeviceAp finds device and fetches networks               00:17 +339 -1: /Users/zackdawood/Documents/Dev/GitHub/bit-switch/test/providers/pairing_provider_test.dart: PairingProvider confirmConnectedToDeviceAp finds device and fetches networks               00:17 +340 -1: /Users/zackdawood/Documents/Dev/GitHub/bit-switch/test/providers/pairing_provider_test.dart: PairingProvider confirmConnectedToDeviceAp finds device and fetches networks               00:17 +341 -1: /Users/zackdawood/Documents/Dev/GitHub/bit-switch/test/providers/pairing_provider_test.dart: PairingProvider confirmConnectedToDeviceAp finds device and fetches networks               00:17 +342 -1: /Users/zackdawood/Documents/Dev/GitHub/bit-switch/test/providers/pairing_provider_test.dart: PairingProvider confirmConnectedToDeviceAp finds device and fetches networks               00:17 +343 -1: /Users/zackdawood/Documents/Dev/GitHub/bit-switch/test/providers/pairing_provider_test.dart: PairingProvider confirmConnectedToDeviceAp finds device and fetches networks               00:17 +344 -1: /Users/zackdawood/Documents/Dev/GitHub/bit-switch/test/providers/pairing_provider_test.dart: PairingProvider confirmConnectedToDeviceAp finds device and fetches networks               00:18 +344 -1: /Users/zackdawood/Documents/Dev/GitHub/bit-switch/test/providers/pairing_provider_test.dart: PairingProvider confirmConnectedToDeviceAp finds device and fetches networks               00:18 +345 -1: /Users/zackdawood/Documents/Dev/GitHub/bit-switch/test/providers/pairing_provider_test.dart: PairingProvider confirmConnectedToDeviceAp finds device and fetches networks               00:18 +346 -1: /Users/zackdawood/Documents/Dev/GitHub/bit-switch/test/providers/pairing_provider_test.dart: PairingProvider confirmConnectedToDeviceAp finds device and fetches networks               00:18 +347 -1: /Users/zackdawood/Documents/Dev/GitHub/bit-switch/test/providers/pairing_provider_test.dart: PairingProvider confirmConnectedToDeviceAp finds device and fetches networks               00:18 +348 -1: /Users/zackdawood/Documents/Dev/GitHub/bit-switch/test/providers/pairing_provider_test.dart: PairingProvider confirmConnectedToDeviceAp finds device and fetches networks               00:18 +349 -1: /Users/zackdawood/Documents/Dev/GitHub/bit-switch/test/providers/pairing_provider_test.dart: PairingProvider confirmConnectedToDeviceAp finds device and fetches networks               00:18 +350 -1: /Users/zackdawood/Documents/Dev/GitHub/bit-switch/test/providers/pairing_provider_test.dart: PairingProvider confirmConnectedToDeviceAp finds device and fetches networks               00:18 +351 -1: /Users/zackdawood/Documents/Dev/GitHub/bit-switch/test/providers/pairing_provider_test.dart: PairingProvider confirmConnectedToDeviceAp finds device and fetches networks               00:18 +352 -1: /Users/zackdawood/Documents/Dev/GitHub/bit-switch/test/providers/pairing_provider_test.dart: PairingProvider confirmConnectedToDeviceAp finds device and fetches networks               00:18 +353 -1: /Users/zackdawood/Documents/Dev/GitHub/bit-switch/test/providers/pairing_provider_test.dart: PairingProvider confirmConnectedToDeviceAp finds device and fetches networks               00:18 +354 -1: /Users/zackdawood/Documents/Dev/GitHub/bit-switch/test/providers/pairing_provider_test.dart: PairingProvider confirmConnectedToDeviceAp finds device and fetches networks               00:18 +355 -1: /Users/zackdawood/Documents/Dev/GitHub/bit-switch/test/providers/pairing_provider_test.dart: PairingProvider confirmConnectedToDeviceAp finds device and fetches networks               00:18 +356 -1: /Users/zackdawood/Documents/Dev/GitHub/bit-switch/test/providers/pairing_provider_test.dart: PairingProvider confirmConnectedToDeviceAp finds device and fetches networks               00:18 +357 -1: /Users/zackdawood/Documents/Dev/GitHub/bit-switch/test/providers/pairing_provider_test.dart: PairingProvider confirmConnectedToDeviceAp finds device and fetches networks               00:18 +358 -1: /Users/zackdawood/Documents/Dev/GitHub/bit-switch/test/providers/pairing_provider_test.dart: PairingProvider confirmConnectedToDeviceAp finds device and fetches networks               00:18 +359 -1: /Users/zackdawood/Documents/Dev/GitHub/bit-switch/test/providers/pairing_provider_test.dart: PairingProvider confirmConnectedToDeviceAp finds device and fetches networks               00:18 +359 -1: /Users/zackdawood/Documents/Dev/GitHub/bit-switch/test/providers/pairing_provider_test.dart: PairingProvider confirmConnectedToDeviceAp finds device and fetches networks               
[Pairing] Calling getAvailableNetworks (attempt 1)...
[Pairing] getAvailableNetworks attempt 1 returned 2 networks
00:18 +360 -1: /Users/zackdawood/Documents/Dev/GitHub/bit-switch/test/core/ssdp_client_test.dart: SsdpClient discover filters invalid/non-Wemo UDP responses                                           00:18 +360 -1: /Users/zackdawood/Documents/Dev/GitHub/bit-switch/test/providers/pairing_provider_test.dart: PairingProvider confirmConnectedToDeviceAp reports error when no device found              
[Pairing] confirmConnectedToDeviceAp: currentSsid=WeMo.AP homeNetworkSsid=null
[Pairing] _discoverDeviceOnAp: probing 10.22.22.1 ports [49153, 49152, 49154, 49151, 49155, 49156, 49157, 49158, 49159]
[Pairing] probeHost result: null — device not reachable at 10.22.22.1
[Pairing] No device found at 10.22.22.1
00:18 +361 -1: /Users/zackdawood/Documents/Dev/GitHub/bit-switch/test/core/ssdp_client_test.dart: SsdpClient discover filters invalid/non-Wemo UDP responses                                           00:18 +362 -1: /Users/zackdawood/Documents/Dev/GitHub/bit-switch/test/core/ssdp_client_test.dart: SsdpClient discover filters invalid/non-Wemo UDP responses                                           00:18 +363 -1: /Users/zackdawood/Documents/Dev/GitHub/bit-switch/test/core/ssdp_client_test.dart: SsdpClient discover filters invalid/non-Wemo UDP responses                                           00:18 +363 -1: /Users/zackdawood/Documents/Dev/GitHub/bit-switch/test/providers/pairing_provider_test.dart: PairingProvider additional coverage retryDiscovery sets loading and then sets error when no device found
[Pairing] _discoverDeviceOnAp: probing 10.22.22.1 ports [49153, 49152, 49154, 49151, 49155, 49156, 49157, 49158, 49159]
[Pairing] probeHost result: null — device not reachable at 10.22.22.1
[Pairing] No device found at 10.22.22.1
00:18 +364 -1: /Users/zackdawood/Documents/Dev/GitHub/bit-switch/test/core/ssdp_client_test.dart: SsdpClient discover filters invalid/non-Wemo UDP responses                                           00:18 +365 -1: /Users/zackdawood/Documents/Dev/GitHub/bit-switch/test/core/ssdp_client_test.dart: SsdpClient discover filters invalid/non-Wemo UDP responses                                           00:18 +366 -1: /Users/zackdawood/Documents/Dev/GitHub/bit-switch/test/core/ssdp_client_test.dart: SsdpClient discover filters invalid/non-Wemo UDP responses                                           00:18 +367 -1: /Users/zackdawood/Documents/Dev/GitHub/bit-switch/test/core/ssdp_client_test.dart: SsdpClient discover filters invalid/non-Wemo UDP responses                                           00:18 +368 -1: /Users/zackdawood/Documents/Dev/GitHub/bit-switch/test/core/ssdp_client_test.dart: SsdpClient discover filters invalid/non-Wemo UDP responses                                           00:18 +368 -1: /Users/zackdawood/Documents/Dev/GitHub/bit-switch/test/providers/pairing_provider_test.dart: PairingProvider additional coverage configureNetwork with WifiSetupStatus.connected moves to reconnectHome
[Pairing] confirmConnectedToDeviceAp: currentSsid=null homeNetworkSsid=null
[Pairing] _discoverDeviceOnAp: probing 10.22.22.1 ports [49153, 49152, 49154, 49151, 49155, 49156, 49157, 49158, 49159]
[Pairing] probeHost result: found WeMo at 10.22.22.1:49153
[Pairing] Device found: WeMo at 10.22.22.1:49153
[Pairing] _fetchAvailableNetworks: device=WeMo host=10.22.22.1:49153
00:18 +368 -1: /Users/zackdawood/Documents/Dev/GitHub/bit-switch/test/core/ssdp_client_test.dart: SsdpClient discover filters invalid/non-Wemo UDP responses                                           00:19 +368 -1: /Users/zackdawood/Documents/Dev/GitHub/bit-switch/test/core/ssdp_client_test.dart: SsdpClient discover filters invalid/non-Wemo UDP responses                                           00:19 +369 -1: /Users/zackdawood/Documents/Dev/GitHub/bit-switch/test/core/ssdp_client_test.dart: SsdpClient discover filters invalid/non-Wemo UDP responses                                           00:19 +370 -1: /Users/zackdawood/Documents/Dev/GitHub/bit-switch/test/core/ssdp_client_test.dart: SsdpClient discover filters invalid/non-Wemo UDP responses                                           00:19 +371 -1: /Users/zackdawood/Documents/Dev/GitHub/bit-switch/test/core/ssdp_client_test.dart: SsdpClient discover filters invalid/non-Wemo UDP responses                                           00:19 +372 -1: /Users/zackdawood/Documents/Dev/GitHub/bit-switch/test/core/ssdp_client_test.dart: SsdpClient discover filters invalid/non-Wemo UDP responses                                           00:20 +372 -1: /Users/zackdawood/Documents/Dev/GitHub/bit-switch/test/core/ssdp_client_test.dart: SsdpClient discover filters invalid/non-Wemo UDP responses                                           00:20 +373 -1: /Users/zackdawood/Documents/Dev/GitHub/bit-switch/test/core/ssdp_client_test.dart: SsdpClient discover filters invalid/non-Wemo UDP responses                                           00:20 +374 -1: /Users/zackdawood/Documents/Dev/GitHub/bit-switch/test/core/ssdp_client_test.dart: SsdpClient discover filters invalid/non-Wemo UDP responses                                           00:20 +375 -1: /Users/zackdawood/Documents/Dev/GitHub/bit-switch/test/core/ssdp_client_test.dart: SsdpClient discover filters invalid/non-Wemo UDP responses                                           00:20 +376 -1: /Users/zackdawood/Documents/Dev/GitHub/bit-switch/test/core/ssdp_client_test.dart: SsdpClient discover filters invalid/non-Wemo UDP responses                                           00:20 +377 -1: /Users/zackdawood/Documents/Dev/GitHub/bit-switch/test/core/ssdp_client_test.dart: SsdpClient discover filters invalid/non-Wemo UDP responses                                           00:20 +378 -1: /Users/zackdawood/Documents/Dev/GitHub/bit-switch/test/core/ssdp_client_test.dart: SsdpClient discover filters invalid/non-Wemo UDP responses                                           00:20 +379 -1: /Users/zackdawood/Documents/Dev/GitHub/bit-switch/test/core/ssdp_client_test.dart: SsdpClient discover filters invalid/non-Wemo UDP responses                                           00:20 +379 -1: /Users/zackdawood/Documents/Dev/GitHub/bit-switch/test/providers/pairing_provider_test.dart: PairingProvider additional coverage configureNetwork with WifiSetupStatus.connected moves to reconnectHome
[Pairing] Calling getAvailableNetworks (attempt 1)...
[Pairing] getAvailableNetworks attempt 1 returned 1 networks
00:21 +380 -1: /Users/zackdawood/Documents/Dev/GitHub/bit-switch/test/core/ssdp_client_test.dart: SsdpClient discover filters invalid/non-Wemo UDP responses                                           00:21 +380 -1: /Users/zackdawood/Documents/Dev/GitHub/bit-switch/test/providers/pairing_provider_test.dart: PairingProvider additional coverage configureNetwork with WifiSetupStatus.passwordShort sets error
[Pairing] confirmConnectedToDeviceAp: currentSsid=null homeNetworkSsid=null
[Pairing] _discoverDeviceOnAp: probing 10.22.22.1 ports [49153, 49152, 49154, 49151, 49155, 49156, 49157, 49158, 49159]
[Pairing] probeHost result: found WeMo at 10.22.22.1:49153
[Pairing] Device found: WeMo at 10.22.22.1:49153
[Pairing] _fetchAvailableNetworks: device=WeMo host=10.22.22.1:49153
00:22 +381 -1: /Users/zackdawood/Documents/Dev/GitHub/bit-switch/test/providers/pairing_provider_test.dart: ... additional coverage configureNetwork with WifiSetupStatus.passwordShort sets error     00:22 +382 -1: /Users/zackdawood/Documents/Dev/GitHub/bit-switch/test/providers/pairing_provider_test.dart: ... additional coverage configureNetwork with WifiSetupStatus.passwordShort sets error     00:22 +383 -1: /Users/zackdawood/Documents/Dev/GitHub/bit-switch/test/providers/pairing_provider_test.dart: ... additional coverage configureNetwork with WifiSetupStatus.passwordShort sets error     00:22 +384 -1: /Users/zackdawood/Documents/Dev/GitHub/bit-switch/test/providers/pairing_provider_test.dart: ... additional coverage configureNetwork with WifiSetupStatus.passwordShort sets error     00:22 +385 -1: /Users/zackdawood/Documents/Dev/GitHub/bit-switch/test/providers/pairing_provider_test.dart: ... additional coverage configureNetwork with WifiSetupStatus.passwordShort sets error     00:23 +385 -1: /Users/zackdawood/Documents/Dev/GitHub/bit-switch/test/providers/pairing_provider_test.dart: ... additional coverage configureNetwork with WifiSetupStatus.passwordShort sets error     00:23 +385 -1: /Users/zackdawood/Documents/Dev/GitHub/bit-switch/test/providers/pairing_provider_test.dart: PairingProvider additional coverage configureNetwork with WifiSetupStatus.passwordShort sets error
[Pairing] Calling getAvailableNetworks (attempt 1)...
[Pairing] getAvailableNetworks attempt 1 returned 1 networks
00:23 +386 -1: /Users/zackdawood/Documents/Dev/GitHub/bit-switch/test/providers/pairing_provider_test.dart: ... additional coverage configureNetwork with WifiSetupStatus.passwordShort sets error     00:23 +386 -1: /Users/zackdawood/Documents/Dev/GitHub/bit-switch/test/providers/pairing_provider_test.dart: PairingProvider additional coverage configureNetwork with WifiSetupStatus.failed sets error00:23 +386 -1: /Users/zackdawood/Documents/Dev/GitHub/bit-switch/test/providers/pairing_provider_test.dart: PairingProvider additional coverage configureNetwork with WifiSetupStatus.failed sets error
[Pairing] confirmConnectedToDeviceAp: currentSsid=null homeNetworkSsid=null
[Pairing] _discoverDeviceOnAp: probing 10.22.22.1 ports [49153, 49152, 49154, 49151, 49155, 49156, 49157, 49158, 49159]
[Pairing] probeHost result: found WeMo at 10.22.22.1:49153
[Pairing] Device found: WeMo at 10.22.22.1:49153
[Pairing] _fetchAvailableNetworks: device=WeMo host=10.22.22.1:49153
[Pairing] Calling getAvailableNetworks (attempt 1)...
[Pairing] getAvailableNetworks attempt 1 returned 1 networks
00:26 +387 -1: /Users/zackdawood/Documents/Dev/GitHub/bit-switch/test/providers/pairing_provider_test.dart: PairingProvider additional coverage configureNetwork with WifiSetupStatus.failed sets error00:26 +387 -1: /Users/zackdawood/Documents/Dev/GitHub/bit-switch/test/providers/pairing_provider_test.dart: PairingProvider additional coverage confirmReconnectedToHome moves to success              00:26 +387 -1: /Users/zackdawood/Documents/Dev/GitHub/bit-switch/test/providers/pairing_provider_test.dart: PairingProvider additional coverage confirmReconnectedToHome moves to success              
[Pairing] confirmConnectedToDeviceAp: currentSsid=null homeNetworkSsid=null
[Pairing] _discoverDeviceOnAp: probing 10.22.22.1 ports [49153, 49152, 49154, 49151, 49155, 49156, 49157, 49158, 49159]
[Pairing] probeHost result: found WeMo at 10.22.22.1:49153
[Pairing] Device found: WeMo at 10.22.22.1:49153
[Pairing] _fetchAvailableNetworks: device=WeMo host=10.22.22.1:49153
[Pairing] Calling getAvailableNetworks (attempt 1)...
[Pairing] getAvailableNetworks attempt 1 returned 0 networks
[Pairing] Empty list — waiting 3 s then retrying...
[Pairing] Calling getAvailableNetworks (attempt 2)...
[Pairing] getAvailableNetworks attempt 2 returned 0 networks
00:31 +388 -1: /Users/zackdawood/Documents/Dev/GitHub/bit-switch/test/providers/pairing_provider_test.dart: PairingProvider additional coverage confirmReconnectedToHome moves to success              00:31 +388 -1: /Users/zackdawood/Documents/Dev/GitHub/bit-switch/test/providers/pairing_provider_test.dart: PairingProvider additional coverage _finalizeSetup with empty stream still reaches success 00:31 +388 -1: /Users/zackdawood/Documents/Dev/GitHub/bit-switch/test/providers/pairing_provider_test.dart: PairingProvider additional coverage _finalizeSetup with empty stream still reaches success 
[Pairing] confirmConnectedToDeviceAp: currentSsid=null homeNetworkSsid=null
[Pairing] _discoverDeviceOnAp: probing 10.22.22.1 ports [49153, 49152, 49154, 49151, 49155, 49156, 49157, 49158, 49159]
[Pairing] probeHost result: found WeMo at 10.22.22.1:49153
[Pairing] Device found: WeMo at 10.22.22.1:49153
[Pairing] _fetchAvailableNetworks: device=WeMo host=10.22.22.1:49153
[Pairing] Calling getAvailableNetworks (attempt 1)...
[Pairing] getAvailableNetworks attempt 1 returned 0 networks
[Pairing] Empty list — waiting 3 s then retrying...
[Pairing] Calling getAvailableNetworks (attempt 2)...
[Pairing] getAvailableNetworks attempt 2 returned 0 networks
00:36 +389 -1: /Users/zackdawood/Documents/Dev/GitHub/bit-switch/test/providers/pairing_provider_test.dart: PairingProvider additional coverage _finalizeSetup with empty stream still reaches success 00:36 +389 -1: /Users/zackdawood/Documents/Dev/GitHub/bit-switch/test/providers/pairing_provider_test.dart: PairingProvider additional coverage dispose does not throw                                 00:36 +390 -1: /Users/zackdawood/Documents/Dev/GitHub/bit-switch/test/providers/pairing_provider_test.dart: PairingProvider additional coverage dispose does not throw                                 00:36 +390 -1: /Users/zackdawood/Documents/Dev/GitHub/bit-switch/test/providers/pairing_provider_test.dart: ... additional coverage openWifiSettings handles platform failure and sets error           00:36 +391 -1: /Users/zackdawood/Documents/Dev/GitHub/bit-switch/test/providers/pairing_provider_test.dart: ... additional coverage openWifiSettings handles platform failure and sets error           00:36 +391 -1: /Users/zackdawood/Documents/Dev/GitHub/bit-switch/test/providers/pairing_provider_test.dart: ... additional coverage confirmConnectedToDeviceAp aborts when still on home network       00:36 +391 -1: /Users/zackdawood/Documents/Dev/GitHub/bit-switch/test/providers/pairing_provider_test.dart: PairingProvider additional coverage confirmConnectedToDeviceAp aborts when still on home network
[Pairing] confirmConnectedToDeviceAp: currentSsid=HomeNet homeNetworkSsid=HomeNet
[Pairing] Still on home network "HomeNet" — aborting discovery
00:36 +392 -1: /Users/zackdawood/Documents/Dev/GitHub/bit-switch/test/providers/pairing_provider_test.dart: ... additional coverage confirmConnectedToDeviceAp aborts when still on home network       00:36 +392 -1: /Users/zackdawood/Documents/Dev/GitHub/bit-switch/test/providers/pairing_provider_test.dart: PairingProvider additional coverage confirmConnectedToDeviceAp reports exception from probe00:36 +392 -1: /Users/zackdawood/Documents/Dev/GitHub/bit-switch/test/providers/pairing_provider_test.dart: PairingProvider additional coverage confirmConnectedToDeviceAp reports exception from probe
[Pairing] confirmConnectedToDeviceAp: currentSsid=WeMo.AP homeNetworkSsid=null
[Pairing] _discoverDeviceOnAp: probing 10.22.22.1 ports [49153, 49152, 49154, 49151, 49155, 49156, 49157, 49158, 49159]
[Pairing] _discoverDeviceOnAp error: _Exception: Exception: probe failed
#0      _ThrowingDiscoveryService.probeHost (file:///Users/zackdawood/Documents/Dev/GitHub/bit-switch/test/providers/pairing_provider_test.dart:613:5)
#1      PairingProvider._discoverDeviceOnAp (package:bit_switch/providers/pairing_provider.dart:154:46)
#2      PairingProvider.confirmConnectedToDeviceAp (package:bit_switch/providers/pairing_provider.dart:141:11)
<asynchronous suspension>
#3      main.<anonymous closure>.<anonymous closure>.<anonymous closure> (file:///Users/zackdawood/Documents/Dev/GitHub/bit-switch/test/providers/pairing_provider_test.dart:419:9)
<asynchronous suspension>
#4      Declarer.test.<anonymous closure>.<anonymous closure> (package:test_api/src/backend/declarer.dart:242:9)
<asynchronous suspension>
#5      Declarer.test.<anonymous closure> (package:test_api/src/backend/declarer.dart:240:7)
<asynchronous suspension>
#6      Invoker._waitForOutstandingCallbacks.<anonymous closure> (package:test_api/src/backend/invoker.dart:282:9)
<asynchronous suspension>

00:36 +393 -1: /Users/zackdawood/Documents/Dev/GitHub/bit-switch/test/providers/pairing_provider_test.dart: PairingProvider additional coverage confirmConnectedToDeviceAp reports exception from probe00:36 +393 -1: /Users/zackdawood/Documents/Dev/GitHub/bit-switch/test/providers/pairing_provider_test.dart: PairingProvider additional coverage tryManualIp reports exception path                     00:36 +394 -1: /Users/zackdawood/Documents/Dev/GitHub/bit-switch/test/providers/pairing_provider_test.dart: PairingProvider additional coverage tryManualIp reports exception path                     00:36 +394 -1: /Users/zackdawood/Documents/Dev/GitHub/bit-switch/test/providers/pairing_provider_test.dart: ... coverage confirmConnectedToDeviceAp retries network fetch when first scan is empty     00:36 +394 -1: /Users/zackdawood/Documents/Dev/GitHub/bit-switch/test/providers/pairing_provider_test.dart: PairingProvider additional coverage confirmConnectedToDeviceAp retries network fetch when first scan is empty
[Pairing] confirmConnectedToDeviceAp: currentSsid=WeMo.AP homeNetworkSsid=null
[Pairing] _discoverDeviceOnAp: probing 10.22.22.1 ports [49153, 49152, 49154, 49151, 49155, 49156, 49157, 49158, 49159]
[Pairing] probeHost result: found WeMo at 10.22.22.1:49153
[Pairing] Device found: WeMo at 10.22.22.1:49153
[Pairing] _fetchAvailableNetworks: device=WeMo host=10.22.22.1:49153
[Pairing] Calling getAvailableNetworks (attempt 1)...
[Pairing] getAvailableNetworks attempt 1 returned 0 networks
[Pairing] Empty list — waiting 3 s then retrying...
[Pairing] Calling getAvailableNetworks (attempt 2)...
[Pairing] getAvailableNetworks attempt 2 returned 1 networks
00:41 +395 -1: /Users/zackdawood/Documents/Dev/GitHub/bit-switch/test/providers/pairing_provider_test.dart: ... coverage confirmConnectedToDeviceAp retries network fetch when first scan is empty     00:41 +395 -1: /Users/zackdawood/Documents/Dev/GitHub/bit-switch/test/providers/pairing_provider_test.dart: ... coverage confirmConnectedToDeviceAp sets error when getAvailableNetworks throws        00:41 +395 -1: /Users/zackdawood/Documents/Dev/GitHub/bit-switch/test/providers/pairing_provider_test.dart: PairingProvider additional coverage confirmConnectedToDeviceAp sets error when getAvailableNetworks throws
[Pairing] confirmConnectedToDeviceAp: currentSsid=WeMo.AP homeNetworkSsid=null
[Pairing] _discoverDeviceOnAp: probing 10.22.22.1 ports [49153, 49152, 49154, 49151, 49155, 49156, 49157, 49158, 49159]
[Pairing] probeHost result: found WeMo at 10.22.22.1:49153
[Pairing] Device found: WeMo at 10.22.22.1:49153
[Pairing] _fetchAvailableNetworks: device=WeMo host=10.22.22.1:49153
[Pairing] Calling getAvailableNetworks (attempt 1)...
[Pairing] getAvailableNetworks FAILED: _Exception: Exception: scan failed
#0      _ThrowingControlService.getAvailableNetworks (file:///Users/zackdawood/Documents/Dev/GitHub/bit-switch/test/providers/pairing_provider_test.dart:664:5)
#1      PairingProvider._fetchAvailableNetworks (package:bit_switch/providers/pairing_provider.dart:274:33)
<asynchronous suspension>
#2      PairingProvider._discoverDeviceOnAp (package:bit_switch/providers/pairing_provider.dart:174:9)
<asynchronous suspension>
#3      PairingProvider.confirmConnectedToDeviceAp (package:bit_switch/providers/pairing_provider.dart:141:5)
<asynchronous suspension>
#4      main.<anonymous closure>.<anonymous closure>.<anonymous closure> (file:///Users/zackdawood/Documents/Dev/GitHub/bit-switch/test/providers/pairing_provider_test.dart:477:11)
<asynchronous suspension>
#5      Declarer.test.<anonymous closure>.<anonymous closure> (package:test_api/src/backend/declarer.dart:242:9)
<asynchronous suspension>
#6      Declarer.test.<anonymous closure> (package:test_api/src/backend/declarer.dart:240:7)
<asynchronous suspension>
#7      Invoker._waitForOutstandingCallbacks.<anonymous closure> (package:test_api/src/backend/invoker.dart:282:9)
<asynchronous suspension>

00:43 +396 -1: /Users/zackdawood/Documents/Dev/GitHub/bit-switch/test/providers/pairing_provider_test.dart: ... coverage confirmConnectedToDeviceAp sets error when getAvailableNetworks throws        00:43 +396 -1: /Users/zackdawood/Documents/Dev/GitHub/bit-switch/test/providers/pairing_provider_test.dart: PairingProvider additional coverage configureNetwork handles connectToHomeNetwork throw    00:43 +396 -1: /Users/zackdawood/Documents/Dev/GitHub/bit-switch/test/providers/pairing_provider_test.dart: PairingProvider additional coverage configureNetwork handles connectToHomeNetwork throw    
[Pairing] confirmConnectedToDeviceAp: currentSsid=WeMo.AP homeNetworkSsid=null
[Pairing] _discoverDeviceOnAp: probing 10.22.22.1 ports [49153, 49152, 49154, 49151, 49155, 49156, 49157, 49158, 49159]
[Pairing] probeHost result: found WeMo at 10.22.22.1:49153
[Pairing] Device found: WeMo at 10.22.22.1:49153
[Pairing] _fetchAvailableNetworks: device=WeMo host=10.22.22.1:49153
[Pairing] Calling getAvailableNetworks (attempt 1)...
[Pairing] getAvailableNetworks attempt 1 returned 1 networks
00:45 +397 -1: /Users/zackdawood/Documents/Dev/GitHub/bit-switch/test/providers/pairing_provider_test.dart: PairingProvider additional coverage configureNetwork handles connectToHomeNetwork throw    00:45 +397 -1: /Users/zackdawood/Documents/Dev/GitHub/bit-switch/test/providers/pairing_provider_test.dart: PairingProvider additional coverage finalize setup handles discovery stream error          00:45 +398 -1: /Users/zackdawood/Documents/Dev/GitHub/bit-switch/test/providers/pairing_provider_test.dart: PairingProvider additional coverage finalize setup handles discovery stream error          00:45 +398 -1: Some tests failed.                                                                                                                                                                      
